[0.049s] DEBUG:colcon:Command line arguments: ['/usr/bin/colcon', 'build', '--symlink-install', '--packages-select', 'openni2_camera', '--cmake-clean-cache', '--event-handlers', 'console_direct+']
[0.049s] DEBUG:colcon:Parsed command line arguments: Namespace(log_base=None, log_level=None, verb_name='build', build_base='build', install_base='install', merge_install=False, symlink_install=True, test_result_base=None, continue_on_error=False, executor='parallel', parallel_workers=24, event_handlers=['console_direct+'], ignore_user_meta=False, metas=['./colcon.meta'], base_paths=['.'], packages_ignore=None, packages_ignore_regex=None, paths=None, packages_up_to=None, packages_up_to_regex=None, packages_above=None, packages_above_and_dependencies=None, packages_above_depth=None, packages_select_by_dep=None, packages_skip_by_dep=None, packages_skip_up_to=None, packages_select_build_failed=False, packages_skip_build_finished=False, packages_select_test_failures=False, packages_skip_test_passed=False, packages_select=['openni2_camera'], packages_skip=None, packages_select_regex=None, packages_skip_regex=None, packages_start=None, packages_end=None, allow_overriding=[], cmake_args=None, cmake_target=None, cmake_target_skip_unavailable=False, cmake_clean_cache=True, cmake_clean_first=False, cmake_force_configure=False, ament_cmake_args=None, catkin_cmake_args=None, catkin_skip_building_tests=False, mixin_files=None, mixin=None, verb_parser=<colcon_mixin.mixin.mixin_argument.MixinArgumentDecorator object at 0x7843a0a4e5f0>, verb_extension=<colcon_core.verb.build.BuildVerb object at 0x7843a0bcfb80>, main=<bound method BuildVerb.main of <colcon_core.verb.build.BuildVerb object at 0x7843a0bcfb80>>, mixin_verb=('build',))
[0.127s] Level 1:colcon.colcon_core.package_discovery:discover_packages(colcon_meta) check parameters
[0.127s] Level 1:colcon.colcon_core.package_discovery:discover_packages(recursive) check parameters
[0.127s] Level 1:colcon.colcon_core.package_discovery:discover_packages(ignore) check parameters
[0.127s] Level 1:colcon.colcon_core.package_discovery:discover_packages(path) check parameters
[0.127s] Level 1:colcon.colcon_core.package_discovery:discover_packages(colcon_meta) discover
[0.127s] Level 1:colcon.colcon_core.package_discovery:discover_packages(recursive) discover
[0.127s] INFO:colcon.colcon_core.package_discovery:Crawling recursively for packages in '/home/robo/jdcobot200_imitation_learning/depth_cam'
[0.127s] Level 1:colcon.colcon_core.package_identification:_identify(.) by extensions ['ignore', 'ignore_ament_install']
[0.127s] Level 1:colcon.colcon_core.package_identification:_identify(.) by extension 'ignore'
[0.127s] Level 1:colcon.colcon_core.package_identification:_identify(.) by extension 'ignore_ament_install'
[0.127s] Level 1:colcon.colcon_core.package_identification:_identify(.) by extensions ['colcon_pkg']
[0.127s] Level 1:colcon.colcon_core.package_identification:_identify(.) by extension 'colcon_pkg'
[0.127s] Level 1:colcon.colcon_core.package_identification:_identify(.) by extensions ['colcon_meta']
[0.127s] Level 1:colcon.colcon_core.package_identification:_identify(.) by extension 'colcon_meta'
[0.127s] Level 1:colcon.colcon_core.package_identification:_identify(.) by extensions ['ros']
[0.127s] Level 1:colcon.colcon_core.package_identification:_identify(.) by extension 'ros'
[0.132s] Level 1:colcon.colcon_core.package_identification:_identify(.) by extensions ['cmake', 'python']
[0.132s] Level 1:colcon.colcon_core.package_identification:_identify(.) by extension 'cmake'
[0.132s] Level 1:colcon.colcon_core.package_identification:_identify(.) by extension 'python'
[0.133s] Level 1:colcon.colcon_core.package_identification:_identify(.) by extensions ['python_setup_py']
[0.133s] Level 1:colcon.colcon_core.package_identification:_identify(.) by extension 'python_setup_py'
[0.133s] Level 1:colcon.colcon_core.package_identification:_identify(build) by extensions ['ignore', 'ignore_ament_install']
[0.133s] Level 1:colcon.colcon_core.package_identification:_identify(build) by extension 'ignore'
[0.133s] Level 1:colcon.colcon_core.package_identification:_identify(build) ignored
[0.133s] Level 1:colcon.colcon_core.package_identification:_identify(install) by extensions ['ignore', 'ignore_ament_install']
[0.133s] Level 1:colcon.colcon_core.package_identification:_identify(install) by extension 'ignore'
[0.133s] Level 1:colcon.colcon_core.package_identification:_identify(install) ignored
[0.133s] Level 1:colcon.colcon_core.package_identification:_identify(log) by extensions ['ignore', 'ignore_ament_install']
[0.133s] Level 1:colcon.colcon_core.package_identification:_identify(log) by extension 'ignore'
[0.133s] Level 1:colcon.colcon_core.package_identification:_identify(log) ignored
[0.133s] Level 1:colcon.colcon_core.package_identification:_identify(src) by extensions ['ignore', 'ignore_ament_install']
[0.133s] Level 1:colcon.colcon_core.package_identification:_identify(src) by extension 'ignore'
[0.133s] Level 1:colcon.colcon_core.package_identification:_identify(src) by extension 'ignore_ament_install'
[0.133s] Level 1:colcon.colcon_core.package_identification:_identify(src) by extensions ['colcon_pkg']
[0.133s] Level 1:colcon.colcon_core.package_identification:_identify(src) by extension 'colcon_pkg'
[0.133s] Level 1:colcon.colcon_core.package_identification:_identify(src) by extensions ['colcon_meta']
[0.133s] Level 1:colcon.colcon_core.package_identification:_identify(src) by extension 'colcon_meta'
[0.133s] Level 1:colcon.colcon_core.package_identification:_identify(src) by extensions ['ros']
[0.133s] Level 1:colcon.colcon_core.package_identification:_identify(src) by extension 'ros'
[0.133s] Level 1:colcon.colcon_core.package_identification:_identify(src) by extensions ['cmake', 'python']
[0.133s] Level 1:colcon.colcon_core.package_identification:_identify(src) by extension 'cmake'
[0.133s] Level 1:colcon.colcon_core.package_identification:_identify(src) by extension 'python'
[0.133s] Level 1:colcon.colcon_core.package_identification:_identify(src) by extensions ['python_setup_py']
[0.133s] Level 1:colcon.colcon_core.package_identification:_identify(src) by extension 'python_setup_py'
[0.133s] Level 1:colcon.colcon_core.package_identification:_identify(src/openni2_camera) by extensions ['ignore', 'ignore_ament_install']
[0.133s] Level 1:colcon.colcon_core.package_identification:_identify(src/openni2_camera) by extension 'ignore'
[0.133s] Level 1:colcon.colcon_core.package_identification:_identify(src/openni2_camera) by extension 'ignore_ament_install'
[0.133s] Level 1:colcon.colcon_core.package_identification:_identify(src/openni2_camera) by extensions ['colcon_pkg']
[0.133s] Level 1:colcon.colcon_core.package_identification:_identify(src/openni2_camera) by extension 'colcon_pkg'
[0.133s] Level 1:colcon.colcon_core.package_identification:_identify(src/openni2_camera) by extensions ['colcon_meta']
[0.133s] Level 1:colcon.colcon_core.package_identification:_identify(src/openni2_camera) by extension 'colcon_meta'
[0.133s] Level 1:colcon.colcon_core.package_identification:_identify(src/openni2_camera) by extensions ['ros']
[0.133s] Level 1:colcon.colcon_core.package_identification:_identify(src/openni2_camera) by extension 'ros'
[0.133s] Level 1:colcon.colcon_core.package_identification:_identify(src/openni2_camera) by extensions ['cmake', 'python']
[0.133s] Level 1:colcon.colcon_core.package_identification:_identify(src/openni2_camera) by extension 'cmake'
[0.133s] Level 1:colcon.colcon_core.package_identification:_identify(src/openni2_camera) by extension 'python'
[0.133s] Level 1:colcon.colcon_core.package_identification:_identify(src/openni2_camera) by extensions ['python_setup_py']
[0.133s] Level 1:colcon.colcon_core.package_identification:_identify(src/openni2_camera) by extension 'python_setup_py'
[0.133s] Level 1:colcon.colcon_core.package_identification:_identify(src/openni2_camera/openni2_camera) by extensions ['ignore', 'ignore_ament_install']
[0.133s] Level 1:colcon.colcon_core.package_identification:_identify(src/openni2_camera/openni2_camera) by extension 'ignore'
[0.133s] Level 1:colcon.colcon_core.package_identification:_identify(src/openni2_camera/openni2_camera) by extension 'ignore_ament_install'
[0.133s] Level 1:colcon.colcon_core.package_identification:_identify(src/openni2_camera/openni2_camera) by extensions ['colcon_pkg']
[0.133s] Level 1:colcon.colcon_core.package_identification:_identify(src/openni2_camera/openni2_camera) by extension 'colcon_pkg'
[0.133s] Level 1:colcon.colcon_core.package_identification:_identify(src/openni2_camera/openni2_camera) by extensions ['colcon_meta']
[0.133s] Level 1:colcon.colcon_core.package_identification:_identify(src/openni2_camera/openni2_camera) by extension 'colcon_meta'
[0.133s] Level 1:colcon.colcon_core.package_identification:_identify(src/openni2_camera/openni2_camera) by extensions ['ros']
[0.134s] Level 1:colcon.colcon_core.package_identification:_identify(src/openni2_camera/openni2_camera) by extension 'ros'
[0.135s] DEBUG:colcon.colcon_core.package_identification:Package 'src/openni2_camera/openni2_camera' with type 'ros.ament_cmake' and name 'openni2_camera'
[0.135s] Level 1:colcon.colcon_core.package_identification:_identify(src/openni2_camera/openni2_launch) by extensions ['ignore', 'ignore_ament_install']
[0.135s] Level 1:colcon.colcon_core.package_identification:_identify(src/openni2_camera/openni2_launch) by extension 'ignore'
[0.135s] Level 1:colcon.colcon_core.package_identification:_identify(src/openni2_camera/openni2_launch) by extension 'ignore_ament_install'
[0.135s] Level 1:colcon.colcon_core.package_identification:_identify(src/openni2_camera/openni2_launch) by extensions ['colcon_pkg']
[0.135s] Level 1:colcon.colcon_core.package_identification:_identify(src/openni2_camera/openni2_launch) by extension 'colcon_pkg'
[0.135s] Level 1:colcon.colcon_core.package_identification:_identify(src/openni2_camera/openni2_launch) by extensions ['colcon_meta']
[0.135s] Level 1:colcon.colcon_core.package_identification:_identify(src/openni2_camera/openni2_launch) by extension 'colcon_meta'
[0.135s] Level 1:colcon.colcon_core.package_identification:_identify(src/openni2_camera/openni2_launch) by extensions ['ros']
[0.135s] Level 1:colcon.colcon_core.package_identification:_identify(src/openni2_camera/openni2_launch) by extension 'ros'
[0.135s] Level 1:colcon.colcon_core.package_identification:_identify(src/openni2_camera/openni2_launch) ignored
[0.135s] Level 1:colcon.colcon_core.package_discovery:discover_packages(recursive) using defaults
[0.135s] Level 1:colcon.colcon_core.package_discovery:discover_packages(ignore) discover
[0.135s] Level 1:colcon.colcon_core.package_discovery:discover_packages(ignore) using defaults
[0.135s] Level 1:colcon.colcon_core.package_discovery:discover_packages(path) discover
[0.135s] Level 1:colcon.colcon_core.package_discovery:discover_packages(path) using defaults
[0.149s] Level 1:colcon.colcon_core.package_discovery:discover_packages(prefix_path) check parameters
[0.149s] Level 1:colcon.colcon_core.package_discovery:discover_packages(prefix_path) discover
[0.150s] DEBUG:colcon.colcon_installed_package_information.package_discovery:Found 329 installed packages in /opt/ros/humble
[0.151s] Level 1:colcon.colcon_core.package_discovery:discover_packages(prefix_path) using defaults
[0.169s] Level 5:colcon.colcon_core.verb:set package 'openni2_camera' build argument 'cmake_args' from command line to 'None'
[0.169s] Level 5:colcon.colcon_core.verb:set package 'openni2_camera' build argument 'cmake_target' from command line to 'None'
[0.169s] Level 5:colcon.colcon_core.verb:set package 'openni2_camera' build argument 'cmake_target_skip_unavailable' from command line to 'False'
[0.169s] Level 5:colcon.colcon_core.verb:set package 'openni2_camera' build argument 'cmake_clean_cache' from command line to 'True'
[0.169s] Level 5:colcon.colcon_core.verb:set package 'openni2_camera' build argument 'cmake_clean_first' from command line to 'False'
[0.169s] Level 5:colcon.colcon_core.verb:set package 'openni2_camera' build argument 'cmake_force_configure' from command line to 'False'
[0.169s] Level 5:colcon.colcon_core.verb:set package 'openni2_camera' build argument 'ament_cmake_args' from command line to 'None'
[0.169s] Level 5:colcon.colcon_core.verb:set package 'openni2_camera' build argument 'catkin_cmake_args' from command line to 'None'
[0.170s] Level 5:colcon.colcon_core.verb:set package 'openni2_camera' build argument 'catkin_skip_building_tests' from command line to 'False'
[0.170s] DEBUG:colcon.colcon_core.verb:Building package 'openni2_camera' with the following arguments: {'ament_cmake_args': None, 'build_base': '/home/robo/jdcobot200_imitation_learning/depth_cam/build/openni2_camera', 'catkin_cmake_args': None, 'catkin_skip_building_tests': False, 'cmake_args': None, 'cmake_clean_cache': True, 'cmake_clean_first': False, 'cmake_force_configure': False, 'cmake_target': None, 'cmake_target_skip_unavailable': False, 'install_base': '/home/robo/jdcobot200_imitation_learning/depth_cam/install/openni2_camera', 'merge_install': False, 'path': '/home/robo/jdcobot200_imitation_learning/depth_cam/src/openni2_camera/openni2_camera', 'symlink_install': True, 'test_result_base': None}
[0.170s] INFO:colcon.colcon_core.executor:Executing jobs using 'parallel' executor
[0.170s] DEBUG:colcon.colcon_parallel_executor.executor.parallel:run_until_complete
[0.170s] INFO:colcon.colcon_ros.task.ament_cmake.build:Building ROS package in '/home/robo/jdcobot200_imitation_learning/depth_cam/src/openni2_camera/openni2_camera' with build type 'ament_cmake'
[0.170s] INFO:colcon.colcon_cmake.task.cmake.build:Building CMake package in '/home/robo/jdcobot200_imitation_learning/depth_cam/src/openni2_camera/openni2_camera'
[0.171s] INFO:colcon.colcon_core.plugin_system:Skipping extension 'colcon_core.shell.bat': Not used on non-Windows systems
[0.171s] INFO:colcon.colcon_core.shell:Skip shell extension 'powershell' for command environment: Not usable outside of PowerShell
[0.171s] DEBUG:colcon.colcon_core.shell:Skip shell extension 'dsv' for command environment
[0.176s] DEBUG:colcon.colcon_core.event_handler.log_command:Invoking command in '/home/robo/jdcobot200_imitation_learning/depth_cam/build/openni2_camera': CMAKE_PREFIX_PATH=/opt/ros/humble /usr/bin/cmake /home/robo/jdcobot200_imitation_learning/depth_cam/src/openni2_camera/openni2_camera -DAMENT_CMAKE_SYMLINK_INSTALL=1 -DCMAKE_INSTALL_PREFIX=/home/robo/jdcobot200_imitation_learning/depth_cam/install/openni2_camera
[1.725s] DEBUG:colcon.colcon_core.event_handler.log_command:Invoked command in '/home/robo/jdcobot200_imitation_learning/depth_cam/build/openni2_camera' returned '0': CMAKE_PREFIX_PATH=/opt/ros/humble /usr/bin/cmake /home/robo/jdcobot200_imitation_learning/depth_cam/src/openni2_camera/openni2_camera -DAMENT_CMAKE_SYMLINK_INSTALL=1 -DCMAKE_INSTALL_PREFIX=/home/robo/jdcobot200_imitation_learning/depth_cam/install/openni2_camera
[1.726s] DEBUG:colcon.colcon_core.event_handler.log_command:Invoking command in '/home/robo/jdcobot200_imitation_learning/depth_cam/build/openni2_camera': CMAKE_PREFIX_PATH=/opt/ros/humble /usr/bin/cmake --build /home/robo/jdcobot200_imitation_learning/depth_cam/build/openni2_camera -- -j24 -l24
[6.488s] DEBUG:colcon.colcon_core.event_handler.log_command:Invoked command in '/home/robo/jdcobot200_imitation_learning/depth_cam/build/openni2_camera' returned '0': CMAKE_PREFIX_PATH=/opt/ros/humble /usr/bin/cmake --build /home/robo/jdcobot200_imitation_learning/depth_cam/build/openni2_camera -- -j24 -l24
[6.495s] DEBUG:colcon.colcon_core.event_handler.log_command:Invoking command in '/home/robo/jdcobot200_imitation_learning/depth_cam/build/openni2_camera': CMAKE_PREFIX_PATH=/opt/ros/humble /usr/bin/cmake --install /home/robo/jdcobot200_imitation_learning/depth_cam/build/openni2_camera
[30.176s] Level 1:colcon.colcon_core.environment:create_environment_scripts_only(openni2_camera)
[30.177s] DEBUG:colcon.colcon_core.event_handler.log_command:Invoked command in '/home/robo/jdcobot200_imitation_learning/depth_cam/build/openni2_camera' returned '0': CMAKE_PREFIX_PATH=/opt/ros/humble /usr/bin/cmake --install /home/robo/jdcobot200_imitation_learning/depth_cam/build/openni2_camera
[30.182s] Level 1:colcon.colcon_core.environment:checking '/home/robo/jdcobot200_imitation_learning/depth_cam/install/openni2_camera' for CMake module files
[30.183s] Level 1:colcon.colcon_core.environment:checking '/home/robo/jdcobot200_imitation_learning/depth_cam/install/openni2_camera' for CMake config files
[30.184s] Level 1:colcon.colcon_core.shell:create_environment_hook('openni2_camera', 'cmake_prefix_path')
[30.184s] INFO:colcon.colcon_core.shell:Creating environment hook '/home/robo/jdcobot200_imitation_learning/depth_cam/install/openni2_camera/share/openni2_camera/hook/cmake_prefix_path.ps1'
[30.188s] INFO:colcon.colcon_core.shell:Creating environment descriptor '/home/robo/jdcobot200_imitation_learning/depth_cam/install/openni2_camera/share/openni2_camera/hook/cmake_prefix_path.dsv'
[30.189s] INFO:colcon.colcon_core.shell:Creating environment hook '/home/robo/jdcobot200_imitation_learning/depth_cam/install/openni2_camera/share/openni2_camera/hook/cmake_prefix_path.sh'
[30.190s] Level 1:colcon.colcon_core.environment:checking '/home/robo/jdcobot200_imitation_learning/depth_cam/install/openni2_camera/lib'
[30.191s] Level 1:colcon.colcon_core.shell:create_environment_hook('openni2_camera', 'ld_library_path_lib')
[30.191s] INFO:colcon.colcon_core.shell:Creating environment hook '/home/robo/jdcobot200_imitation_learning/depth_cam/install/openni2_camera/share/openni2_camera/hook/ld_library_path_lib.ps1'
[30.191s] INFO:colcon.colcon_core.shell:Creating environment descriptor '/home/robo/jdcobot200_imitation_learning/depth_cam/install/openni2_camera/share/openni2_camera/hook/ld_library_path_lib.dsv'
[30.192s] INFO:colcon.colcon_core.shell:Creating environment hook '/home/robo/jdcobot200_imitation_learning/depth_cam/install/openni2_camera/share/openni2_camera/hook/ld_library_path_lib.sh'
[30.192s] Level 1:colcon.colcon_core.environment:checking '/home/robo/jdcobot200_imitation_learning/depth_cam/install/openni2_camera/bin'
[30.192s] Level 1:colcon.colcon_core.environment:checking '/home/robo/jdcobot200_imitation_learning/depth_cam/install/openni2_camera/lib/pkgconfig/openni2_camera.pc'
[30.193s] Level 1:colcon.colcon_core.environment:checking '/home/robo/jdcobot200_imitation_learning/depth_cam/install/openni2_camera/lib/python3.10/site-packages'
[30.193s] Level 1:colcon.colcon_core.environment:checking '/home/robo/jdcobot200_imitation_learning/depth_cam/install/openni2_camera/bin'
[30.194s] INFO:colcon.colcon_core.shell:Creating package script '/home/robo/jdcobot200_imitation_learning/depth_cam/install/openni2_camera/share/openni2_camera/package.ps1'
[30.194s] INFO:colcon.colcon_core.shell:Creating package descriptor '/home/robo/jdcobot200_imitation_learning/depth_cam/install/openni2_camera/share/openni2_camera/package.dsv'
[30.195s] INFO:colcon.colcon_core.shell:Creating package script '/home/robo/jdcobot200_imitation_learning/depth_cam/install/openni2_camera/share/openni2_camera/package.sh'
[30.196s] INFO:colcon.colcon_core.shell:Creating package script '/home/robo/jdcobot200_imitation_learning/depth_cam/install/openni2_camera/share/openni2_camera/package.bash'
[30.196s] INFO:colcon.colcon_core.shell:Creating package script '/home/robo/jdcobot200_imitation_learning/depth_cam/install/openni2_camera/share/openni2_camera/package.zsh'
[30.197s] Level 1:colcon.colcon_core.environment:create_file_with_runtime_dependencies(/home/robo/jdcobot200_imitation_learning/depth_cam/install/openni2_camera/share/colcon-core/packages/openni2_camera)
[30.197s] Level 1:colcon.colcon_core.environment:create_environment_scripts_only(openni2_camera)
[30.197s] Level 1:colcon.colcon_core.environment:checking '/home/robo/jdcobot200_imitation_learning/depth_cam/install/openni2_camera' for CMake module files
[30.198s] Level 1:colcon.colcon_core.environment:checking '/home/robo/jdcobot200_imitation_learning/depth_cam/install/openni2_camera' for CMake config files
[30.198s] Level 1:colcon.colcon_core.shell:create_environment_hook('openni2_camera', 'cmake_prefix_path')
[30.198s] INFO:colcon.colcon_core.shell:Creating environment hook '/home/robo/jdcobot200_imitation_learning/depth_cam/install/openni2_camera/share/openni2_camera/hook/cmake_prefix_path.ps1'
[30.199s] INFO:colcon.colcon_core.shell:Creating environment descriptor '/home/robo/jdcobot200_imitation_learning/depth_cam/install/openni2_camera/share/openni2_camera/hook/cmake_prefix_path.dsv'
[30.199s] INFO:colcon.colcon_core.shell:Creating environment hook '/home/robo/jdcobot200_imitation_learning/depth_cam/install/openni2_camera/share/openni2_camera/hook/cmake_prefix_path.sh'
[30.199s] Level 1:colcon.colcon_core.environment:checking '/home/robo/jdcobot200_imitation_learning/depth_cam/install/openni2_camera/lib'
[30.199s] Level 1:colcon.colcon_core.shell:create_environment_hook('openni2_camera', 'ld_library_path_lib')
[30.199s] INFO:colcon.colcon_core.shell:Creating environment hook '/home/robo/jdcobot200_imitation_learning/depth_cam/install/openni2_camera/share/openni2_camera/hook/ld_library_path_lib.ps1'
[30.199s] INFO:colcon.colcon_core.shell:Creating environment descriptor '/home/robo/jdcobot200_imitation_learning/depth_cam/install/openni2_camera/share/openni2_camera/hook/ld_library_path_lib.dsv'
[30.200s] INFO:colcon.colcon_core.shell:Creating environment hook '/home/robo/jdcobot200_imitation_learning/depth_cam/install/openni2_camera/share/openni2_camera/hook/ld_library_path_lib.sh'
[30.200s] Level 1:colcon.colcon_core.environment:checking '/home/robo/jdcobot200_imitation_learning/depth_cam/install/openni2_camera/bin'
[30.200s] Level 1:colcon.colcon_core.environment:checking '/home/robo/jdcobot200_imitation_learning/depth_cam/install/openni2_camera/lib/pkgconfig/openni2_camera.pc'
[30.200s] Level 1:colcon.colcon_core.environment:checking '/home/robo/jdcobot200_imitation_learning/depth_cam/install/openni2_camera/lib/python3.10/site-packages'
[30.200s] Level 1:colcon.colcon_core.environment:checking '/home/robo/jdcobot200_imitation_learning/depth_cam/install/openni2_camera/bin'
[30.200s] INFO:colcon.colcon_core.shell:Creating package script '/home/robo/jdcobot200_imitation_learning/depth_cam/install/openni2_camera/share/openni2_camera/package.ps1'
[30.201s] INFO:colcon.colcon_core.shell:Creating package descriptor '/home/robo/jdcobot200_imitation_learning/depth_cam/install/openni2_camera/share/openni2_camera/package.dsv'
[30.201s] INFO:colcon.colcon_core.shell:Creating package script '/home/robo/jdcobot200_imitation_learning/depth_cam/install/openni2_camera/share/openni2_camera/package.sh'
[30.201s] INFO:colcon.colcon_core.shell:Creating package script '/home/robo/jdcobot200_imitation_learning/depth_cam/install/openni2_camera/share/openni2_camera/package.bash'
[30.201s] INFO:colcon.colcon_core.shell:Creating package script '/home/robo/jdcobot200_imitation_learning/depth_cam/install/openni2_camera/share/openni2_camera/package.zsh'
[30.201s] Level 1:colcon.colcon_core.environment:create_file_with_runtime_dependencies(/home/robo/jdcobot200_imitation_learning/depth_cam/install/openni2_camera/share/colcon-core/packages/openni2_camera)
[30.201s] DEBUG:colcon.colcon_parallel_executor.executor.parallel:closing loop
[30.202s] DEBUG:colcon.colcon_parallel_executor.executor.parallel:loop closed
[30.202s] DEBUG:colcon.colcon_parallel_executor.executor.parallel:run_until_complete finished with '0'
[30.202s] DEBUG:colcon.colcon_core.event_reactor:joining thread
[30.204s] INFO:colcon.colcon_core.plugin_system:Skipping extension 'colcon_notification.desktop_notification.terminal_notifier': Not used on non-Darwin systems
[30.204s] INFO:colcon.colcon_core.plugin_system:Skipping extension 'colcon_notification.desktop_notification.win32': Not used on non-Windows systems
[30.204s] INFO:colcon.colcon_notification.desktop_notification:Sending desktop notification using 'notify2'
[30.204s] DEBUG:colcon.colcon_notification.desktop_notification.notify2:Failed to initialize notify2: org.freedesktop.DBus.Error.AccessDenied: Failed to connect to socket /run/user/1000/bus: Operation not permitted
[30.204s] DEBUG:colcon.colcon_core.event_reactor:joined thread
[30.205s] INFO:colcon.colcon_core.shell:Creating prefix script '/home/robo/jdcobot200_imitation_learning/depth_cam/install/local_setup.ps1'
[30.205s] INFO:colcon.colcon_core.shell:Creating prefix util module '/home/robo/jdcobot200_imitation_learning/depth_cam/install/_local_setup_util_ps1.py'
[30.206s] INFO:colcon.colcon_core.shell:Creating prefix chain script '/home/robo/jdcobot200_imitation_learning/depth_cam/install/setup.ps1'
[30.206s] INFO:colcon.colcon_core.shell:Creating prefix script '/home/robo/jdcobot200_imitation_learning/depth_cam/install/local_setup.sh'
[30.206s] INFO:colcon.colcon_core.shell:Creating prefix util module '/home/robo/jdcobot200_imitation_learning/depth_cam/install/_local_setup_util_sh.py'
[30.206s] INFO:colcon.colcon_core.shell:Creating prefix chain script '/home/robo/jdcobot200_imitation_learning/depth_cam/install/setup.sh'
[30.207s] INFO:colcon.colcon_core.shell:Creating prefix script '/home/robo/jdcobot200_imitation_learning/depth_cam/install/local_setup.bash'
[30.207s] INFO:colcon.colcon_core.shell:Creating prefix chain script '/home/robo/jdcobot200_imitation_learning/depth_cam/install/setup.bash'
[30.207s] INFO:colcon.colcon_core.shell:Creating prefix script '/home/robo/jdcobot200_imitation_learning/depth_cam/install/local_setup.zsh'
[30.208s] INFO:colcon.colcon_core.shell:Creating prefix chain script '/home/robo/jdcobot200_imitation_learning/depth_cam/install/setup.zsh'
