[0.060s] DEBUG:colcon:Command line arguments: ['/usr/bin/colcon', 'build', '--symlink-install', '--packages-select', 'astra_camera', '--event-handlers', 'console_direct+', '--cmake-args', '-DCMAKE_BUILD_TYPE=Release']
[0.060s] DEBUG:colcon:Parsed command line arguments: Namespace(log_base=None, log_level=None, verb_name='build', build_base='build', install_base='install', merge_install=False, symlink_install=True, test_result_base=None, continue_on_error=False, executor='parallel', parallel_workers=24, event_handlers=['console_direct+'], ignore_user_meta=False, metas=['./colcon.meta'], base_paths=['.'], packages_ignore=None, packages_ignore_regex=None, paths=None, packages_up_to=None, packages_up_to_regex=None, packages_above=None, packages_above_and_dependencies=None, packages_above_depth=None, packages_select_by_dep=None, packages_skip_by_dep=None, packages_skip_up_to=None, packages_select_build_failed=False, packages_skip_build_finished=False, packages_select_test_failures=False, packages_skip_test_passed=False, packages_select=['astra_camera'], packages_skip=None, packages_select_regex=None, packages_skip_regex=None, packages_start=None, packages_end=None, allow_overriding=[], cmake_args=['-DCMAKE_BUILD_TYPE=Release'], cmake_target=None, cmake_target_skip_unavailable=False, cmake_clean_cache=False, cmake_clean_first=False, cmake_force_configure=False, ament_cmake_args=None, catkin_cmake_args=None, catkin_skip_building_tests=False, mixin_files=None, mixin=None, verb_parser=<colcon_mixin.mixin.mixin_argument.MixinArgumentDecorator object at 0x771747352ad0>, verb_extension=<colcon_core.verb.build.BuildVerb object at 0x7717474cf790>, main=<bound method BuildVerb.main of <colcon_core.verb.build.BuildVerb object at 0x7717474cf790>>, mixin_verb=('build',))
[0.141s] Level 1:colcon.colcon_core.package_discovery:discover_packages(colcon_meta) check parameters
[0.141s] Level 1:colcon.colcon_core.package_discovery:discover_packages(recursive) check parameters
[0.141s] Level 1:colcon.colcon_core.package_discovery:discover_packages(ignore) check parameters
[0.141s] Level 1:colcon.colcon_core.package_discovery:discover_packages(path) check parameters
[0.141s] Level 1:colcon.colcon_core.package_discovery:discover_packages(colcon_meta) discover
[0.141s] Level 1:colcon.colcon_core.package_discovery:discover_packages(recursive) discover
[0.141s] INFO:colcon.colcon_core.package_discovery:Crawling recursively for packages in '/home/robo/jdcobot200_imitation_learning/depth_cam'
[0.141s] Level 1:colcon.colcon_core.package_identification:_identify(.) by extensions ['ignore', 'ignore_ament_install']
[0.141s] Level 1:colcon.colcon_core.package_identification:_identify(.) by extension 'ignore'
[0.141s] Level 1:colcon.colcon_core.package_identification:_identify(.) by extension 'ignore_ament_install'
[0.141s] Level 1:colcon.colcon_core.package_identification:_identify(.) by extensions ['colcon_pkg']
[0.141s] Level 1:colcon.colcon_core.package_identification:_identify(.) by extension 'colcon_pkg'
[0.141s] Level 1:colcon.colcon_core.package_identification:_identify(.) by extensions ['colcon_meta']
[0.141s] Level 1:colcon.colcon_core.package_identification:_identify(.) by extension 'colcon_meta'
[0.141s] Level 1:colcon.colcon_core.package_identification:_identify(.) by extensions ['ros']
[0.141s] Level 1:colcon.colcon_core.package_identification:_identify(.) by extension 'ros'
[0.146s] Level 1:colcon.colcon_core.package_identification:_identify(.) by extensions ['cmake', 'python']
[0.146s] Level 1:colcon.colcon_core.package_identification:_identify(.) by extension 'cmake'
[0.146s] Level 1:colcon.colcon_core.package_identification:_identify(.) by extension 'python'
[0.146s] Level 1:colcon.colcon_core.package_identification:_identify(.) by extensions ['python_setup_py']
[0.146s] Level 1:colcon.colcon_core.package_identification:_identify(.) by extension 'python_setup_py'
[0.146s] Level 1:colcon.colcon_core.package_identification:_identify(build) by extensions ['ignore', 'ignore_ament_install']
[0.146s] Level 1:colcon.colcon_core.package_identification:_identify(build) by extension 'ignore'
[0.146s] Level 1:colcon.colcon_core.package_identification:_identify(build) ignored
[0.146s] Level 1:colcon.colcon_core.package_identification:_identify(install) by extensions ['ignore', 'ignore_ament_install']
[0.146s] Level 1:colcon.colcon_core.package_identification:_identify(install) by extension 'ignore'
[0.146s] Level 1:colcon.colcon_core.package_identification:_identify(install) ignored
[0.146s] Level 1:colcon.colcon_core.package_identification:_identify(local) by extensions ['ignore', 'ignore_ament_install']
[0.147s] Level 1:colcon.colcon_core.package_identification:_identify(local) by extension 'ignore'
[0.147s] Level 1:colcon.colcon_core.package_identification:_identify(local) by extension 'ignore_ament_install'
[0.147s] Level 1:colcon.colcon_core.package_identification:_identify(local) by extensions ['colcon_pkg']
[0.147s] Level 1:colcon.colcon_core.package_identification:_identify(local) by extension 'colcon_pkg'
[0.147s] Level 1:colcon.colcon_core.package_identification:_identify(local) by extensions ['colcon_meta']
[0.147s] Level 1:colcon.colcon_core.package_identification:_identify(local) by extension 'colcon_meta'
[0.147s] Level 1:colcon.colcon_core.package_identification:_identify(local) by extensions ['ros']
[0.147s] Level 1:colcon.colcon_core.package_identification:_identify(local) by extension 'ros'
[0.147s] Level 1:colcon.colcon_core.package_identification:_identify(local) by extensions ['cmake', 'python']
[0.147s] Level 1:colcon.colcon_core.package_identification:_identify(local) by extension 'cmake'
[0.147s] Level 1:colcon.colcon_core.package_identification:_identify(local) by extension 'python'
[0.147s] Level 1:colcon.colcon_core.package_identification:_identify(local) by extensions ['python_setup_py']
[0.147s] Level 1:colcon.colcon_core.package_identification:_identify(local) by extension 'python_setup_py'
[0.147s] Level 1:colcon.colcon_core.package_identification:_identify(local/include) by extensions ['ignore', 'ignore_ament_install']
[0.147s] Level 1:colcon.colcon_core.package_identification:_identify(local/include) by extension 'ignore'
[0.147s] Level 1:colcon.colcon_core.package_identification:_identify(local/include) by extension 'ignore_ament_install'
[0.147s] Level 1:colcon.colcon_core.package_identification:_identify(local/include) by extensions ['colcon_pkg']
[0.147s] Level 1:colcon.colcon_core.package_identification:_identify(local/include) by extension 'colcon_pkg'
[0.147s] Level 1:colcon.colcon_core.package_identification:_identify(local/include) by extensions ['colcon_meta']
[0.147s] Level 1:colcon.colcon_core.package_identification:_identify(local/include) by extension 'colcon_meta'
[0.147s] Level 1:colcon.colcon_core.package_identification:_identify(local/include) by extensions ['ros']
[0.147s] Level 1:colcon.colcon_core.package_identification:_identify(local/include) by extension 'ros'
[0.147s] Level 1:colcon.colcon_core.package_identification:_identify(local/include) by extensions ['cmake', 'python']
[0.147s] Level 1:colcon.colcon_core.package_identification:_identify(local/include) by extension 'cmake'
[0.147s] Level 1:colcon.colcon_core.package_identification:_identify(local/include) by extension 'python'
[0.147s] Level 1:colcon.colcon_core.package_identification:_identify(local/include) by extensions ['python_setup_py']
[0.147s] Level 1:colcon.colcon_core.package_identification:_identify(local/include) by extension 'python_setup_py'
[0.147s] Level 1:colcon.colcon_core.package_identification:_identify(local/include/libuvc) by extensions ['ignore', 'ignore_ament_install']
[0.147s] Level 1:colcon.colcon_core.package_identification:_identify(local/include/libuvc) by extension 'ignore'
[0.147s] Level 1:colcon.colcon_core.package_identification:_identify(local/include/libuvc) by extension 'ignore_ament_install'
[0.147s] Level 1:colcon.colcon_core.package_identification:_identify(local/include/libuvc) by extensions ['colcon_pkg']
[0.147s] Level 1:colcon.colcon_core.package_identification:_identify(local/include/libuvc) by extension 'colcon_pkg'
[0.147s] Level 1:colcon.colcon_core.package_identification:_identify(local/include/libuvc) by extensions ['colcon_meta']
[0.147s] Level 1:colcon.colcon_core.package_identification:_identify(local/include/libuvc) by extension 'colcon_meta'
[0.147s] Level 1:colcon.colcon_core.package_identification:_identify(local/include/libuvc) by extensions ['ros']
[0.147s] Level 1:colcon.colcon_core.package_identification:_identify(local/include/libuvc) by extension 'ros'
[0.147s] Level 1:colcon.colcon_core.package_identification:_identify(local/include/libuvc) by extensions ['cmake', 'python']
[0.147s] Level 1:colcon.colcon_core.package_identification:_identify(local/include/libuvc) by extension 'cmake'
[0.147s] Level 1:colcon.colcon_core.package_identification:_identify(local/include/libuvc) by extension 'python'
[0.147s] Level 1:colcon.colcon_core.package_identification:_identify(local/include/libuvc) by extensions ['python_setup_py']
[0.147s] Level 1:colcon.colcon_core.package_identification:_identify(local/include/libuvc) by extension 'python_setup_py'
[0.147s] Level 1:colcon.colcon_core.package_identification:_identify(local/lib) by extensions ['ignore', 'ignore_ament_install']
[0.147s] Level 1:colcon.colcon_core.package_identification:_identify(local/lib) by extension 'ignore'
[0.147s] Level 1:colcon.colcon_core.package_identification:_identify(local/lib) by extension 'ignore_ament_install'
[0.147s] Level 1:colcon.colcon_core.package_identification:_identify(local/lib) by extensions ['colcon_pkg']
[0.147s] Level 1:colcon.colcon_core.package_identification:_identify(local/lib) by extension 'colcon_pkg'
[0.147s] Level 1:colcon.colcon_core.package_identification:_identify(local/lib) by extensions ['colcon_meta']
[0.147s] Level 1:colcon.colcon_core.package_identification:_identify(local/lib) by extension 'colcon_meta'
[0.147s] Level 1:colcon.colcon_core.package_identification:_identify(local/lib) by extensions ['ros']
[0.147s] Level 1:colcon.colcon_core.package_identification:_identify(local/lib) by extension 'ros'
[0.147s] Level 1:colcon.colcon_core.package_identification:_identify(local/lib) by extensions ['cmake', 'python']
[0.147s] Level 1:colcon.colcon_core.package_identification:_identify(local/lib) by extension 'cmake'
[0.147s] Level 1:colcon.colcon_core.package_identification:_identify(local/lib) by extension 'python'
[0.147s] Level 1:colcon.colcon_core.package_identification:_identify(local/lib) by extensions ['python_setup_py']
[0.147s] Level 1:colcon.colcon_core.package_identification:_identify(local/lib) by extension 'python_setup_py'
[0.147s] Level 1:colcon.colcon_core.package_identification:_identify(local/lib/cmake) by extensions ['ignore', 'ignore_ament_install']
[0.148s] Level 1:colcon.colcon_core.package_identification:_identify(local/lib/cmake) by extension 'ignore'
[0.148s] Level 1:colcon.colcon_core.package_identification:_identify(local/lib/cmake) by extension 'ignore_ament_install'
[0.148s] Level 1:colcon.colcon_core.package_identification:_identify(local/lib/cmake) by extensions ['colcon_pkg']
[0.148s] Level 1:colcon.colcon_core.package_identification:_identify(local/lib/cmake) by extension 'colcon_pkg'
[0.148s] Level 1:colcon.colcon_core.package_identification:_identify(local/lib/cmake) by extensions ['colcon_meta']
[0.148s] Level 1:colcon.colcon_core.package_identification:_identify(local/lib/cmake) by extension 'colcon_meta'
[0.148s] Level 1:colcon.colcon_core.package_identification:_identify(local/lib/cmake) by extensions ['ros']
[0.148s] Level 1:colcon.colcon_core.package_identification:_identify(local/lib/cmake) by extension 'ros'
[0.148s] Level 1:colcon.colcon_core.package_identification:_identify(local/lib/cmake) by extensions ['cmake', 'python']
[0.148s] Level 1:colcon.colcon_core.package_identification:_identify(local/lib/cmake) by extension 'cmake'
[0.148s] Level 1:colcon.colcon_core.package_identification:_identify(local/lib/cmake) by extension 'python'
[0.148s] Level 1:colcon.colcon_core.package_identification:_identify(local/lib/cmake) by extensions ['python_setup_py']
[0.148s] Level 1:colcon.colcon_core.package_identification:_identify(local/lib/cmake) by extension 'python_setup_py'
[0.148s] Level 1:colcon.colcon_core.package_identification:_identify(local/lib/cmake/libuvc) by extensions ['ignore', 'ignore_ament_install']
[0.148s] Level 1:colcon.colcon_core.package_identification:_identify(local/lib/cmake/libuvc) by extension 'ignore'
[0.148s] Level 1:colcon.colcon_core.package_identification:_identify(local/lib/cmake/libuvc) by extension 'ignore_ament_install'
[0.148s] Level 1:colcon.colcon_core.package_identification:_identify(local/lib/cmake/libuvc) by extensions ['colcon_pkg']
[0.148s] Level 1:colcon.colcon_core.package_identification:_identify(local/lib/cmake/libuvc) by extension 'colcon_pkg'
[0.148s] Level 1:colcon.colcon_core.package_identification:_identify(local/lib/cmake/libuvc) by extensions ['colcon_meta']
[0.148s] Level 1:colcon.colcon_core.package_identification:_identify(local/lib/cmake/libuvc) by extension 'colcon_meta'
[0.148s] Level 1:colcon.colcon_core.package_identification:_identify(local/lib/cmake/libuvc) by extensions ['ros']
[0.148s] Level 1:colcon.colcon_core.package_identification:_identify(local/lib/cmake/libuvc) by extension 'ros'
[0.148s] Level 1:colcon.colcon_core.package_identification:_identify(local/lib/cmake/libuvc) by extensions ['cmake', 'python']
[0.148s] Level 1:colcon.colcon_core.package_identification:_identify(local/lib/cmake/libuvc) by extension 'cmake'
[0.148s] Level 1:colcon.colcon_core.package_identification:_identify(local/lib/cmake/libuvc) by extension 'python'
[0.148s] Level 1:colcon.colcon_core.package_identification:_identify(local/lib/cmake/libuvc) by extensions ['python_setup_py']
[0.148s] Level 1:colcon.colcon_core.package_identification:_identify(local/lib/cmake/libuvc) by extension 'python_setup_py'
[0.148s] Level 1:colcon.colcon_core.package_identification:_identify(local/lib/pkgconfig) by extensions ['ignore', 'ignore_ament_install']
[0.148s] Level 1:colcon.colcon_core.package_identification:_identify(local/lib/pkgconfig) by extension 'ignore'
[0.148s] Level 1:colcon.colcon_core.package_identification:_identify(local/lib/pkgconfig) by extension 'ignore_ament_install'
[0.148s] Level 1:colcon.colcon_core.package_identification:_identify(local/lib/pkgconfig) by extensions ['colcon_pkg']
[0.148s] Level 1:colcon.colcon_core.package_identification:_identify(local/lib/pkgconfig) by extension 'colcon_pkg'
[0.148s] Level 1:colcon.colcon_core.package_identification:_identify(local/lib/pkgconfig) by extensions ['colcon_meta']
[0.148s] Level 1:colcon.colcon_core.package_identification:_identify(local/lib/pkgconfig) by extension 'colcon_meta'
[0.148s] Level 1:colcon.colcon_core.package_identification:_identify(local/lib/pkgconfig) by extensions ['ros']
[0.148s] Level 1:colcon.colcon_core.package_identification:_identify(local/lib/pkgconfig) by extension 'ros'
[0.148s] Level 1:colcon.colcon_core.package_identification:_identify(local/lib/pkgconfig) by extensions ['cmake', 'python']
[0.148s] Level 1:colcon.colcon_core.package_identification:_identify(local/lib/pkgconfig) by extension 'cmake'
[0.148s] Level 1:colcon.colcon_core.package_identification:_identify(local/lib/pkgconfig) by extension 'python'
[0.148s] Level 1:colcon.colcon_core.package_identification:_identify(local/lib/pkgconfig) by extensions ['python_setup_py']
[0.148s] Level 1:colcon.colcon_core.package_identification:_identify(local/lib/pkgconfig) by extension 'python_setup_py'
[0.148s] Level 1:colcon.colcon_core.package_identification:_identify(log) by extensions ['ignore', 'ignore_ament_install']
[0.148s] Level 1:colcon.colcon_core.package_identification:_identify(log) by extension 'ignore'
[0.148s] Level 1:colcon.colcon_core.package_identification:_identify(log) ignored
[0.148s] Level 1:colcon.colcon_core.package_identification:_identify(src) by extensions ['ignore', 'ignore_ament_install']
[0.148s] Level 1:colcon.colcon_core.package_identification:_identify(src) by extension 'ignore'
[0.148s] Level 1:colcon.colcon_core.package_identification:_identify(src) by extension 'ignore_ament_install'
[0.148s] Level 1:colcon.colcon_core.package_identification:_identify(src) by extensions ['colcon_pkg']
[0.148s] Level 1:colcon.colcon_core.package_identification:_identify(src) by extension 'colcon_pkg'
[0.148s] Level 1:colcon.colcon_core.package_identification:_identify(src) by extensions ['colcon_meta']
[0.148s] Level 1:colcon.colcon_core.package_identification:_identify(src) by extension 'colcon_meta'
[0.148s] Level 1:colcon.colcon_core.package_identification:_identify(src) by extensions ['ros']
[0.148s] Level 1:colcon.colcon_core.package_identification:_identify(src) by extension 'ros'
[0.148s] Level 1:colcon.colcon_core.package_identification:_identify(src) by extensions ['cmake', 'python']
[0.148s] Level 1:colcon.colcon_core.package_identification:_identify(src) by extension 'cmake'
[0.148s] Level 1:colcon.colcon_core.package_identification:_identify(src) by extension 'python'
[0.148s] Level 1:colcon.colcon_core.package_identification:_identify(src) by extensions ['python_setup_py']
[0.149s] Level 1:colcon.colcon_core.package_identification:_identify(src) by extension 'python_setup_py'
[0.149s] Level 1:colcon.colcon_core.package_identification:_identify(src/image_pipeline) by extensions ['ignore', 'ignore_ament_install']
[0.149s] Level 1:colcon.colcon_core.package_identification:_identify(src/image_pipeline) by extension 'ignore'
[0.149s] Level 1:colcon.colcon_core.package_identification:_identify(src/image_pipeline) by extension 'ignore_ament_install'
[0.149s] Level 1:colcon.colcon_core.package_identification:_identify(src/image_pipeline) by extensions ['colcon_pkg']
[0.149s] Level 1:colcon.colcon_core.package_identification:_identify(src/image_pipeline) by extension 'colcon_pkg'
[0.149s] Level 1:colcon.colcon_core.package_identification:_identify(src/image_pipeline) by extensions ['colcon_meta']
[0.149s] Level 1:colcon.colcon_core.package_identification:_identify(src/image_pipeline) by extension 'colcon_meta'
[0.149s] Level 1:colcon.colcon_core.package_identification:_identify(src/image_pipeline) by extensions ['ros']
[0.149s] Level 1:colcon.colcon_core.package_identification:_identify(src/image_pipeline) by extension 'ros'
[0.149s] Level 1:colcon.colcon_core.package_identification:_identify(src/image_pipeline) by extensions ['cmake', 'python']
[0.149s] Level 1:colcon.colcon_core.package_identification:_identify(src/image_pipeline) by extension 'cmake'
[0.149s] Level 1:colcon.colcon_core.package_identification:_identify(src/image_pipeline) by extension 'python'
[0.149s] Level 1:colcon.colcon_core.package_identification:_identify(src/image_pipeline) by extensions ['python_setup_py']
[0.149s] Level 1:colcon.colcon_core.package_identification:_identify(src/image_pipeline) by extension 'python_setup_py'
[0.149s] Level 1:colcon.colcon_core.package_identification:_identify(src/image_pipeline/camera_calibration) by extensions ['ignore', 'ignore_ament_install']
[0.149s] Level 1:colcon.colcon_core.package_identification:_identify(src/image_pipeline/camera_calibration) by extension 'ignore'
[0.149s] Level 1:colcon.colcon_core.package_identification:_identify(src/image_pipeline/camera_calibration) by extension 'ignore_ament_install'
[0.149s] Level 1:colcon.colcon_core.package_identification:_identify(src/image_pipeline/camera_calibration) by extensions ['colcon_pkg']
[0.149s] Level 1:colcon.colcon_core.package_identification:_identify(src/image_pipeline/camera_calibration) by extension 'colcon_pkg'
[0.149s] Level 1:colcon.colcon_core.package_identification:_identify(src/image_pipeline/camera_calibration) by extensions ['colcon_meta']
[0.149s] Level 1:colcon.colcon_core.package_identification:_identify(src/image_pipeline/camera_calibration) by extension 'colcon_meta'
[0.149s] Level 1:colcon.colcon_core.package_identification:_identify(src/image_pipeline/camera_calibration) by extensions ['ros']
[0.149s] Level 1:colcon.colcon_core.package_identification:_identify(src/image_pipeline/camera_calibration) by extension 'ros'
[0.150s] DEBUG:colcon.colcon_core.package_identification:Package 'src/image_pipeline/camera_calibration' with type 'ros.ament_python' and name 'camera_calibration'
[0.150s] Level 1:colcon.colcon_core.package_identification:_identify(src/image_pipeline/depth_image_proc) by extensions ['ignore', 'ignore_ament_install']
[0.151s] Level 1:colcon.colcon_core.package_identification:_identify(src/image_pipeline/depth_image_proc) by extension 'ignore'
[0.151s] Level 1:colcon.colcon_core.package_identification:_identify(src/image_pipeline/depth_image_proc) by extension 'ignore_ament_install'
[0.151s] Level 1:colcon.colcon_core.package_identification:_identify(src/image_pipeline/depth_image_proc) by extensions ['colcon_pkg']
[0.151s] Level 1:colcon.colcon_core.package_identification:_identify(src/image_pipeline/depth_image_proc) by extension 'colcon_pkg'
[0.151s] Level 1:colcon.colcon_core.package_identification:_identify(src/image_pipeline/depth_image_proc) by extensions ['colcon_meta']
[0.151s] Level 1:colcon.colcon_core.package_identification:_identify(src/image_pipeline/depth_image_proc) by extension 'colcon_meta'
[0.151s] Level 1:colcon.colcon_core.package_identification:_identify(src/image_pipeline/depth_image_proc) by extensions ['ros']
[0.151s] Level 1:colcon.colcon_core.package_identification:_identify(src/image_pipeline/depth_image_proc) by extension 'ros'
[0.151s] DEBUG:colcon.colcon_core.package_identification:Package 'src/image_pipeline/depth_image_proc' with type 'ros.ament_cmake' and name 'depth_image_proc'
[0.151s] Level 1:colcon.colcon_core.package_identification:_identify(src/image_pipeline/image_pipeline) by extensions ['ignore', 'ignore_ament_install']
[0.151s] Level 1:colcon.colcon_core.package_identification:_identify(src/image_pipeline/image_pipeline) by extension 'ignore'
[0.152s] Level 1:colcon.colcon_core.package_identification:_identify(src/image_pipeline/image_pipeline) by extension 'ignore_ament_install'
[0.152s] Level 1:colcon.colcon_core.package_identification:_identify(src/image_pipeline/image_pipeline) by extensions ['colcon_pkg']
[0.152s] Level 1:colcon.colcon_core.package_identification:_identify(src/image_pipeline/image_pipeline) by extension 'colcon_pkg'
[0.152s] Level 1:colcon.colcon_core.package_identification:_identify(src/image_pipeline/image_pipeline) by extensions ['colcon_meta']
[0.152s] Level 1:colcon.colcon_core.package_identification:_identify(src/image_pipeline/image_pipeline) by extension 'colcon_meta'
[0.152s] Level 1:colcon.colcon_core.package_identification:_identify(src/image_pipeline/image_pipeline) by extensions ['ros']
[0.152s] Level 1:colcon.colcon_core.package_identification:_identify(src/image_pipeline/image_pipeline) by extension 'ros'
[0.152s] DEBUG:colcon.colcon_core.package_identification:Package 'src/image_pipeline/image_pipeline' with type 'ros.ament_cmake' and name 'image_pipeline'
[0.152s] Level 1:colcon.colcon_core.package_identification:_identify(src/image_pipeline/image_proc) by extensions ['ignore', 'ignore_ament_install']
[0.152s] Level 1:colcon.colcon_core.package_identification:_identify(src/image_pipeline/image_proc) by extension 'ignore'
[0.152s] Level 1:colcon.colcon_core.package_identification:_identify(src/image_pipeline/image_proc) by extension 'ignore_ament_install'
[0.152s] Level 1:colcon.colcon_core.package_identification:_identify(src/image_pipeline/image_proc) by extensions ['colcon_pkg']
[0.152s] Level 1:colcon.colcon_core.package_identification:_identify(src/image_pipeline/image_proc) by extension 'colcon_pkg'
[0.152s] Level 1:colcon.colcon_core.package_identification:_identify(src/image_pipeline/image_proc) by extensions ['colcon_meta']
[0.152s] Level 1:colcon.colcon_core.package_identification:_identify(src/image_pipeline/image_proc) by extension 'colcon_meta'
[0.152s] Level 1:colcon.colcon_core.package_identification:_identify(src/image_pipeline/image_proc) by extensions ['ros']
[0.152s] Level 1:colcon.colcon_core.package_identification:_identify(src/image_pipeline/image_proc) by extension 'ros'
[0.153s] DEBUG:colcon.colcon_core.package_identification:Package 'src/image_pipeline/image_proc' with type 'ros.ament_cmake' and name 'image_proc'
[0.153s] Level 1:colcon.colcon_core.package_identification:_identify(src/image_pipeline/image_publisher) by extensions ['ignore', 'ignore_ament_install']
[0.153s] Level 1:colcon.colcon_core.package_identification:_identify(src/image_pipeline/image_publisher) by extension 'ignore'
[0.153s] Level 1:colcon.colcon_core.package_identification:_identify(src/image_pipeline/image_publisher) by extension 'ignore_ament_install'
[0.153s] Level 1:colcon.colcon_core.package_identification:_identify(src/image_pipeline/image_publisher) by extensions ['colcon_pkg']
[0.153s] Level 1:colcon.colcon_core.package_identification:_identify(src/image_pipeline/image_publisher) by extension 'colcon_pkg'
[0.153s] Level 1:colcon.colcon_core.package_identification:_identify(src/image_pipeline/image_publisher) by extensions ['colcon_meta']
[0.153s] Level 1:colcon.colcon_core.package_identification:_identify(src/image_pipeline/image_publisher) by extension 'colcon_meta'
[0.153s] Level 1:colcon.colcon_core.package_identification:_identify(src/image_pipeline/image_publisher) by extensions ['ros']
[0.153s] Level 1:colcon.colcon_core.package_identification:_identify(src/image_pipeline/image_publisher) by extension 'ros'
[0.154s] DEBUG:colcon.colcon_core.package_identification:Package 'src/image_pipeline/image_publisher' with type 'ros.ament_cmake' and name 'image_publisher'
[0.154s] Level 1:colcon.colcon_core.package_identification:_identify(src/image_pipeline/image_rotate) by extensions ['ignore', 'ignore_ament_install']
[0.154s] Level 1:colcon.colcon_core.package_identification:_identify(src/image_pipeline/image_rotate) by extension 'ignore'
[0.154s] Level 1:colcon.colcon_core.package_identification:_identify(src/image_pipeline/image_rotate) by extension 'ignore_ament_install'
[0.154s] Level 1:colcon.colcon_core.package_identification:_identify(src/image_pipeline/image_rotate) by extensions ['colcon_pkg']
[0.154s] Level 1:colcon.colcon_core.package_identification:_identify(src/image_pipeline/image_rotate) by extension 'colcon_pkg'
[0.154s] Level 1:colcon.colcon_core.package_identification:_identify(src/image_pipeline/image_rotate) by extensions ['colcon_meta']
[0.154s] Level 1:colcon.colcon_core.package_identification:_identify(src/image_pipeline/image_rotate) by extension 'colcon_meta'
[0.154s] Level 1:colcon.colcon_core.package_identification:_identify(src/image_pipeline/image_rotate) by extensions ['ros']
[0.154s] Level 1:colcon.colcon_core.package_identification:_identify(src/image_pipeline/image_rotate) by extension 'ros'
[0.155s] DEBUG:colcon.colcon_core.package_identification:Package 'src/image_pipeline/image_rotate' with type 'ros.ament_cmake' and name 'image_rotate'
[0.155s] Level 1:colcon.colcon_core.package_identification:_identify(src/image_pipeline/image_view) by extensions ['ignore', 'ignore_ament_install']
[0.155s] Level 1:colcon.colcon_core.package_identification:_identify(src/image_pipeline/image_view) by extension 'ignore'
[0.155s] Level 1:colcon.colcon_core.package_identification:_identify(src/image_pipeline/image_view) by extension 'ignore_ament_install'
[0.155s] Level 1:colcon.colcon_core.package_identification:_identify(src/image_pipeline/image_view) by extensions ['colcon_pkg']
[0.155s] Level 1:colcon.colcon_core.package_identification:_identify(src/image_pipeline/image_view) by extension 'colcon_pkg'
[0.155s] Level 1:colcon.colcon_core.package_identification:_identify(src/image_pipeline/image_view) by extensions ['colcon_meta']
[0.155s] Level 1:colcon.colcon_core.package_identification:_identify(src/image_pipeline/image_view) by extension 'colcon_meta'
[0.155s] Level 1:colcon.colcon_core.package_identification:_identify(src/image_pipeline/image_view) by extensions ['ros']
[0.155s] Level 1:colcon.colcon_core.package_identification:_identify(src/image_pipeline/image_view) by extension 'ros'
[0.156s] DEBUG:colcon.colcon_core.package_identification:Package 'src/image_pipeline/image_view' with type 'ros.ament_cmake' and name 'image_view'
[0.156s] Level 1:colcon.colcon_core.package_identification:_identify(src/image_pipeline/stereo_image_proc) by extensions ['ignore', 'ignore_ament_install']
[0.156s] Level 1:colcon.colcon_core.package_identification:_identify(src/image_pipeline/stereo_image_proc) by extension 'ignore'
[0.156s] Level 1:colcon.colcon_core.package_identification:_identify(src/image_pipeline/stereo_image_proc) by extension 'ignore_ament_install'
[0.156s] Level 1:colcon.colcon_core.package_identification:_identify(src/image_pipeline/stereo_image_proc) by extensions ['colcon_pkg']
[0.156s] Level 1:colcon.colcon_core.package_identification:_identify(src/image_pipeline/stereo_image_proc) by extension 'colcon_pkg'
[0.156s] Level 1:colcon.colcon_core.package_identification:_identify(src/image_pipeline/stereo_image_proc) by extensions ['colcon_meta']
[0.156s] Level 1:colcon.colcon_core.package_identification:_identify(src/image_pipeline/stereo_image_proc) by extension 'colcon_meta'
[0.156s] Level 1:colcon.colcon_core.package_identification:_identify(src/image_pipeline/stereo_image_proc) by extensions ['ros']
[0.156s] Level 1:colcon.colcon_core.package_identification:_identify(src/image_pipeline/stereo_image_proc) by extension 'ros'
[0.160s] DEBUG:colcon.colcon_core.package_identification:Package 'src/image_pipeline/stereo_image_proc' with type 'ros.ament_cmake' and name 'stereo_image_proc'
[0.160s] Level 1:colcon.colcon_core.package_identification:_identify(src/image_pipeline/tools) by extensions ['ignore', 'ignore_ament_install']
[0.160s] Level 1:colcon.colcon_core.package_identification:_identify(src/image_pipeline/tools) by extension 'ignore'
[0.160s] Level 1:colcon.colcon_core.package_identification:_identify(src/image_pipeline/tools) by extension 'ignore_ament_install'
[0.160s] Level 1:colcon.colcon_core.package_identification:_identify(src/image_pipeline/tools) by extensions ['colcon_pkg']
[0.160s] Level 1:colcon.colcon_core.package_identification:_identify(src/image_pipeline/tools) by extension 'colcon_pkg'
[0.160s] Level 1:colcon.colcon_core.package_identification:_identify(src/image_pipeline/tools) by extensions ['colcon_meta']
[0.160s] Level 1:colcon.colcon_core.package_identification:_identify(src/image_pipeline/tools) by extension 'colcon_meta'
[0.160s] Level 1:colcon.colcon_core.package_identification:_identify(src/image_pipeline/tools) by extensions ['ros']
[0.160s] Level 1:colcon.colcon_core.package_identification:_identify(src/image_pipeline/tools) by extension 'ros'
[0.161s] Level 1:colcon.colcon_core.package_identification:_identify(src/image_pipeline/tools) by extensions ['cmake', 'python']
[0.161s] Level 1:colcon.colcon_core.package_identification:_identify(src/image_pipeline/tools) by extension 'cmake'
[0.161s] Level 1:colcon.colcon_core.package_identification:_identify(src/image_pipeline/tools) by extension 'python'
[0.161s] Level 1:colcon.colcon_core.package_identification:_identify(src/image_pipeline/tools) by extensions ['python_setup_py']
[0.161s] Level 1:colcon.colcon_core.package_identification:_identify(src/image_pipeline/tools) by extension 'python_setup_py'
[0.161s] Level 1:colcon.colcon_core.package_identification:_identify(src/image_pipeline/tracetools_image_pipeline) by extensions ['ignore', 'ignore_ament_install']
[0.161s] Level 1:colcon.colcon_core.package_identification:_identify(src/image_pipeline/tracetools_image_pipeline) by extension 'ignore'
[0.161s] Level 1:colcon.colcon_core.package_identification:_identify(src/image_pipeline/tracetools_image_pipeline) by extension 'ignore_ament_install'
[0.161s] Level 1:colcon.colcon_core.package_identification:_identify(src/image_pipeline/tracetools_image_pipeline) by extensions ['colcon_pkg']
[0.161s] Level 1:colcon.colcon_core.package_identification:_identify(src/image_pipeline/tracetools_image_pipeline) by extension 'colcon_pkg'
[0.161s] Level 1:colcon.colcon_core.package_identification:_identify(src/image_pipeline/tracetools_image_pipeline) by extensions ['colcon_meta']
[0.161s] Level 1:colcon.colcon_core.package_identification:_identify(src/image_pipeline/tracetools_image_pipeline) by extension 'colcon_meta'
[0.161s] Level 1:colcon.colcon_core.package_identification:_identify(src/image_pipeline/tracetools_image_pipeline) by extensions ['ros']
[0.161s] Level 1:colcon.colcon_core.package_identification:_identify(src/image_pipeline/tracetools_image_pipeline) by extension 'ros'
[0.161s] DEBUG:colcon.colcon_core.package_identification:Package 'src/image_pipeline/tracetools_image_pipeline' with type 'ros.ament_cmake' and name 'tracetools_image_pipeline'
[0.161s] Level 1:colcon.colcon_core.package_identification:_identify(src/image_pipeline/wiki_files) by extensions ['ignore', 'ignore_ament_install']
[0.161s] Level 1:colcon.colcon_core.package_identification:_identify(src/image_pipeline/wiki_files) by extension 'ignore'
[0.161s] Level 1:colcon.colcon_core.package_identification:_identify(src/image_pipeline/wiki_files) by extension 'ignore_ament_install'
[0.161s] Level 1:colcon.colcon_core.package_identification:_identify(src/image_pipeline/wiki_files) by extensions ['colcon_pkg']
[0.161s] Level 1:colcon.colcon_core.package_identification:_identify(src/image_pipeline/wiki_files) by extension 'colcon_pkg'
[0.161s] Level 1:colcon.colcon_core.package_identification:_identify(src/image_pipeline/wiki_files) by extensions ['colcon_meta']
[0.161s] Level 1:colcon.colcon_core.package_identification:_identify(src/image_pipeline/wiki_files) by extension 'colcon_meta'
[0.161s] Level 1:colcon.colcon_core.package_identification:_identify(src/image_pipeline/wiki_files) by extensions ['ros']
[0.161s] Level 1:colcon.colcon_core.package_identification:_identify(src/image_pipeline/wiki_files) by extension 'ros'
[0.161s] Level 1:colcon.colcon_core.package_identification:_identify(src/image_pipeline/wiki_files) by extensions ['cmake', 'python']
[0.161s] Level 1:colcon.colcon_core.package_identification:_identify(src/image_pipeline/wiki_files) by extension 'cmake'
[0.161s] Level 1:colcon.colcon_core.package_identification:_identify(src/image_pipeline/wiki_files) by extension 'python'
[0.161s] Level 1:colcon.colcon_core.package_identification:_identify(src/image_pipeline/wiki_files) by extensions ['python_setup_py']
[0.161s] Level 1:colcon.colcon_core.package_identification:_identify(src/image_pipeline/wiki_files) by extension 'python_setup_py'
[0.161s] Level 1:colcon.colcon_core.package_identification:_identify(src/openni2_camera) by extensions ['ignore', 'ignore_ament_install']
[0.161s] Level 1:colcon.colcon_core.package_identification:_identify(src/openni2_camera) by extension 'ignore'
[0.161s] Level 1:colcon.colcon_core.package_identification:_identify(src/openni2_camera) by extension 'ignore_ament_install'
[0.161s] Level 1:colcon.colcon_core.package_identification:_identify(src/openni2_camera) by extensions ['colcon_pkg']
[0.161s] Level 1:colcon.colcon_core.package_identification:_identify(src/openni2_camera) by extension 'colcon_pkg'
[0.161s] Level 1:colcon.colcon_core.package_identification:_identify(src/openni2_camera) by extensions ['colcon_meta']
[0.161s] Level 1:colcon.colcon_core.package_identification:_identify(src/openni2_camera) by extension 'colcon_meta'
[0.161s] Level 1:colcon.colcon_core.package_identification:_identify(src/openni2_camera) by extensions ['ros']
[0.161s] Level 1:colcon.colcon_core.package_identification:_identify(src/openni2_camera) by extension 'ros'
[0.161s] Level 1:colcon.colcon_core.package_identification:_identify(src/openni2_camera) by extensions ['cmake', 'python']
[0.161s] Level 1:colcon.colcon_core.package_identification:_identify(src/openni2_camera) by extension 'cmake'
[0.161s] Level 1:colcon.colcon_core.package_identification:_identify(src/openni2_camera) by extension 'python'
[0.162s] Level 1:colcon.colcon_core.package_identification:_identify(src/openni2_camera) by extensions ['python_setup_py']
[0.162s] Level 1:colcon.colcon_core.package_identification:_identify(src/openni2_camera) by extension 'python_setup_py'
[0.162s] Level 1:colcon.colcon_core.package_identification:_identify(src/openni2_camera/openni2_camera) by extensions ['ignore', 'ignore_ament_install']
[0.162s] Level 1:colcon.colcon_core.package_identification:_identify(src/openni2_camera/openni2_camera) by extension 'ignore'
[0.162s] Level 1:colcon.colcon_core.package_identification:_identify(src/openni2_camera/openni2_camera) by extension 'ignore_ament_install'
[0.162s] Level 1:colcon.colcon_core.package_identification:_identify(src/openni2_camera/openni2_camera) by extensions ['colcon_pkg']
[0.162s] Level 1:colcon.colcon_core.package_identification:_identify(src/openni2_camera/openni2_camera) by extension 'colcon_pkg'
[0.162s] Level 1:colcon.colcon_core.package_identification:_identify(src/openni2_camera/openni2_camera) by extensions ['colcon_meta']
[0.162s] Level 1:colcon.colcon_core.package_identification:_identify(src/openni2_camera/openni2_camera) by extension 'colcon_meta'
[0.162s] Level 1:colcon.colcon_core.package_identification:_identify(src/openni2_camera/openni2_camera) by extensions ['ros']
[0.162s] Level 1:colcon.colcon_core.package_identification:_identify(src/openni2_camera/openni2_camera) by extension 'ros'
[0.162s] DEBUG:colcon.colcon_core.package_identification:Package 'src/openni2_camera/openni2_camera' with type 'ros.ament_cmake' and name 'openni2_camera'
[0.162s] Level 1:colcon.colcon_core.package_identification:_identify(src/openni2_camera/openni2_launch) by extensions ['ignore', 'ignore_ament_install']
[0.162s] Level 1:colcon.colcon_core.package_identification:_identify(src/openni2_camera/openni2_launch) by extension 'ignore'
[0.162s] Level 1:colcon.colcon_core.package_identification:_identify(src/openni2_camera/openni2_launch) by extension 'ignore_ament_install'
[0.162s] Level 1:colcon.colcon_core.package_identification:_identify(src/openni2_camera/openni2_launch) by extensions ['colcon_pkg']
[0.162s] Level 1:colcon.colcon_core.package_identification:_identify(src/openni2_camera/openni2_launch) by extension 'colcon_pkg'
[0.162s] Level 1:colcon.colcon_core.package_identification:_identify(src/openni2_camera/openni2_launch) by extensions ['colcon_meta']
[0.162s] Level 1:colcon.colcon_core.package_identification:_identify(src/openni2_camera/openni2_launch) by extension 'colcon_meta'
[0.162s] Level 1:colcon.colcon_core.package_identification:_identify(src/openni2_camera/openni2_launch) by extensions ['ros']
[0.162s] Level 1:colcon.colcon_core.package_identification:_identify(src/openni2_camera/openni2_launch) by extension 'ros'
[0.162s] Level 1:colcon.colcon_core.package_identification:_identify(src/openni2_camera/openni2_launch) ignored
[0.162s] Level 1:colcon.colcon_core.package_identification:_identify(src/ros2_astra_camera) by extensions ['ignore', 'ignore_ament_install']
[0.162s] Level 1:colcon.colcon_core.package_identification:_identify(src/ros2_astra_camera) by extension 'ignore'
[0.162s] Level 1:colcon.colcon_core.package_identification:_identify(src/ros2_astra_camera) by extension 'ignore_ament_install'
[0.162s] Level 1:colcon.colcon_core.package_identification:_identify(src/ros2_astra_camera) by extensions ['colcon_pkg']
[0.162s] Level 1:colcon.colcon_core.package_identification:_identify(src/ros2_astra_camera) by extension 'colcon_pkg'
[0.162s] Level 1:colcon.colcon_core.package_identification:_identify(src/ros2_astra_camera) by extensions ['colcon_meta']
[0.162s] Level 1:colcon.colcon_core.package_identification:_identify(src/ros2_astra_camera) by extension 'colcon_meta'
[0.163s] Level 1:colcon.colcon_core.package_identification:_identify(src/ros2_astra_camera) by extensions ['ros']
[0.163s] Level 1:colcon.colcon_core.package_identification:_identify(src/ros2_astra_camera) by extension 'ros'
[0.163s] Level 1:colcon.colcon_core.package_identification:_identify(src/ros2_astra_camera) by extensions ['cmake', 'python']
[0.163s] Level 1:colcon.colcon_core.package_identification:_identify(src/ros2_astra_camera) by extension 'cmake'
[0.163s] Level 1:colcon.colcon_core.package_identification:_identify(src/ros2_astra_camera) by extension 'python'
[0.163s] Level 1:colcon.colcon_core.package_identification:_identify(src/ros2_astra_camera) by extensions ['python_setup_py']
[0.163s] Level 1:colcon.colcon_core.package_identification:_identify(src/ros2_astra_camera) by extension 'python_setup_py'
[0.163s] Level 1:colcon.colcon_core.package_identification:_identify(src/ros2_astra_camera/astra_camera) by extensions ['ignore', 'ignore_ament_install']
[0.163s] Level 1:colcon.colcon_core.package_identification:_identify(src/ros2_astra_camera/astra_camera) by extension 'ignore'
[0.163s] Level 1:colcon.colcon_core.package_identification:_identify(src/ros2_astra_camera/astra_camera) by extension 'ignore_ament_install'
[0.163s] Level 1:colcon.colcon_core.package_identification:_identify(src/ros2_astra_camera/astra_camera) by extensions ['colcon_pkg']
[0.163s] Level 1:colcon.colcon_core.package_identification:_identify(src/ros2_astra_camera/astra_camera) by extension 'colcon_pkg'
[0.163s] Level 1:colcon.colcon_core.package_identification:_identify(src/ros2_astra_camera/astra_camera) by extensions ['colcon_meta']
[0.163s] Level 1:colcon.colcon_core.package_identification:_identify(src/ros2_astra_camera/astra_camera) by extension 'colcon_meta'
[0.163s] Level 1:colcon.colcon_core.package_identification:_identify(src/ros2_astra_camera/astra_camera) by extensions ['ros']
[0.163s] Level 1:colcon.colcon_core.package_identification:_identify(src/ros2_astra_camera/astra_camera) by extension 'ros'
[0.164s] DEBUG:colcon.colcon_core.package_identification:Package 'src/ros2_astra_camera/astra_camera' with type 'ros.ament_cmake' and name 'astra_camera'
[0.164s] Level 1:colcon.colcon_core.package_identification:_identify(src/ros2_astra_camera/astra_camera_msgs) by extensions ['ignore', 'ignore_ament_install']
[0.164s] Level 1:colcon.colcon_core.package_identification:_identify(src/ros2_astra_camera/astra_camera_msgs) by extension 'ignore'
[0.164s] Level 1:colcon.colcon_core.package_identification:_identify(src/ros2_astra_camera/astra_camera_msgs) by extension 'ignore_ament_install'
[0.164s] Level 1:colcon.colcon_core.package_identification:_identify(src/ros2_astra_camera/astra_camera_msgs) by extensions ['colcon_pkg']
[0.164s] Level 1:colcon.colcon_core.package_identification:_identify(src/ros2_astra_camera/astra_camera_msgs) by extension 'colcon_pkg'
[0.164s] Level 1:colcon.colcon_core.package_identification:_identify(src/ros2_astra_camera/astra_camera_msgs) by extensions ['colcon_meta']
[0.164s] Level 1:colcon.colcon_core.package_identification:_identify(src/ros2_astra_camera/astra_camera_msgs) by extension 'colcon_meta'
[0.164s] Level 1:colcon.colcon_core.package_identification:_identify(src/ros2_astra_camera/astra_camera_msgs) by extensions ['ros']
[0.164s] Level 1:colcon.colcon_core.package_identification:_identify(src/ros2_astra_camera/astra_camera_msgs) by extension 'ros'
[0.164s] DEBUG:colcon.colcon_core.package_identification:Package 'src/ros2_astra_camera/astra_camera_msgs' with type 'ros.ament_cmake' and name 'astra_camera_msgs'
[0.164s] Level 1:colcon.colcon_core.package_identification:_identify(third_party) by extensions ['ignore', 'ignore_ament_install']
[0.164s] Level 1:colcon.colcon_core.package_identification:_identify(third_party) by extension 'ignore'
[0.164s] Level 1:colcon.colcon_core.package_identification:_identify(third_party) by extension 'ignore_ament_install'
[0.164s] Level 1:colcon.colcon_core.package_identification:_identify(third_party) by extensions ['colcon_pkg']
[0.164s] Level 1:colcon.colcon_core.package_identification:_identify(third_party) by extension 'colcon_pkg'
[0.164s] Level 1:colcon.colcon_core.package_identification:_identify(third_party) by extensions ['colcon_meta']
[0.164s] Level 1:colcon.colcon_core.package_identification:_identify(third_party) by extension 'colcon_meta'
[0.164s] Level 1:colcon.colcon_core.package_identification:_identify(third_party) by extensions ['ros']
[0.164s] Level 1:colcon.colcon_core.package_identification:_identify(third_party) by extension 'ros'
[0.164s] Level 1:colcon.colcon_core.package_identification:_identify(third_party) by extensions ['cmake', 'python']
[0.164s] Level 1:colcon.colcon_core.package_identification:_identify(third_party) by extension 'cmake'
[0.164s] Level 1:colcon.colcon_core.package_identification:_identify(third_party) by extension 'python'
[0.164s] Level 1:colcon.colcon_core.package_identification:_identify(third_party) by extensions ['python_setup_py']
[0.164s] Level 1:colcon.colcon_core.package_identification:_identify(third_party) by extension 'python_setup_py'
[0.164s] Level 1:colcon.colcon_core.package_identification:_identify(third_party/libuvc) by extensions ['ignore', 'ignore_ament_install']
[0.164s] Level 1:colcon.colcon_core.package_identification:_identify(third_party/libuvc) by extension 'ignore'
[0.164s] Level 1:colcon.colcon_core.package_identification:_identify(third_party/libuvc) by extension 'ignore_ament_install'
[0.165s] Level 1:colcon.colcon_core.package_identification:_identify(third_party/libuvc) by extensions ['colcon_pkg']
[0.165s] Level 1:colcon.colcon_core.package_identification:_identify(third_party/libuvc) by extension 'colcon_pkg'
[0.165s] Level 1:colcon.colcon_core.package_identification:_identify(third_party/libuvc) by extensions ['colcon_meta']
[0.165s] Level 1:colcon.colcon_core.package_identification:_identify(third_party/libuvc) by extension 'colcon_meta'
[0.165s] Level 1:colcon.colcon_core.package_identification:_identify(third_party/libuvc) by extensions ['ros']
[0.165s] Level 1:colcon.colcon_core.package_identification:_identify(third_party/libuvc) by extension 'ros'
[0.165s] Level 1:colcon.colcon_core.package_identification:_identify(third_party/libuvc) by extensions ['cmake', 'python']
[0.165s] Level 1:colcon.colcon_core.package_identification:_identify(third_party/libuvc) by extension 'cmake'
[0.166s] Level 1:colcon.colcon_core.package_identification:_identify(third_party/libuvc) by extension 'python'
[0.166s] DEBUG:colcon.colcon_core.package_identification:Package 'third_party/libuvc' with type 'cmake' and name 'libuvc'
[0.166s] Level 1:colcon.colcon_core.package_discovery:discover_packages(recursive) using defaults
[0.166s] Level 1:colcon.colcon_core.package_discovery:discover_packages(ignore) discover
[0.166s] Level 1:colcon.colcon_core.package_discovery:discover_packages(ignore) using defaults
[0.166s] Level 1:colcon.colcon_core.package_discovery:discover_packages(path) discover
[0.166s] Level 1:colcon.colcon_core.package_discovery:discover_packages(path) using defaults
[0.178s] INFO:colcon.colcon_core.package_selection:Skipping not selected package 'astra_camera_msgs' in 'src/ros2_astra_camera/astra_camera_msgs'
[0.178s] INFO:colcon.colcon_core.package_selection:Skipping not selected package 'camera_calibration' in 'src/image_pipeline/camera_calibration'
[0.178s] INFO:colcon.colcon_core.package_selection:Skipping not selected package 'depth_image_proc' in 'src/image_pipeline/depth_image_proc'
[0.178s] INFO:colcon.colcon_core.package_selection:Skipping not selected package 'image_publisher' in 'src/image_pipeline/image_publisher'
[0.178s] INFO:colcon.colcon_core.package_selection:Skipping not selected package 'image_rotate' in 'src/image_pipeline/image_rotate'
[0.178s] INFO:colcon.colcon_core.package_selection:Skipping not selected package 'image_view' in 'src/image_pipeline/image_view'
[0.178s] INFO:colcon.colcon_core.package_selection:Skipping not selected package 'libuvc' in 'third_party/libuvc'
[0.178s] INFO:colcon.colcon_core.package_selection:Skipping not selected package 'tracetools_image_pipeline' in 'src/image_pipeline/tracetools_image_pipeline'
[0.178s] INFO:colcon.colcon_core.package_selection:Skipping not selected package 'image_proc' in 'src/image_pipeline/image_proc'
[0.178s] INFO:colcon.colcon_core.package_selection:Skipping not selected package 'openni2_camera' in 'src/openni2_camera/openni2_camera'
[0.178s] INFO:colcon.colcon_core.package_selection:Skipping not selected package 'stereo_image_proc' in 'src/image_pipeline/stereo_image_proc'
[0.178s] INFO:colcon.colcon_core.package_selection:Skipping not selected package 'image_pipeline' in 'src/image_pipeline/image_pipeline'
[0.178s] Level 1:colcon.colcon_core.package_discovery:discover_packages(prefix_path) check parameters
[0.178s] Level 1:colcon.colcon_core.package_discovery:discover_packages(prefix_path) discover
[0.179s] DEBUG:colcon.colcon_installed_package_information.package_discovery:Found 4 installed packages in /home/robo/jdcobot200_imitation_learning/depth_cam/install
[0.179s] DEBUG:colcon.colcon_installed_package_information.package_discovery:Found 329 installed packages in /opt/ros/humble
[0.180s] Level 1:colcon.colcon_core.package_discovery:discover_packages(prefix_path) using defaults
[0.198s] Level 5:colcon.colcon_core.verb:set package 'astra_camera' build argument 'cmake_args' from command line to '['-DCMAKE_BUILD_TYPE=Release']'
[0.198s] Level 5:colcon.colcon_core.verb:set package 'astra_camera' build argument 'cmake_target' from command line to 'None'
[0.198s] Level 5:colcon.colcon_core.verb:set package 'astra_camera' build argument 'cmake_target_skip_unavailable' from command line to 'False'
[0.198s] Level 5:colcon.colcon_core.verb:set package 'astra_camera' build argument 'cmake_clean_cache' from command line to 'False'
[0.198s] Level 5:colcon.colcon_core.verb:set package 'astra_camera' build argument 'cmake_clean_first' from command line to 'False'
[0.198s] Level 5:colcon.colcon_core.verb:set package 'astra_camera' build argument 'cmake_force_configure' from command line to 'False'
[0.198s] Level 5:colcon.colcon_core.verb:set package 'astra_camera' build argument 'ament_cmake_args' from command line to 'None'
[0.198s] Level 5:colcon.colcon_core.verb:set package 'astra_camera' build argument 'catkin_cmake_args' from command line to 'None'
[0.198s] Level 5:colcon.colcon_core.verb:set package 'astra_camera' build argument 'catkin_skip_building_tests' from command line to 'False'
[0.198s] DEBUG:colcon.colcon_core.verb:Building package 'astra_camera' with the following arguments: {'ament_cmake_args': None, 'build_base': '/home/robo/jdcobot200_imitation_learning/depth_cam/build/astra_camera', 'catkin_cmake_args': None, 'catkin_skip_building_tests': False, 'cmake_args': ['-DCMAKE_BUILD_TYPE=Release'], 'cmake_clean_cache': False, 'cmake_clean_first': False, 'cmake_force_configure': False, 'cmake_target': None, 'cmake_target_skip_unavailable': False, 'install_base': '/home/robo/jdcobot200_imitation_learning/depth_cam/install/astra_camera', 'merge_install': False, 'path': '/home/robo/jdcobot200_imitation_learning/depth_cam/src/ros2_astra_camera/astra_camera', 'symlink_install': True, 'test_result_base': None}
[0.198s] INFO:colcon.colcon_core.executor:Executing jobs using 'parallel' executor
[0.199s] DEBUG:colcon.colcon_parallel_executor.executor.parallel:run_until_complete
[0.199s] INFO:colcon.colcon_ros.task.ament_cmake.build:Building ROS package in '/home/robo/jdcobot200_imitation_learning/depth_cam/src/ros2_astra_camera/astra_camera' with build type 'ament_cmake'
[0.199s] INFO:colcon.colcon_cmake.task.cmake.build:Building CMake package in '/home/robo/jdcobot200_imitation_learning/depth_cam/src/ros2_astra_camera/astra_camera'
[0.200s] INFO:colcon.colcon_core.plugin_system:Skipping extension 'colcon_core.shell.bat': Not used on non-Windows systems
[0.200s] INFO:colcon.colcon_core.shell:Skip shell extension 'powershell' for command environment: Not usable outside of PowerShell
[0.200s] DEBUG:colcon.colcon_core.shell:Skip shell extension 'dsv' for command environment
[30.228s] DEBUG:colcon.colcon_core.event_handler.log_command:Invoking command in '/home/robo/jdcobot200_imitation_learning/depth_cam/build/astra_camera': CMAKE_PREFIX_PATH=/home/robo/jdcobot200_imitation_learning/depth_cam/install/image_publisher:/home/robo/jdcobot200_imitation_learning/depth_cam/install/astra_camera_msgs:/home/robo/jdcobot200_imitation_learning/depth_cam/local:/home/robo/jdcobot200_imitation_learning/depth_cam/install/openni2_camera:/opt/ros/humble LD_LIBRARY_PATH=/home/robo/jdcobot200_imitation_learning/depth_cam/install/image_publisher/lib:/home/robo/jdcobot200_imitation_learning/depth_cam/install/astra_camera_msgs/lib:/home/robo/jdcobot200_imitation_learning/depth_cam/install/openni2_camera/lib:/usr/lib/x86_64-linux-gnu/gazebo-11/plugins:/opt/ros/humble/opt/rviz_ogre_vendor/lib:/opt/ros/humble/lib/x86_64-linux-gnu:/opt/ros/humble/lib:/usr/local/cuda-12.9/lib64:/usr/lib/mesa-diverted/x86_64-linux-gnu:/usr/lib/x86_64-linux-gnu/mesa:/usr/lib/x86_64-linux-gnu/dri:/usr/lib/x86_64-linux-gnu/gallium-pipe /usr/bin/cmake --build /home/robo/jdcobot200_imitation_learning/depth_cam/build/astra_camera -- -j24 -l24
[36.711s] DEBUG:colcon.colcon_core.event_handler.log_command:Invoked command in '/home/robo/jdcobot200_imitation_learning/depth_cam/build/astra_camera' returned '0': CMAKE_PREFIX_PATH=/home/robo/jdcobot200_imitation_learning/depth_cam/install/image_publisher:/home/robo/jdcobot200_imitation_learning/depth_cam/install/astra_camera_msgs:/home/robo/jdcobot200_imitation_learning/depth_cam/local:/home/robo/jdcobot200_imitation_learning/depth_cam/install/openni2_camera:/opt/ros/humble LD_LIBRARY_PATH=/home/robo/jdcobot200_imitation_learning/depth_cam/install/image_publisher/lib:/home/robo/jdcobot200_imitation_learning/depth_cam/install/astra_camera_msgs/lib:/home/robo/jdcobot200_imitation_learning/depth_cam/install/openni2_camera/lib:/usr/lib/x86_64-linux-gnu/gazebo-11/plugins:/opt/ros/humble/opt/rviz_ogre_vendor/lib:/opt/ros/humble/lib/x86_64-linux-gnu:/opt/ros/humble/lib:/usr/local/cuda-12.9/lib64:/usr/lib/mesa-diverted/x86_64-linux-gnu:/usr/lib/x86_64-linux-gnu/mesa:/usr/lib/x86_64-linux-gnu/dri:/usr/lib/x86_64-linux-gnu/gallium-pipe /usr/bin/cmake --build /home/robo/jdcobot200_imitation_learning/depth_cam/build/astra_camera -- -j24 -l24
[36.719s] DEBUG:colcon.colcon_core.event_handler.log_command:Invoking command in '/home/robo/jdcobot200_imitation_learning/depth_cam/build/astra_camera': CMAKE_PREFIX_PATH=/home/robo/jdcobot200_imitation_learning/depth_cam/install/image_publisher:/home/robo/jdcobot200_imitation_learning/depth_cam/install/astra_camera_msgs:/home/robo/jdcobot200_imitation_learning/depth_cam/local:/home/robo/jdcobot200_imitation_learning/depth_cam/install/openni2_camera:/opt/ros/humble LD_LIBRARY_PATH=/home/robo/jdcobot200_imitation_learning/depth_cam/install/image_publisher/lib:/home/robo/jdcobot200_imitation_learning/depth_cam/install/astra_camera_msgs/lib:/home/robo/jdcobot200_imitation_learning/depth_cam/install/openni2_camera/lib:/usr/lib/x86_64-linux-gnu/gazebo-11/plugins:/opt/ros/humble/opt/rviz_ogre_vendor/lib:/opt/ros/humble/lib/x86_64-linux-gnu:/opt/ros/humble/lib:/usr/local/cuda-12.9/lib64:/usr/lib/mesa-diverted/x86_64-linux-gnu:/usr/lib/x86_64-linux-gnu/mesa:/usr/lib/x86_64-linux-gnu/dri:/usr/lib/x86_64-linux-gnu/gallium-pipe /usr/bin/cmake --install /home/robo/jdcobot200_imitation_learning/depth_cam/build/astra_camera
[37.754s] Level 1:colcon.colcon_core.environment:create_environment_scripts_only(astra_camera)
[37.754s] DEBUG:colcon.colcon_core.event_handler.log_command:Invoked command in '/home/robo/jdcobot200_imitation_learning/depth_cam/build/astra_camera' returned '0': CMAKE_PREFIX_PATH=/home/robo/jdcobot200_imitation_learning/depth_cam/install/image_publisher:/home/robo/jdcobot200_imitation_learning/depth_cam/install/astra_camera_msgs:/home/robo/jdcobot200_imitation_learning/depth_cam/local:/home/robo/jdcobot200_imitation_learning/depth_cam/install/openni2_camera:/opt/ros/humble LD_LIBRARY_PATH=/home/robo/jdcobot200_imitation_learning/depth_cam/install/image_publisher/lib:/home/robo/jdcobot200_imitation_learning/depth_cam/install/astra_camera_msgs/lib:/home/robo/jdcobot200_imitation_learning/depth_cam/install/openni2_camera/lib:/usr/lib/x86_64-linux-gnu/gazebo-11/plugins:/opt/ros/humble/opt/rviz_ogre_vendor/lib:/opt/ros/humble/lib/x86_64-linux-gnu:/opt/ros/humble/lib:/usr/local/cuda-12.9/lib64:/usr/lib/mesa-diverted/x86_64-linux-gnu:/usr/lib/x86_64-linux-gnu/mesa:/usr/lib/x86_64-linux-gnu/dri:/usr/lib/x86_64-linux-gnu/gallium-pipe /usr/bin/cmake --install /home/robo/jdcobot200_imitation_learning/depth_cam/build/astra_camera
[37.756s] Level 1:colcon.colcon_core.environment:checking '/home/robo/jdcobot200_imitation_learning/depth_cam/install/astra_camera' for CMake module files
[37.757s] Level 1:colcon.colcon_core.environment:checking '/home/robo/jdcobot200_imitation_learning/depth_cam/install/astra_camera' for CMake config files
[37.757s] Level 1:colcon.colcon_core.shell:create_environment_hook('astra_camera', 'cmake_prefix_path')
[37.758s] INFO:colcon.colcon_core.shell:Creating environment hook '/home/robo/jdcobot200_imitation_learning/depth_cam/install/astra_camera/share/astra_camera/hook/cmake_prefix_path.ps1'
[37.758s] INFO:colcon.colcon_core.shell:Creating environment descriptor '/home/robo/jdcobot200_imitation_learning/depth_cam/install/astra_camera/share/astra_camera/hook/cmake_prefix_path.dsv'
[37.759s] INFO:colcon.colcon_core.shell:Creating environment hook '/home/robo/jdcobot200_imitation_learning/depth_cam/install/astra_camera/share/astra_camera/hook/cmake_prefix_path.sh'
[37.760s] Level 1:colcon.colcon_core.environment:checking '/home/robo/jdcobot200_imitation_learning/depth_cam/install/astra_camera/lib'
[37.760s] Level 1:colcon.colcon_core.shell:create_environment_hook('astra_camera', 'ld_library_path_lib')
[37.760s] INFO:colcon.colcon_core.shell:Creating environment hook '/home/robo/jdcobot200_imitation_learning/depth_cam/install/astra_camera/share/astra_camera/hook/ld_library_path_lib.ps1'
[37.761s] INFO:colcon.colcon_core.shell:Creating environment descriptor '/home/robo/jdcobot200_imitation_learning/depth_cam/install/astra_camera/share/astra_camera/hook/ld_library_path_lib.dsv'
[37.761s] INFO:colcon.colcon_core.shell:Creating environment hook '/home/robo/jdcobot200_imitation_learning/depth_cam/install/astra_camera/share/astra_camera/hook/ld_library_path_lib.sh'
[37.762s] Level 1:colcon.colcon_core.environment:checking '/home/robo/jdcobot200_imitation_learning/depth_cam/install/astra_camera/bin'
[37.762s] Level 1:colcon.colcon_core.environment:checking '/home/robo/jdcobot200_imitation_learning/depth_cam/install/astra_camera/lib/pkgconfig/astra_camera.pc'
[37.762s] Level 1:colcon.colcon_core.environment:checking '/home/robo/jdcobot200_imitation_learning/depth_cam/install/astra_camera/lib/python3.10/site-packages'
[37.762s] Level 1:colcon.colcon_core.environment:checking '/home/robo/jdcobot200_imitation_learning/depth_cam/install/astra_camera/bin'
[37.763s] INFO:colcon.colcon_core.shell:Creating package script '/home/robo/jdcobot200_imitation_learning/depth_cam/install/astra_camera/share/astra_camera/package.ps1'
[37.764s] INFO:colcon.colcon_core.shell:Creating package descriptor '/home/robo/jdcobot200_imitation_learning/depth_cam/install/astra_camera/share/astra_camera/package.dsv'
[37.765s] INFO:colcon.colcon_core.shell:Creating package script '/home/robo/jdcobot200_imitation_learning/depth_cam/install/astra_camera/share/astra_camera/package.sh'
[37.765s] INFO:colcon.colcon_core.shell:Creating package script '/home/robo/jdcobot200_imitation_learning/depth_cam/install/astra_camera/share/astra_camera/package.bash'
[37.766s] INFO:colcon.colcon_core.shell:Creating package script '/home/robo/jdcobot200_imitation_learning/depth_cam/install/astra_camera/share/astra_camera/package.zsh'
[37.766s] Level 1:colcon.colcon_core.environment:create_file_with_runtime_dependencies(/home/robo/jdcobot200_imitation_learning/depth_cam/install/astra_camera/share/colcon-core/packages/astra_camera)
[37.767s] Level 1:colcon.colcon_core.environment:create_environment_scripts_only(astra_camera)
[37.767s] Level 1:colcon.colcon_core.environment:checking '/home/robo/jdcobot200_imitation_learning/depth_cam/install/astra_camera' for CMake module files
[37.767s] Level 1:colcon.colcon_core.environment:checking '/home/robo/jdcobot200_imitation_learning/depth_cam/install/astra_camera' for CMake config files
[37.768s] Level 1:colcon.colcon_core.shell:create_environment_hook('astra_camera', 'cmake_prefix_path')
[37.768s] INFO:colcon.colcon_core.shell:Creating environment hook '/home/robo/jdcobot200_imitation_learning/depth_cam/install/astra_camera/share/astra_camera/hook/cmake_prefix_path.ps1'
[37.768s] INFO:colcon.colcon_core.shell:Creating environment descriptor '/home/robo/jdcobot200_imitation_learning/depth_cam/install/astra_camera/share/astra_camera/hook/cmake_prefix_path.dsv'
[37.768s] INFO:colcon.colcon_core.shell:Creating environment hook '/home/robo/jdcobot200_imitation_learning/depth_cam/install/astra_camera/share/astra_camera/hook/cmake_prefix_path.sh'
[37.769s] Level 1:colcon.colcon_core.environment:checking '/home/robo/jdcobot200_imitation_learning/depth_cam/install/astra_camera/lib'
[37.769s] Level 1:colcon.colcon_core.shell:create_environment_hook('astra_camera', 'ld_library_path_lib')
[37.769s] INFO:colcon.colcon_core.shell:Creating environment hook '/home/robo/jdcobot200_imitation_learning/depth_cam/install/astra_camera/share/astra_camera/hook/ld_library_path_lib.ps1'
[37.769s] INFO:colcon.colcon_core.shell:Creating environment descriptor '/home/robo/jdcobot200_imitation_learning/depth_cam/install/astra_camera/share/astra_camera/hook/ld_library_path_lib.dsv'
[37.769s] INFO:colcon.colcon_core.shell:Creating environment hook '/home/robo/jdcobot200_imitation_learning/depth_cam/install/astra_camera/share/astra_camera/hook/ld_library_path_lib.sh'
[37.770s] Level 1:colcon.colcon_core.environment:checking '/home/robo/jdcobot200_imitation_learning/depth_cam/install/astra_camera/bin'
[37.770s] Level 1:colcon.colcon_core.environment:checking '/home/robo/jdcobot200_imitation_learning/depth_cam/install/astra_camera/lib/pkgconfig/astra_camera.pc'
[37.770s] Level 1:colcon.colcon_core.environment:checking '/home/robo/jdcobot200_imitation_learning/depth_cam/install/astra_camera/lib/python3.10/site-packages'
[37.770s] Level 1:colcon.colcon_core.environment:checking '/home/robo/jdcobot200_imitation_learning/depth_cam/install/astra_camera/bin'
[37.770s] INFO:colcon.colcon_core.shell:Creating package script '/home/robo/jdcobot200_imitation_learning/depth_cam/install/astra_camera/share/astra_camera/package.ps1'
[37.771s] INFO:colcon.colcon_core.shell:Creating package descriptor '/home/robo/jdcobot200_imitation_learning/depth_cam/install/astra_camera/share/astra_camera/package.dsv'
[37.771s] INFO:colcon.colcon_core.shell:Creating package script '/home/robo/jdcobot200_imitation_learning/depth_cam/install/astra_camera/share/astra_camera/package.sh'
[37.771s] INFO:colcon.colcon_core.shell:Creating package script '/home/robo/jdcobot200_imitation_learning/depth_cam/install/astra_camera/share/astra_camera/package.bash'
[37.771s] INFO:colcon.colcon_core.shell:Creating package script '/home/robo/jdcobot200_imitation_learning/depth_cam/install/astra_camera/share/astra_camera/package.zsh'
[37.771s] Level 1:colcon.colcon_core.environment:create_file_with_runtime_dependencies(/home/robo/jdcobot200_imitation_learning/depth_cam/install/astra_camera/share/colcon-core/packages/astra_camera)
[37.771s] DEBUG:colcon.colcon_parallel_executor.executor.parallel:closing loop
[37.772s] DEBUG:colcon.colcon_parallel_executor.executor.parallel:loop closed
[37.772s] DEBUG:colcon.colcon_parallel_executor.executor.parallel:run_until_complete finished with '0'
[37.772s] DEBUG:colcon.colcon_core.event_reactor:joining thread
[37.775s] INFO:colcon.colcon_core.plugin_system:Skipping extension 'colcon_notification.desktop_notification.terminal_notifier': Not used on non-Darwin systems
[37.775s] INFO:colcon.colcon_core.plugin_system:Skipping extension 'colcon_notification.desktop_notification.win32': Not used on non-Windows systems
[37.775s] INFO:colcon.colcon_notification.desktop_notification:Sending desktop notification using 'notify2'
[37.775s] DEBUG:colcon.colcon_notification.desktop_notification.notify2:Failed to initialize notify2: org.freedesktop.DBus.Error.AccessDenied: Failed to connect to socket /run/user/1000/bus: Operation not permitted
[37.775s] DEBUG:colcon.colcon_core.event_reactor:joined thread
[37.775s] INFO:colcon.colcon_core.shell:Creating prefix script '/home/robo/jdcobot200_imitation_learning/depth_cam/install/local_setup.ps1'
[37.776s] INFO:colcon.colcon_core.shell:Creating prefix util module '/home/robo/jdcobot200_imitation_learning/depth_cam/install/_local_setup_util_ps1.py'
[37.776s] INFO:colcon.colcon_core.shell:Creating prefix chain script '/home/robo/jdcobot200_imitation_learning/depth_cam/install/setup.ps1'
[37.777s] INFO:colcon.colcon_core.shell:Creating prefix script '/home/robo/jdcobot200_imitation_learning/depth_cam/install/local_setup.sh'
[37.777s] INFO:colcon.colcon_core.shell:Creating prefix util module '/home/robo/jdcobot200_imitation_learning/depth_cam/install/_local_setup_util_sh.py'
[37.777s] INFO:colcon.colcon_core.shell:Creating prefix chain script '/home/robo/jdcobot200_imitation_learning/depth_cam/install/setup.sh'
[37.777s] INFO:colcon.colcon_core.shell:Creating prefix script '/home/robo/jdcobot200_imitation_learning/depth_cam/install/local_setup.bash'
[37.778s] INFO:colcon.colcon_core.shell:Creating prefix chain script '/home/robo/jdcobot200_imitation_learning/depth_cam/install/setup.bash'
[37.778s] INFO:colcon.colcon_core.shell:Creating prefix script '/home/robo/jdcobot200_imitation_learning/depth_cam/install/local_setup.zsh'
[37.778s] INFO:colcon.colcon_core.shell:Creating prefix chain script '/home/robo/jdcobot200_imitation_learning/depth_cam/install/setup.zsh'
