-- The C compiler identification is GNU 11.4.0
-- The CXX compiler identification is GNU 11.4.0
-- Detecting C compiler ABI info
-- Detecting C compiler ABI info - done
-- Check for working C compiler: /usr/bin/cc - skipped
-- Detecting C compile features
-- Detecting C compile features - done
-- Detecting CXX compiler ABI info
-- Detecting CXX compiler ABI info - done
-- Check for working CXX compiler: /usr/bin/c++ - skipped
-- Detecting CXX compile features
-- Detecting CXX compile features - done
-- Found ament_cmake: 1.3.12 (/opt/ros/humble/share/ament_cmake/cmake)
-- Found Python3: /usr/bin/python3 (found version "3.10.12") found components: Interpreter 
-- Override CMake install command with custom implementation using symlinks instead of copying resources
-- Found builtin_interfaces: 1.2.2 (/opt/ros/humble/share/builtin_interfaces/cmake)
-- Found rosidl_generator_c: 3.1.8 (/opt/ros/humble/share/rosidl_generator_c/cmake)
-- Found rosidl_adapter: 3.1.8 (/opt/ros/humble/share/rosidl_adapter/cmake)
-- Found rosidl_generator_cpp: 3.1.8 (/opt/ros/humble/share/rosidl_generator_cpp/cmake)
-- Using all available rosidl_typesupport_c: rosidl_typesupport_fastrtps_c;rosidl_typesupport_introspection_c
-- Using all available rosidl_typesupport_cpp: rosidl_typesupport_fastrtps_cpp;rosidl_typesupport_introspection_cpp
-- Found camera_info_manager: 3.1.13 (/opt/ros/humble/share/camera_info_manager/cmake)
-- Found rmw_implementation_cmake: 6.1.2 (/opt/ros/humble/share/rmw_implementation_cmake/cmake)
-- Found rmw_fastrtps_cpp: 6.2.9 (/opt/ros/humble/share/rmw_fastrtps_cpp/cmake)
-- Found OpenSSL: /usr/lib/x86_64-linux-gnu/libcrypto.so (found version "3.0.2")  
-- Found FastRTPS: /opt/ros/humble/include  
-- Using RMW implementation 'rmw_fastrtps_cpp' as default
-- Looking for pthread.h
-- Looking for pthread.h - found
-- Performing Test CMAKE_HAVE_LIBC_PTHREAD
-- Performing Test CMAKE_HAVE_LIBC_PTHREAD - Success
-- Found Threads: TRUE  
-- Found image_transport: 3.1.12 (/opt/ros/humble/share/image_transport/cmake)
-- Found rclcpp_components: 16.0.17 (/opt/ros/humble/share/rclcpp_components/cmake)
-- Found rosidl_default_generators: 1.2.0 (/opt/ros/humble/share/rosidl_default_generators/cmake)
-- Found PkgConfig: /usr/bin/pkg-config (found version "0.29.2") 
-- Checking for module 'libopenni2'
--   Found libopenni2, version 2.2.0.3
-- Found ament_cmake_ros: 0.10.0 (/opt/ros/humble/share/ament_cmake_ros/cmake)
-- Using all available rosidl_typesupport_c: rosidl_typesupport_fastrtps_c;rosidl_typesupport_introspection_c
-- Using all available rosidl_typesupport_cpp: rosidl_typesupport_fastrtps_cpp;rosidl_typesupport_introspection_cpp
-- Found PythonInterp: /usr/bin/python3 (found suitable version "3.10.12", minimum required is "3.6") 
-- Found python_cmake_module: 0.10.0 (/opt/ros/humble/share/python_cmake_module/cmake)
-- Found PythonLibs: /usr/lib/x86_64-linux-gnu/libpython3.10.so (found suitable version "3.10.12", minimum required is "3.5") 
-- Using PYTHON_EXECUTABLE: /usr/bin/python3
-- Using PYTHON_INCLUDE_DIRS: /usr/include/python3.10
-- Using PYTHON_LIBRARIES: /usr/lib/x86_64-linux-gnu/libpython3.10.so
-- Found PythonExtra: .so  
-- Configuring done
-- Generating done
-- Build files have been written to: /home/robo/jdcobot200_imitation_learning/depth_cam/build/openni2_camera
Consolidate compiler generated dependencies of target usb_reset
Consolidate compiler generated dependencies of target openni2_camera__rosidl_generator_c
Consolidate compiler generated dependencies of target openni2_camera_driver
Consolidate compiler generated dependencies of target openni2_wrapper
[  2%] Built target openni2_camera__cpp
[  6%] Built target usb_reset
[ 12%] Built target openni2_camera__rosidl_generator_c
[ 16%] Built target openni2_camera_driver
Consolidate compiler generated dependencies of target openni2_camera__rosidl_typesupport_cpp
Consolidate compiler generated dependencies of target openni2_camera__rosidl_typesupport_introspection_cpp
Consolidate compiler generated dependencies of target openni2_camera__rosidl_typesupport_c
Consolidate compiler generated dependencies of target openni2_camera__rosidl_typesupport_introspection_c
[ 16%] Built target ament_cmake_python_symlink_openni2_camera
[ 18%] Building CXX object CMakeFiles/openni2_wrapper.dir/src/openni2_convert.cpp.o
Consolidate compiler generated dependencies of target openni2_camera__rosidl_typesupport_fastrtps_cpp
Consolidate compiler generated dependencies of target openni2_camera__rosidl_typesupport_fastrtps_c
[ 20%] Building CXX object CMakeFiles/openni2_wrapper.dir/src/openni2_device.cpp.o
[ 26%] Built target openni2_camera__rosidl_typesupport_introspection_cpp
[ 28%] Building CXX object CMakeFiles/openni2_wrapper.dir/src/openni2_timer_filter.cpp.o
[ 34%] Built target openni2_camera__rosidl_typesupport_cpp
[ 40%] Built target openni2_camera__rosidl_typesupport_c
[ 46%] Built target openni2_camera__rosidl_typesupport_introspection_c
[ 50%] Building CXX object CMakeFiles/openni2_wrapper.dir/src/openni2_exception.cpp.o
[ 50%] Building CXX object CMakeFiles/openni2_wrapper.dir/src/openni2_device_info.cpp.o
[ 52%] Building CXX object CMakeFiles/openni2_wrapper.dir/src/openni2_frame_listener.cpp.o
[ 54%] Building CXX object CMakeFiles/openni2_wrapper.dir/src/openni2_device_manager.cpp.o
[ 56%] Building CXX object CMakeFiles/openni2_wrapper.dir/src/openni2_video_mode.cpp.o
[ 62%] Built target openni2_camera__rosidl_typesupport_fastrtps_c
[ 68%] Built target openni2_camera__rosidl_typesupport_fastrtps_cpp
[ 68%] Built target openni2_camera
[ 70%] Built target openni2_camera__py
Consolidate compiler generated dependencies of target openni2_camera__rosidl_generator_py
[ 74%] Built target openni2_camera__rosidl_generator_py
Consolidate compiler generated dependencies of target openni2_camera__rosidl_typesupport_fastrtps_c__pyext
Consolidate compiler generated dependencies of target openni2_camera__rosidl_typesupport_c__pyext
Consolidate compiler generated dependencies of target openni2_camera__rosidl_typesupport_introspection_c__pyext
[ 78%] Built target openni2_camera__rosidl_typesupport_fastrtps_c__pyext
[ 82%] Built target openni2_camera__rosidl_typesupport_introspection_c__pyext
[ 86%] Built target openni2_camera__rosidl_typesupport_c__pyext
running egg_info
writing openni2_camera.egg-info/PKG-INFO
writing dependency_links to openni2_camera.egg-info/dependency_links.txt
writing top-level names to openni2_camera.egg-info/top_level.txt
reading manifest file 'openni2_camera.egg-info/SOURCES.txt'
writing manifest file 'openni2_camera.egg-info/SOURCES.txt'
[ 86%] Built target ament_cmake_python_build_openni2_camera_egg
[ 88%] Linking CXX shared library libopenni2_wrapper.so
[ 88%] Built target openni2_wrapper
Consolidate compiler generated dependencies of target openni2_camera_lib
Consolidate compiler generated dependencies of target list_devices
Consolidate compiler generated dependencies of target test_wrapper
[ 90%] Building CXX object CMakeFiles/openni2_camera_lib.dir/src/openni2_driver.cpp.o
[ 92%] Building CXX object CMakeFiles/list_devices.dir/src/list_devices.cpp.o
[ 94%] Building CXX object CMakeFiles/test_wrapper.dir/test/test_wrapper.cpp.o
[ 96%] Linking CXX executable list_devices
[ 98%] Linking CXX executable test_wrapper
[ 98%] Built target list_devices
[ 98%] Built target test_wrapper
[100%] Linking CXX shared library libopenni2_camera_lib.so
[100%] Built target openni2_camera_lib
-- Install configuration: ""
-- Execute custom install script
-- Symlinking: /home/robo/jdcobot200_imitation_learning/depth_cam/install/openni2_camera/share/ament_index/resource_index/rosidl_interfaces/openni2_camera
-- Symlinking: /home/robo/jdcobot200_imitation_learning/depth_cam/install/openni2_camera/include/openni2_camera/openni2_camera/msg/rosidl_generator_c__visibility_control.h
-- Symlinking: /home/robo/jdcobot200_imitation_learning/depth_cam/install/openni2_camera/include/openni2_camera/openni2_camera/srv/detail/get_serial__functions.h
-- Symlinking: /home/robo/jdcobot200_imitation_learning/depth_cam/install/openni2_camera/include/openni2_camera/openni2_camera/srv/detail/get_serial__struct.h
-- Symlinking: /home/robo/jdcobot200_imitation_learning/depth_cam/install/openni2_camera/include/openni2_camera/openni2_camera/srv/detail/get_serial__type_support.h
-- Symlinking: /home/robo/jdcobot200_imitation_learning/depth_cam/install/openni2_camera/include/openni2_camera/openni2_camera/srv/get_serial.h
-- Symlinking: /home/robo/jdcobot200_imitation_learning/depth_cam/install/openni2_camera/share/openni2_camera/environment/library_path.sh
-- Symlinking: /home/robo/jdcobot200_imitation_learning/depth_cam/install/openni2_camera/share/openni2_camera/environment/library_path.dsv
-- Symlinking: /home/robo/jdcobot200_imitation_learning/depth_cam/install/openni2_camera/include/openni2_camera/openni2_camera/msg/rosidl_typesupport_fastrtps_c__visibility_control.h
-- Symlinking: /home/robo/jdcobot200_imitation_learning/depth_cam/install/openni2_camera/include/openni2_camera/openni2_camera/srv/detail/get_serial__rosidl_typesupport_fastrtps_c.h
-- Symlinking: /home/robo/jdcobot200_imitation_learning/depth_cam/install/openni2_camera/include/openni2_camera/openni2_camera/msg/rosidl_generator_cpp__visibility_control.hpp
-- Symlinking: /home/robo/jdcobot200_imitation_learning/depth_cam/install/openni2_camera/include/openni2_camera/openni2_camera/srv/detail/get_serial__builder.hpp
-- Symlinking: /home/robo/jdcobot200_imitation_learning/depth_cam/install/openni2_camera/include/openni2_camera/openni2_camera/srv/detail/get_serial__struct.hpp
-- Symlinking: /home/robo/jdcobot200_imitation_learning/depth_cam/install/openni2_camera/include/openni2_camera/openni2_camera/srv/detail/get_serial__traits.hpp
-- Symlinking: /home/robo/jdcobot200_imitation_learning/depth_cam/install/openni2_camera/include/openni2_camera/openni2_camera/srv/detail/get_serial__type_support.hpp
-- Symlinking: /home/robo/jdcobot200_imitation_learning/depth_cam/install/openni2_camera/include/openni2_camera/openni2_camera/srv/get_serial.hpp
-- Symlinking: /home/robo/jdcobot200_imitation_learning/depth_cam/install/openni2_camera/include/openni2_camera/openni2_camera/msg/rosidl_typesupport_fastrtps_cpp__visibility_control.h
-- Symlinking: /home/robo/jdcobot200_imitation_learning/depth_cam/install/openni2_camera/include/openni2_camera/openni2_camera/srv/detail/get_serial__rosidl_typesupport_fastrtps_cpp.hpp
-- Symlinking: /home/robo/jdcobot200_imitation_learning/depth_cam/install/openni2_camera/include/openni2_camera/openni2_camera/msg/rosidl_typesupport_introspection_c__visibility_control.h
-- Symlinking: /home/robo/jdcobot200_imitation_learning/depth_cam/install/openni2_camera/include/openni2_camera/openni2_camera/srv/detail/get_serial__rosidl_typesupport_introspection_c.h
-- Symlinking: /home/robo/jdcobot200_imitation_learning/depth_cam/install/openni2_camera/include/openni2_camera/openni2_camera/srv/detail/get_serial__rosidl_typesupport_introspection_cpp.hpp
-- Symlinking: /home/robo/jdcobot200_imitation_learning/depth_cam/install/openni2_camera/share/openni2_camera/environment/pythonpath.sh
-- Symlinking: /home/robo/jdcobot200_imitation_learning/depth_cam/install/openni2_camera/share/openni2_camera/environment/pythonpath.dsv
-- Symlinking: /home/robo/jdcobot200_imitation_learning/depth_cam/install/openni2_camera/local/lib/python3.10/dist-packages/openni2_camera-2.0.3-py3.10.egg-info/PKG-INFO
-- Symlinking: /home/robo/jdcobot200_imitation_learning/depth_cam/install/openni2_camera/local/lib/python3.10/dist-packages/openni2_camera-2.0.3-py3.10.egg-info/SOURCES.txt
-- Symlinking: /home/robo/jdcobot200_imitation_learning/depth_cam/install/openni2_camera/local/lib/python3.10/dist-packages/openni2_camera-2.0.3-py3.10.egg-info/dependency_links.txt
-- Symlinking: /home/robo/jdcobot200_imitation_learning/depth_cam/install/openni2_camera/local/lib/python3.10/dist-packages/openni2_camera-2.0.3-py3.10.egg-info/top_level.txt
-- Symlinking: /home/robo/jdcobot200_imitation_learning/depth_cam/install/openni2_camera/local/lib/python3.10/dist-packages/openni2_camera/__init__.py
-- Symlinking: /home/robo/jdcobot200_imitation_learning/depth_cam/install/openni2_camera/local/lib/python3.10/dist-packages/openni2_camera/_openni2_camera_s.ep.rosidl_typesupport_c.c
-- Symlinking: /home/robo/jdcobot200_imitation_learning/depth_cam/install/openni2_camera/local/lib/python3.10/dist-packages/openni2_camera/_openni2_camera_s.ep.rosidl_typesupport_fastrtps_c.c
-- Symlinking: /home/robo/jdcobot200_imitation_learning/depth_cam/install/openni2_camera/local/lib/python3.10/dist-packages/openni2_camera/_openni2_camera_s.ep.rosidl_typesupport_introspection_c.c
-- Symlinking: /home/robo/jdcobot200_imitation_learning/depth_cam/install/openni2_camera/local/lib/python3.10/dist-packages/openni2_camera/libopenni2_camera__rosidl_generator_py.so
-- Symlinking: /home/robo/jdcobot200_imitation_learning/depth_cam/install/openni2_camera/local/lib/python3.10/dist-packages/openni2_camera/openni2_camera_s__rosidl_typesupport_c.cpython-310-x86_64-linux-gnu.so
-- Symlinking: /home/robo/jdcobot200_imitation_learning/depth_cam/install/openni2_camera/local/lib/python3.10/dist-packages/openni2_camera/openni2_camera_s__rosidl_typesupport_fastrtps_c.cpython-310-x86_64-linux-gnu.so
-- Symlinking: /home/robo/jdcobot200_imitation_learning/depth_cam/install/openni2_camera/local/lib/python3.10/dist-packages/openni2_camera/openni2_camera_s__rosidl_typesupport_introspection_c.cpython-310-x86_64-linux-gnu.so
-- Symlinking: /home/robo/jdcobot200_imitation_learning/depth_cam/install/openni2_camera/local/lib/python3.10/dist-packages/openni2_camera/srv/__init__.py
-- Symlinking: /home/robo/jdcobot200_imitation_learning/depth_cam/install/openni2_camera/local/lib/python3.10/dist-packages/openni2_camera/srv/_get_serial.py
-- Symlinking: /home/robo/jdcobot200_imitation_learning/depth_cam/install/openni2_camera/local/lib/python3.10/dist-packages/openni2_camera/srv/_get_serial_s.c
-- Up-to-date symlink: /home/robo/jdcobot200_imitation_learning/depth_cam/install/openni2_camera/local/lib/python3.10/dist-packages/openni2_camera/openni2_camera_s__rosidl_typesupport_fastrtps_c.cpython-310-x86_64-linux-gnu.so
-- Up-to-date symlink: /home/robo/jdcobot200_imitation_learning/depth_cam/install/openni2_camera/local/lib/python3.10/dist-packages/openni2_camera/openni2_camera_s__rosidl_typesupport_introspection_c.cpython-310-x86_64-linux-gnu.so
-- Up-to-date symlink: /home/robo/jdcobot200_imitation_learning/depth_cam/install/openni2_camera/local/lib/python3.10/dist-packages/openni2_camera/openni2_camera_s__rosidl_typesupport_c.cpython-310-x86_64-linux-gnu.so
-- Symlinking: /home/robo/jdcobot200_imitation_learning/depth_cam/install/openni2_camera/share/openni2_camera/srv/GetSerial.idl
-- Symlinking: /home/robo/jdcobot200_imitation_learning/depth_cam/install/openni2_camera/share/openni2_camera/srv/GetSerial.srv
-- Symlinking: /home/robo/jdcobot200_imitation_learning/depth_cam/install/openni2_camera/share/openni2_camera/srv/GetSerial_Request.msg
-- Symlinking: /home/robo/jdcobot200_imitation_learning/depth_cam/install/openni2_camera/share/openni2_camera/srv/GetSerial_Response.msg
-- Symlinking: /home/robo/jdcobot200_imitation_learning/depth_cam/install/openni2_camera/lib/openni2_camera/openni2_camera_driver
-- Symlinking: /home/robo/jdcobot200_imitation_learning/depth_cam/install/openni2_camera/lib/openni2_camera/list_devices
-- Symlinking: /home/robo/jdcobot200_imitation_learning/depth_cam/install/openni2_camera/lib/libopenni2_camera_lib.so
-- Symlinking: /home/robo/jdcobot200_imitation_learning/depth_cam/install/openni2_camera/lib/libopenni2_wrapper.so
-- Symlinking: /home/robo/jdcobot200_imitation_learning/depth_cam/install/openni2_camera/lib/openni2_camera/usb_reset
-- Symlinking: /home/robo/jdcobot200_imitation_learning/depth_cam/install/openni2_camera/include/openni2_camera/openni2_convert.h
-- Symlinking: /home/robo/jdcobot200_imitation_learning/depth_cam/install/openni2_camera/include/openni2_camera/openni2_device.h
-- Symlinking: /home/robo/jdcobot200_imitation_learning/depth_cam/install/openni2_camera/include/openni2_camera/openni2_device_info.h
-- Symlinking: /home/robo/jdcobot200_imitation_learning/depth_cam/install/openni2_camera/include/openni2_camera/openni2_device_manager.h
-- Symlinking: /home/robo/jdcobot200_imitation_learning/depth_cam/install/openni2_camera/include/openni2_camera/openni2_driver.h
-- Symlinking: /home/robo/jdcobot200_imitation_learning/depth_cam/install/openni2_camera/include/openni2_camera/openni2_exception.h
-- Symlinking: /home/robo/jdcobot200_imitation_learning/depth_cam/install/openni2_camera/include/openni2_camera/openni2_frame_listener.h
-- Symlinking: /home/robo/jdcobot200_imitation_learning/depth_cam/install/openni2_camera/include/openni2_camera/openni2_timer_filter.h
-- Symlinking: /home/robo/jdcobot200_imitation_learning/depth_cam/install/openni2_camera/include/openni2_camera/openni2_video_mode.h
-- Symlinking: /home/robo/jdcobot200_imitation_learning/depth_cam/install/openni2_camera/share/openni2_camera//launch/camera_only.launch.py
-- Symlinking: /home/robo/jdcobot200_imitation_learning/depth_cam/install/openni2_camera/share/openni2_camera//launch/camera_with_cloud.launch.py
-- Symlinking: /home/robo/jdcobot200_imitation_learning/depth_cam/install/openni2_camera/share/openni2_camera//launch/camera_with_cloud_norgb.launch.py
-- Symlinking: /home/robo/jdcobot200_imitation_learning/depth_cam/install/openni2_camera/share/openni2_camera//launch/tfs.launch.py
-- Symlinking: /home/robo/jdcobot200_imitation_learning/depth_cam/install/openni2_camera/share/ament_index/resource_index/package_run_dependencies/openni2_camera
-- Symlinking: /home/robo/jdcobot200_imitation_learning/depth_cam/install/openni2_camera/share/ament_index/resource_index/parent_prefix_path/openni2_camera
-- Symlinking: /home/robo/jdcobot200_imitation_learning/depth_cam/install/openni2_camera/share/openni2_camera/environment/ament_prefix_path.sh
-- Symlinking: /home/robo/jdcobot200_imitation_learning/depth_cam/install/openni2_camera/share/openni2_camera/environment/ament_prefix_path.dsv
-- Symlinking: /home/robo/jdcobot200_imitation_learning/depth_cam/install/openni2_camera/share/openni2_camera/environment/path.sh
-- Symlinking: /home/robo/jdcobot200_imitation_learning/depth_cam/install/openni2_camera/share/openni2_camera/environment/path.dsv
-- Symlinking: /home/robo/jdcobot200_imitation_learning/depth_cam/install/openni2_camera/share/openni2_camera/local_setup.bash
-- Symlinking: /home/robo/jdcobot200_imitation_learning/depth_cam/install/openni2_camera/share/openni2_camera/local_setup.sh
-- Symlinking: /home/robo/jdcobot200_imitation_learning/depth_cam/install/openni2_camera/share/openni2_camera/local_setup.zsh
-- Symlinking: /home/robo/jdcobot200_imitation_learning/depth_cam/install/openni2_camera/share/openni2_camera/local_setup.dsv
-- Symlinking: /home/robo/jdcobot200_imitation_learning/depth_cam/install/openni2_camera/share/openni2_camera/package.dsv
-- Symlinking: /home/robo/jdcobot200_imitation_learning/depth_cam/install/openni2_camera/share/ament_index/resource_index/packages/openni2_camera
-- Symlinking: /home/robo/jdcobot200_imitation_learning/depth_cam/install/openni2_camera/share/ament_index/resource_index/rclcpp_components/openni2_camera
-- Symlinking: /home/robo/jdcobot200_imitation_learning/depth_cam/install/openni2_camera/share/openni2_camera/cmake/rosidl_cmake-extras.cmake
-- Symlinking: /home/robo/jdcobot200_imitation_learning/depth_cam/install/openni2_camera/share/openni2_camera/cmake/ament_cmake_export_dependencies-extras.cmake
-- Symlinking: /home/robo/jdcobot200_imitation_learning/depth_cam/install/openni2_camera/share/openni2_camera/cmake/ament_cmake_export_include_directories-extras.cmake
-- Symlinking: /home/robo/jdcobot200_imitation_learning/depth_cam/install/openni2_camera/share/openni2_camera/cmake/ament_cmake_export_libraries-extras.cmake
-- Symlinking: /home/robo/jdcobot200_imitation_learning/depth_cam/install/openni2_camera/share/openni2_camera/cmake/ament_cmake_export_targets-extras.cmake
-- Symlinking: /home/robo/jdcobot200_imitation_learning/depth_cam/install/openni2_camera/share/openni2_camera/cmake/rosidl_cmake_export_typesupport_targets-extras.cmake
-- Symlinking: /home/robo/jdcobot200_imitation_learning/depth_cam/install/openni2_camera/share/openni2_camera/cmake/rosidl_cmake_export_typesupport_libraries-extras.cmake
-- Symlinking: /home/robo/jdcobot200_imitation_learning/depth_cam/install/openni2_camera/share/openni2_camera/cmake/openni2_cameraConfig.cmake
-- Symlinking: /home/robo/jdcobot200_imitation_learning/depth_cam/install/openni2_camera/share/openni2_camera/cmake/openni2_cameraConfig-version.cmake
-- Symlinking: /home/robo/jdcobot200_imitation_learning/depth_cam/install/openni2_camera/share/openni2_camera/package.xml
-- Installing: /home/robo/jdcobot200_imitation_learning/depth_cam/install/openni2_camera/lib/libopenni2_camera__rosidl_generator_c.so
-- Set runtime path of "/home/robo/jdcobot200_imitation_learning/depth_cam/install/openni2_camera/lib/libopenni2_camera__rosidl_generator_c.so" to ""
-- Installing: /home/robo/jdcobot200_imitation_learning/depth_cam/install/openni2_camera/lib/libopenni2_camera__rosidl_typesupport_fastrtps_c.so
-- Set runtime path of "/home/robo/jdcobot200_imitation_learning/depth_cam/install/openni2_camera/lib/libopenni2_camera__rosidl_typesupport_fastrtps_c.so" to ""
-- Installing: /home/robo/jdcobot200_imitation_learning/depth_cam/install/openni2_camera/lib/libopenni2_camera__rosidl_typesupport_fastrtps_cpp.so
-- Set runtime path of "/home/robo/jdcobot200_imitation_learning/depth_cam/install/openni2_camera/lib/libopenni2_camera__rosidl_typesupport_fastrtps_cpp.so" to ""
-- Installing: /home/robo/jdcobot200_imitation_learning/depth_cam/install/openni2_camera/lib/libopenni2_camera__rosidl_typesupport_introspection_c.so
-- Set runtime path of "/home/robo/jdcobot200_imitation_learning/depth_cam/install/openni2_camera/lib/libopenni2_camera__rosidl_typesupport_introspection_c.so" to ""
-- Installing: /home/robo/jdcobot200_imitation_learning/depth_cam/install/openni2_camera/lib/libopenni2_camera__rosidl_typesupport_c.so
-- Set runtime path of "/home/robo/jdcobot200_imitation_learning/depth_cam/install/openni2_camera/lib/libopenni2_camera__rosidl_typesupport_c.so" to ""
-- Installing: /home/robo/jdcobot200_imitation_learning/depth_cam/install/openni2_camera/lib/libopenni2_camera__rosidl_typesupport_introspection_cpp.so
-- Set runtime path of "/home/robo/jdcobot200_imitation_learning/depth_cam/install/openni2_camera/lib/libopenni2_camera__rosidl_typesupport_introspection_cpp.so" to ""
-- Installing: /home/robo/jdcobot200_imitation_learning/depth_cam/install/openni2_camera/lib/libopenni2_camera__rosidl_typesupport_cpp.so
-- Set runtime path of "/home/robo/jdcobot200_imitation_learning/depth_cam/install/openni2_camera/lib/libopenni2_camera__rosidl_typesupport_cpp.so" to ""
Listing '/home/robo/jdcobot200_imitation_learning/depth_cam/install/openni2_camera/local/lib/python3.10/dist-packages/openni2_camera'...
Compiling '/home/robo/jdcobot200_imitation_learning/depth_cam/install/openni2_camera/local/lib/python3.10/dist-packages/openni2_camera/__init__.py'...
Listing '/home/robo/jdcobot200_imitation_learning/depth_cam/install/openni2_camera/local/lib/python3.10/dist-packages/openni2_camera/srv'...
Compiling '/home/robo/jdcobot200_imitation_learning/depth_cam/install/openni2_camera/local/lib/python3.10/dist-packages/openni2_camera/srv/__init__.py'...
Compiling '/home/robo/jdcobot200_imitation_learning/depth_cam/install/openni2_camera/local/lib/python3.10/dist-packages/openni2_camera/srv/_get_serial.py'...
-- Installing: /home/robo/jdcobot200_imitation_learning/depth_cam/install/openni2_camera/lib/libopenni2_camera__rosidl_generator_py.so
-- Set runtime path of "/home/robo/jdcobot200_imitation_learning/depth_cam/install/openni2_camera/lib/libopenni2_camera__rosidl_generator_py.so" to ""
-- Installing: /home/robo/jdcobot200_imitation_learning/depth_cam/install/openni2_camera/share/openni2_camera/cmake/export_openni2_camera__rosidl_generator_cExport.cmake
-- Installing: /home/robo/jdcobot200_imitation_learning/depth_cam/install/openni2_camera/share/openni2_camera/cmake/export_openni2_camera__rosidl_generator_cExport-noconfig.cmake
-- Installing: /home/robo/jdcobot200_imitation_learning/depth_cam/install/openni2_camera/share/openni2_camera/cmake/export_openni2_camera__rosidl_typesupport_fastrtps_cExport.cmake
-- Installing: /home/robo/jdcobot200_imitation_learning/depth_cam/install/openni2_camera/share/openni2_camera/cmake/export_openni2_camera__rosidl_typesupport_fastrtps_cExport-noconfig.cmake
-- Installing: /home/robo/jdcobot200_imitation_learning/depth_cam/install/openni2_camera/share/openni2_camera/cmake/export_openni2_camera__rosidl_generator_cppExport.cmake
-- Installing: /home/robo/jdcobot200_imitation_learning/depth_cam/install/openni2_camera/share/openni2_camera/cmake/export_openni2_camera__rosidl_typesupport_fastrtps_cppExport.cmake
-- Installing: /home/robo/jdcobot200_imitation_learning/depth_cam/install/openni2_camera/share/openni2_camera/cmake/export_openni2_camera__rosidl_typesupport_fastrtps_cppExport-noconfig.cmake
-- Installing: /home/robo/jdcobot200_imitation_learning/depth_cam/install/openni2_camera/share/openni2_camera/cmake/openni2_camera__rosidl_typesupport_introspection_cExport.cmake
-- Installing: /home/robo/jdcobot200_imitation_learning/depth_cam/install/openni2_camera/share/openni2_camera/cmake/openni2_camera__rosidl_typesupport_introspection_cExport-noconfig.cmake
-- Installing: /home/robo/jdcobot200_imitation_learning/depth_cam/install/openni2_camera/share/openni2_camera/cmake/openni2_camera__rosidl_typesupport_cExport.cmake
-- Installing: /home/robo/jdcobot200_imitation_learning/depth_cam/install/openni2_camera/share/openni2_camera/cmake/openni2_camera__rosidl_typesupport_cExport-noconfig.cmake
-- Installing: /home/robo/jdcobot200_imitation_learning/depth_cam/install/openni2_camera/share/openni2_camera/cmake/openni2_camera__rosidl_typesupport_introspection_cppExport.cmake
-- Installing: /home/robo/jdcobot200_imitation_learning/depth_cam/install/openni2_camera/share/openni2_camera/cmake/openni2_camera__rosidl_typesupport_introspection_cppExport-noconfig.cmake
-- Installing: /home/robo/jdcobot200_imitation_learning/depth_cam/install/openni2_camera/share/openni2_camera/cmake/openni2_camera__rosidl_typesupport_cppExport.cmake
-- Installing: /home/robo/jdcobot200_imitation_learning/depth_cam/install/openni2_camera/share/openni2_camera/cmake/openni2_camera__rosidl_typesupport_cppExport-noconfig.cmake
-- Installing: /home/robo/jdcobot200_imitation_learning/depth_cam/install/openni2_camera/share/openni2_camera/cmake/export_openni2_camera__rosidl_generator_pyExport.cmake
-- Installing: /home/robo/jdcobot200_imitation_learning/depth_cam/install/openni2_camera/share/openni2_camera/cmake/export_openni2_camera__rosidl_generator_pyExport-noconfig.cmake
