[0.005s] Invoking command in '/home/robo/jdcobot200_imitation_learning/depth_cam/build/openni2_camera': CMAKE_PREFIX_PATH=/opt/ros/humble /usr/bin/cmake /home/robo/jdcobot200_imitation_learning/depth_cam/src/openni2_camera/openni2_camera -DAMENT_CMAKE_SYMLINK_INSTALL=1 -DCMAKE_INSTALL_PREFIX=/home/robo/jdcobot200_imitation_learning/depth_cam/install/openni2_camera
[0.061s] -- The C compiler identification is GNU 11.4.0
[0.131s] -- The CXX compiler identification is GNU 11.4.0
[0.135s] -- Detecting C compiler ABI info
[0.209s] -- Detecting C compiler ABI info - done
[0.215s] -- Check for working C compiler: /usr/bin/cc - skipped
[0.215s] -- Detecting C compile features
[0.216s] -- Detecting C compile features - done
[0.217s] -- Detecting CXX compiler ABI info
[0.312s] -- Detecting CXX compiler ABI info - done
[0.317s] -- Check for working CXX compiler: /usr/bin/c++ - skipped
[0.317s] -- Detecting CXX compile features
[0.318s] -- Detecting CXX compile features - done
[0.319s] -- Found ament_cmake: 1.3.12 (/opt/ros/humble/share/ament_cmake/cmake)
[0.462s] -- Found Python3: /usr/bin/python3 (found version "3.10.12") found components: Interpreter 
[0.506s] -- Override CMake install command with custom implementation using symlinks instead of copying resources
[0.519s] -- Found builtin_interfaces: 1.2.2 (/opt/ros/humble/share/builtin_interfaces/cmake)
[0.536s] -- Found rosidl_generator_c: 3.1.8 (/opt/ros/humble/share/rosidl_generator_c/cmake)
[0.538s] -- Found rosidl_adapter: 3.1.8 (/opt/ros/humble/share/rosidl_adapter/cmake)
[0.542s] -- Found rosidl_generator_cpp: 3.1.8 (/opt/ros/humble/share/rosidl_generator_cpp/cmake)
[0.547s] -- Using all available rosidl_typesupport_c: rosidl_typesupport_fastrtps_c;rosidl_typesupport_introspection_c
[0.555s] -- Using all available rosidl_typesupport_cpp: rosidl_typesupport_fastrtps_cpp;rosidl_typesupport_introspection_cpp
[0.561s] -- Found camera_info_manager: 3.1.13 (/opt/ros/humble/share/camera_info_manager/cmake)
[0.580s] -- Found rmw_implementation_cmake: 6.1.2 (/opt/ros/humble/share/rmw_implementation_cmake/cmake)
[0.581s] -- Found rmw_fastrtps_cpp: 6.2.9 (/opt/ros/humble/share/rmw_fastrtps_cpp/cmake)
[0.644s] -- Found OpenSSL: /usr/lib/x86_64-linux-gnu/libcrypto.so (found version "3.0.2")  
[0.681s] -- Found FastRTPS: /opt/ros/humble/include  
[0.718s] -- Using RMW implementation 'rmw_fastrtps_cpp' as default
[0.728s] -- Looking for pthread.h
[0.801s] -- Looking for pthread.h - found
[0.801s] -- Performing Test CMAKE_HAVE_LIBC_PTHREAD
[0.869s] -- Performing Test CMAKE_HAVE_LIBC_PTHREAD - Success
[0.870s] -- Found Threads: TRUE  
[0.921s] -- Found image_transport: 3.1.12 (/opt/ros/humble/share/image_transport/cmake)
[0.936s] -- Found rclcpp_components: 16.0.17 (/opt/ros/humble/share/rclcpp_components/cmake)
[0.946s] -- Found rosidl_default_generators: 1.2.0 (/opt/ros/humble/share/rosidl_default_generators/cmake)
[0.952s] -- Found PkgConfig: /usr/bin/pkg-config (found version "0.29.2") 
[0.952s] -- Checking for module 'libopenni2'
[0.962s] --   Found libopenni2, version 2.2.0.3
[1.178s] -- Found ament_cmake_ros: 0.10.0 (/opt/ros/humble/share/ament_cmake_ros/cmake)
[1.383s] -- Using all available rosidl_typesupport_c: rosidl_typesupport_fastrtps_c;rosidl_typesupport_introspection_c
[1.454s] -- Using all available rosidl_typesupport_cpp: rosidl_typesupport_fastrtps_cpp;rosidl_typesupport_introspection_cpp
[1.466s] -- Found PythonInterp: /usr/bin/python3 (found suitable version "3.10.12", minimum required is "3.6") 
[1.467s] -- Found python_cmake_module: 0.10.0 (/opt/ros/humble/share/python_cmake_module/cmake)
[1.480s] -- Found PythonLibs: /usr/lib/x86_64-linux-gnu/libpython3.10.so (found suitable version "3.10.12", minimum required is "3.5") 
[1.480s] -- Using PYTHON_EXECUTABLE: /usr/bin/python3
[1.480s] -- Using PYTHON_INCLUDE_DIRS: /usr/include/python3.10
[1.480s] -- Using PYTHON_LIBRARIES: /usr/lib/x86_64-linux-gnu/libpython3.10.so
[1.491s] -- Found PythonExtra: .so  
[1.514s] -- Configuring done
[1.538s] -- Generating done
[1.547s] -- Build files have been written to: /home/robo/jdcobot200_imitation_learning/depth_cam/build/openni2_camera
[1.554s] Invoked command in '/home/robo/jdcobot200_imitation_learning/depth_cam/build/openni2_camera' returned '0': CMAKE_PREFIX_PATH=/opt/ros/humble /usr/bin/cmake /home/robo/jdcobot200_imitation_learning/depth_cam/src/openni2_camera/openni2_camera -DAMENT_CMAKE_SYMLINK_INSTALL=1 -DCMAKE_INSTALL_PREFIX=/home/robo/jdcobot200_imitation_learning/depth_cam/install/openni2_camera
[1.555s] Invoking command in '/home/robo/jdcobot200_imitation_learning/depth_cam/build/openni2_camera': CMAKE_PREFIX_PATH=/opt/ros/humble /usr/bin/cmake --build /home/robo/jdcobot200_imitation_learning/depth_cam/build/openni2_camera -- -j24 -l24
[1.584s] Consolidate compiler generated dependencies of target usb_reset
[1.584s] Consolidate compiler generated dependencies of target openni2_camera__rosidl_generator_c
[1.585s] Consolidate compiler generated dependencies of target openni2_camera_driver
[1.594s] Consolidate compiler generated dependencies of target openni2_wrapper
[1.594s] [  2%] Built target openni2_camera__cpp
[1.594s] [  6%] Built target usb_reset
[1.595s] [ 12%] Built target openni2_camera__rosidl_generator_c
[1.597s] [ 16%] Built target openni2_camera_driver
[1.602s] Consolidate compiler generated dependencies of target openni2_camera__rosidl_typesupport_cpp
[1.602s] Consolidate compiler generated dependencies of target openni2_camera__rosidl_typesupport_introspection_cpp
[1.603s] Consolidate compiler generated dependencies of target openni2_camera__rosidl_typesupport_c
[1.603s] Consolidate compiler generated dependencies of target openni2_camera__rosidl_typesupport_introspection_c
[1.606s] [ 16%] Built target ament_cmake_python_symlink_openni2_camera
[1.609s] [ 18%] Building CXX object CMakeFiles/openni2_wrapper.dir/src/openni2_convert.cpp.o
[1.610s] Consolidate compiler generated dependencies of target openni2_camera__rosidl_typesupport_fastrtps_cpp
[1.611s] Consolidate compiler generated dependencies of target openni2_camera__rosidl_typesupport_fastrtps_c
[1.612s] [ 20%] Building CXX object CMakeFiles/openni2_wrapper.dir/src/openni2_device.cpp.o
[1.613s] [ 26%] Built target openni2_camera__rosidl_typesupport_introspection_cpp
[1.613s] [ 28%] Building CXX object CMakeFiles/openni2_wrapper.dir/src/openni2_timer_filter.cpp.o
[1.614s] [ 34%] Built target openni2_camera__rosidl_typesupport_cpp
[1.614s] [ 40%] Built target openni2_camera__rosidl_typesupport_c
[1.615s] [ 46%] Built target openni2_camera__rosidl_typesupport_introspection_c
[1.616s] [ 50%] Building CXX object CMakeFiles/openni2_wrapper.dir/src/openni2_exception.cpp.o
[1.616s] [ 50%] Building CXX object CMakeFiles/openni2_wrapper.dir/src/openni2_device_info.cpp.o
[1.617s] [ 52%] Building CXX object CMakeFiles/openni2_wrapper.dir/src/openni2_frame_listener.cpp.o
[1.617s] [ 54%] Building CXX object CMakeFiles/openni2_wrapper.dir/src/openni2_device_manager.cpp.o
[1.619s] [ 56%] Building CXX object CMakeFiles/openni2_wrapper.dir/src/openni2_video_mode.cpp.o
[1.623s] [ 62%] Built target openni2_camera__rosidl_typesupport_fastrtps_c
[1.623s] [ 68%] Built target openni2_camera__rosidl_typesupport_fastrtps_cpp
[1.642s] [ 68%] Built target openni2_camera
[1.657s] [ 70%] Built target openni2_camera__py
[1.667s] Consolidate compiler generated dependencies of target openni2_camera__rosidl_generator_py
[1.677s] [ 74%] Built target openni2_camera__rosidl_generator_py
[1.684s] Consolidate compiler generated dependencies of target openni2_camera__rosidl_typesupport_fastrtps_c__pyext
[1.687s] Consolidate compiler generated dependencies of target openni2_camera__rosidl_typesupport_c__pyext
[1.687s] Consolidate compiler generated dependencies of target openni2_camera__rosidl_typesupport_introspection_c__pyext
[1.692s] [ 78%] Built target openni2_camera__rosidl_typesupport_fastrtps_c__pyext
[1.695s] [ 82%] Built target openni2_camera__rosidl_typesupport_introspection_c__pyext
[1.696s] [ 86%] Built target openni2_camera__rosidl_typesupport_c__pyext
[1.744s] running egg_info
[1.745s] writing openni2_camera.egg-info/PKG-INFO
[1.745s] writing dependency_links to openni2_camera.egg-info/dependency_links.txt
[1.745s] writing top-level names to openni2_camera.egg-info/top_level.txt
[1.746s] reading manifest file 'openni2_camera.egg-info/SOURCES.txt'
[1.747s] writing manifest file 'openni2_camera.egg-info/SOURCES.txt'
[1.762s] [ 86%] Built target ament_cmake_python_build_openni2_camera_egg
[3.138s] [ 88%] Linking CXX shared library libopenni2_wrapper.so
[3.234s] [ 88%] Built target openni2_wrapper
[3.241s] Consolidate compiler generated dependencies of target openni2_camera_lib
[3.244s] Consolidate compiler generated dependencies of target list_devices
[3.244s] Consolidate compiler generated dependencies of target test_wrapper
[3.253s] [ 90%] Building CXX object CMakeFiles/openni2_camera_lib.dir/src/openni2_driver.cpp.o
[3.256s] [ 92%] Building CXX object CMakeFiles/list_devices.dir/src/list_devices.cpp.o
[3.256s] [ 94%] Building CXX object CMakeFiles/test_wrapper.dir/test/test_wrapper.cpp.o
[4.545s] [ 96%] Linking CXX executable list_devices
[4.603s] [ 98%] Linking CXX executable test_wrapper
[4.609s] [ 98%] Built target list_devices
[4.680s] [ 98%] Built target test_wrapper
[6.163s] [100%] Linking CXX shared library libopenni2_camera_lib.so
[6.308s] [100%] Built target openni2_camera_lib
[6.317s] Invoked command in '/home/robo/jdcobot200_imitation_learning/depth_cam/build/openni2_camera' returned '0': CMAKE_PREFIX_PATH=/opt/ros/humble /usr/bin/cmake --build /home/robo/jdcobot200_imitation_learning/depth_cam/build/openni2_camera -- -j24 -l24
[6.324s] Invoking command in '/home/robo/jdcobot200_imitation_learning/depth_cam/build/openni2_camera': CMAKE_PREFIX_PATH=/opt/ros/humble /usr/bin/cmake --install /home/robo/jdcobot200_imitation_learning/depth_cam/build/openni2_camera
[6.328s] -- Install configuration: ""
[6.328s] -- Execute custom install script
[6.329s] -- Symlinking: /home/robo/jdcobot200_imitation_learning/depth_cam/install/openni2_camera/share/ament_index/resource_index/rosidl_interfaces/openni2_camera
[6.334s] -- Symlinking: /home/robo/jdcobot200_imitation_learning/depth_cam/install/openni2_camera/include/openni2_camera/openni2_camera/msg/rosidl_generator_c__visibility_control.h
[6.343s] -- Symlinking: /home/robo/jdcobot200_imitation_learning/depth_cam/install/openni2_camera/include/openni2_camera/openni2_camera/srv/detail/get_serial__functions.h
[6.353s] -- Symlinking: /home/robo/jdcobot200_imitation_learning/depth_cam/install/openni2_camera/include/openni2_camera/openni2_camera/srv/detail/get_serial__struct.h
[6.362s] -- Symlinking: /home/robo/jdcobot200_imitation_learning/depth_cam/install/openni2_camera/include/openni2_camera/openni2_camera/srv/detail/get_serial__type_support.h
[6.372s] -- Symlinking: /home/robo/jdcobot200_imitation_learning/depth_cam/install/openni2_camera/include/openni2_camera/openni2_camera/srv/get_serial.h
[6.380s] -- Symlinking: /home/robo/jdcobot200_imitation_learning/depth_cam/install/openni2_camera/share/openni2_camera/environment/library_path.sh
[6.395s] -- Symlinking: /home/robo/jdcobot200_imitation_learning/depth_cam/install/openni2_camera/share/openni2_camera/environment/library_path.dsv
[6.404s] -- Symlinking: /home/robo/jdcobot200_imitation_learning/depth_cam/install/openni2_camera/include/openni2_camera/openni2_camera/msg/rosidl_typesupport_fastrtps_c__visibility_control.h
[6.413s] -- Symlinking: /home/robo/jdcobot200_imitation_learning/depth_cam/install/openni2_camera/include/openni2_camera/openni2_camera/srv/detail/get_serial__rosidl_typesupport_fastrtps_c.h
[6.425s] -- Symlinking: /home/robo/jdcobot200_imitation_learning/depth_cam/install/openni2_camera/include/openni2_camera/openni2_camera/msg/rosidl_generator_cpp__visibility_control.hpp
[6.433s] -- Symlinking: /home/robo/jdcobot200_imitation_learning/depth_cam/install/openni2_camera/include/openni2_camera/openni2_camera/srv/detail/get_serial__builder.hpp
[6.448s] -- Symlinking: /home/robo/jdcobot200_imitation_learning/depth_cam/install/openni2_camera/include/openni2_camera/openni2_camera/srv/detail/get_serial__struct.hpp
[6.455s] -- Symlinking: /home/robo/jdcobot200_imitation_learning/depth_cam/install/openni2_camera/include/openni2_camera/openni2_camera/srv/detail/get_serial__traits.hpp
[6.467s] -- Symlinking: /home/robo/jdcobot200_imitation_learning/depth_cam/install/openni2_camera/include/openni2_camera/openni2_camera/srv/detail/get_serial__type_support.hpp
[6.480s] -- Symlinking: /home/robo/jdcobot200_imitation_learning/depth_cam/install/openni2_camera/include/openni2_camera/openni2_camera/srv/get_serial.hpp
[6.490s] -- Symlinking: /home/robo/jdcobot200_imitation_learning/depth_cam/install/openni2_camera/include/openni2_camera/openni2_camera/msg/rosidl_typesupport_fastrtps_cpp__visibility_control.h
[6.496s] -- Symlinking: /home/robo/jdcobot200_imitation_learning/depth_cam/install/openni2_camera/include/openni2_camera/openni2_camera/srv/detail/get_serial__rosidl_typesupport_fastrtps_cpp.hpp
[6.503s] -- Symlinking: /home/robo/jdcobot200_imitation_learning/depth_cam/install/openni2_camera/include/openni2_camera/openni2_camera/msg/rosidl_typesupport_introspection_c__visibility_control.h
[6.510s] -- Symlinking: /home/robo/jdcobot200_imitation_learning/depth_cam/install/openni2_camera/include/openni2_camera/openni2_camera/srv/detail/get_serial__rosidl_typesupport_introspection_c.h
[6.521s] -- Symlinking: /home/robo/jdcobot200_imitation_learning/depth_cam/install/openni2_camera/include/openni2_camera/openni2_camera/srv/detail/get_serial__rosidl_typesupport_introspection_cpp.hpp
[6.531s] -- Symlinking: /home/robo/jdcobot200_imitation_learning/depth_cam/install/openni2_camera/share/openni2_camera/environment/pythonpath.sh
[6.545s] -- Symlinking: /home/robo/jdcobot200_imitation_learning/depth_cam/install/openni2_camera/share/openni2_camera/environment/pythonpath.dsv
[6.552s] -- Symlinking: /home/robo/jdcobot200_imitation_learning/depth_cam/install/openni2_camera/local/lib/python3.10/dist-packages/openni2_camera-2.0.3-py3.10.egg-info/PKG-INFO
[6.562s] -- Symlinking: /home/robo/jdcobot200_imitation_learning/depth_cam/install/openni2_camera/local/lib/python3.10/dist-packages/openni2_camera-2.0.3-py3.10.egg-info/SOURCES.txt
[6.568s] -- Symlinking: /home/robo/jdcobot200_imitation_learning/depth_cam/install/openni2_camera/local/lib/python3.10/dist-packages/openni2_camera-2.0.3-py3.10.egg-info/dependency_links.txt
[6.575s] -- Symlinking: /home/robo/jdcobot200_imitation_learning/depth_cam/install/openni2_camera/local/lib/python3.10/dist-packages/openni2_camera-2.0.3-py3.10.egg-info/top_level.txt
[6.583s] -- Symlinking: /home/robo/jdcobot200_imitation_learning/depth_cam/install/openni2_camera/local/lib/python3.10/dist-packages/openni2_camera/__init__.py
[6.595s] -- Symlinking: /home/robo/jdcobot200_imitation_learning/depth_cam/install/openni2_camera/local/lib/python3.10/dist-packages/openni2_camera/_openni2_camera_s.ep.rosidl_typesupport_c.c
[6.605s] -- Symlinking: /home/robo/jdcobot200_imitation_learning/depth_cam/install/openni2_camera/local/lib/python3.10/dist-packages/openni2_camera/_openni2_camera_s.ep.rosidl_typesupport_fastrtps_c.c
[6.614s] -- Symlinking: /home/robo/jdcobot200_imitation_learning/depth_cam/install/openni2_camera/local/lib/python3.10/dist-packages/openni2_camera/_openni2_camera_s.ep.rosidl_typesupport_introspection_c.c
[6.629s] -- Symlinking: /home/robo/jdcobot200_imitation_learning/depth_cam/install/openni2_camera/local/lib/python3.10/dist-packages/openni2_camera/libopenni2_camera__rosidl_generator_py.so
[6.642s] -- Symlinking: /home/robo/jdcobot200_imitation_learning/depth_cam/install/openni2_camera/local/lib/python3.10/dist-packages/openni2_camera/openni2_camera_s__rosidl_typesupport_c.cpython-310-x86_64-linux-gnu.so
[6.653s] -- Symlinking: /home/robo/jdcobot200_imitation_learning/depth_cam/install/openni2_camera/local/lib/python3.10/dist-packages/openni2_camera/openni2_camera_s__rosidl_typesupport_fastrtps_c.cpython-310-x86_64-linux-gnu.so
[6.667s] -- Symlinking: /home/robo/jdcobot200_imitation_learning/depth_cam/install/openni2_camera/local/lib/python3.10/dist-packages/openni2_camera/openni2_camera_s__rosidl_typesupport_introspection_c.cpython-310-x86_64-linux-gnu.so
[6.681s] -- Symlinking: /home/robo/jdcobot200_imitation_learning/depth_cam/install/openni2_camera/local/lib/python3.10/dist-packages/openni2_camera/srv/__init__.py
[6.699s] -- Symlinking: /home/robo/jdcobot200_imitation_learning/depth_cam/install/openni2_camera/local/lib/python3.10/dist-packages/openni2_camera/srv/_get_serial.py
[6.716s] -- Symlinking: /home/robo/jdcobot200_imitation_learning/depth_cam/install/openni2_camera/local/lib/python3.10/dist-packages/openni2_camera/srv/_get_serial_s.c
[6.728s] -- Up-to-date symlink: /home/robo/jdcobot200_imitation_learning/depth_cam/install/openni2_camera/local/lib/python3.10/dist-packages/openni2_camera/openni2_camera_s__rosidl_typesupport_fastrtps_c.cpython-310-x86_64-linux-gnu.so
[6.728s] -- Up-to-date symlink: /home/robo/jdcobot200_imitation_learning/depth_cam/install/openni2_camera/local/lib/python3.10/dist-packages/openni2_camera/openni2_camera_s__rosidl_typesupport_introspection_c.cpython-310-x86_64-linux-gnu.so
[6.729s] -- Up-to-date symlink: /home/robo/jdcobot200_imitation_learning/depth_cam/install/openni2_camera/local/lib/python3.10/dist-packages/openni2_camera/openni2_camera_s__rosidl_typesupport_c.cpython-310-x86_64-linux-gnu.so
[6.729s] -- Symlinking: /home/robo/jdcobot200_imitation_learning/depth_cam/install/openni2_camera/share/openni2_camera/srv/GetSerial.idl
[6.739s] -- Symlinking: /home/robo/jdcobot200_imitation_learning/depth_cam/install/openni2_camera/share/openni2_camera/srv/GetSerial.srv
[6.748s] -- Symlinking: /home/robo/jdcobot200_imitation_learning/depth_cam/install/openni2_camera/share/openni2_camera/srv/GetSerial_Request.msg
[6.765s] -- Symlinking: /home/robo/jdcobot200_imitation_learning/depth_cam/install/openni2_camera/share/openni2_camera/srv/GetSerial_Response.msg
[6.775s] -- Symlinking: /home/robo/jdcobot200_imitation_learning/depth_cam/install/openni2_camera/lib/openni2_camera/openni2_camera_driver
[6.796s] -- Symlinking: /home/robo/jdcobot200_imitation_learning/depth_cam/install/openni2_camera/lib/openni2_camera/list_devices
[6.806s] -- Symlinking: /home/robo/jdcobot200_imitation_learning/depth_cam/install/openni2_camera/lib/libopenni2_camera_lib.so
[6.816s] -- Symlinking: /home/robo/jdcobot200_imitation_learning/depth_cam/install/openni2_camera/lib/libopenni2_wrapper.so
[6.830s] -- Symlinking: /home/robo/jdcobot200_imitation_learning/depth_cam/install/openni2_camera/lib/openni2_camera/usb_reset
[6.844s] -- Symlinking: /home/robo/jdcobot200_imitation_learning/depth_cam/install/openni2_camera/include/openni2_camera/openni2_convert.h
[6.859s] -- Symlinking: /home/robo/jdcobot200_imitation_learning/depth_cam/install/openni2_camera/include/openni2_camera/openni2_device.h
[6.868s] -- Symlinking: /home/robo/jdcobot200_imitation_learning/depth_cam/install/openni2_camera/include/openni2_camera/openni2_device_info.h
[6.884s] -- Symlinking: /home/robo/jdcobot200_imitation_learning/depth_cam/install/openni2_camera/include/openni2_camera/openni2_device_manager.h
[6.898s] -- Symlinking: /home/robo/jdcobot200_imitation_learning/depth_cam/install/openni2_camera/include/openni2_camera/openni2_driver.h
[6.916s] -- Symlinking: /home/robo/jdcobot200_imitation_learning/depth_cam/install/openni2_camera/include/openni2_camera/openni2_exception.h
[6.933s] -- Symlinking: /home/robo/jdcobot200_imitation_learning/depth_cam/install/openni2_camera/include/openni2_camera/openni2_frame_listener.h
[6.942s] -- Symlinking: /home/robo/jdcobot200_imitation_learning/depth_cam/install/openni2_camera/include/openni2_camera/openni2_timer_filter.h
[6.954s] -- Symlinking: /home/robo/jdcobot200_imitation_learning/depth_cam/install/openni2_camera/include/openni2_camera/openni2_video_mode.h
[6.959s] -- Symlinking: /home/robo/jdcobot200_imitation_learning/depth_cam/install/openni2_camera/share/openni2_camera//launch/camera_only.launch.py
[6.965s] -- Symlinking: /home/robo/jdcobot200_imitation_learning/depth_cam/install/openni2_camera/share/openni2_camera//launch/camera_with_cloud.launch.py
[6.972s] -- Symlinking: /home/robo/jdcobot200_imitation_learning/depth_cam/install/openni2_camera/share/openni2_camera//launch/camera_with_cloud_norgb.launch.py
[6.984s] -- Symlinking: /home/robo/jdcobot200_imitation_learning/depth_cam/install/openni2_camera/share/openni2_camera//launch/tfs.launch.py
[6.994s] -- Symlinking: /home/robo/jdcobot200_imitation_learning/depth_cam/install/openni2_camera/share/ament_index/resource_index/package_run_dependencies/openni2_camera
[7.000s] -- Symlinking: /home/robo/jdcobot200_imitation_learning/depth_cam/install/openni2_camera/share/ament_index/resource_index/parent_prefix_path/openni2_camera
[7.009s] -- Symlinking: /home/robo/jdcobot200_imitation_learning/depth_cam/install/openni2_camera/share/openni2_camera/environment/ament_prefix_path.sh
[7.016s] -- Symlinking: /home/robo/jdcobot200_imitation_learning/depth_cam/install/openni2_camera/share/openni2_camera/environment/ament_prefix_path.dsv
[7.028s] -- Symlinking: /home/robo/jdcobot200_imitation_learning/depth_cam/install/openni2_camera/share/openni2_camera/environment/path.sh
[7.041s] -- Symlinking: /home/robo/jdcobot200_imitation_learning/depth_cam/install/openni2_camera/share/openni2_camera/environment/path.dsv
[7.052s] -- Symlinking: /home/robo/jdcobot200_imitation_learning/depth_cam/install/openni2_camera/share/openni2_camera/local_setup.bash
[7.070s] -- Symlinking: /home/robo/jdcobot200_imitation_learning/depth_cam/install/openni2_camera/share/openni2_camera/local_setup.sh
[7.083s] -- Symlinking: /home/robo/jdcobot200_imitation_learning/depth_cam/install/openni2_camera/share/openni2_camera/local_setup.zsh
[7.091s] -- Symlinking: /home/robo/jdcobot200_imitation_learning/depth_cam/install/openni2_camera/share/openni2_camera/local_setup.dsv
[7.102s] -- Symlinking: /home/robo/jdcobot200_imitation_learning/depth_cam/install/openni2_camera/share/openni2_camera/package.dsv
[7.107s] -- Symlinking: /home/robo/jdcobot200_imitation_learning/depth_cam/install/openni2_camera/share/ament_index/resource_index/packages/openni2_camera
[7.114s] -- Symlinking: /home/robo/jdcobot200_imitation_learning/depth_cam/install/openni2_camera/share/ament_index/resource_index/rclcpp_components/openni2_camera
[7.120s] -- Symlinking: /home/robo/jdcobot200_imitation_learning/depth_cam/install/openni2_camera/share/openni2_camera/cmake/rosidl_cmake-extras.cmake
[7.128s] -- Symlinking: /home/robo/jdcobot200_imitation_learning/depth_cam/install/openni2_camera/share/openni2_camera/cmake/ament_cmake_export_dependencies-extras.cmake
[7.133s] -- Symlinking: /home/robo/jdcobot200_imitation_learning/depth_cam/install/openni2_camera/share/openni2_camera/cmake/ament_cmake_export_include_directories-extras.cmake
[7.139s] -- Symlinking: /home/robo/jdcobot200_imitation_learning/depth_cam/install/openni2_camera/share/openni2_camera/cmake/ament_cmake_export_libraries-extras.cmake
[7.144s] -- Symlinking: /home/robo/jdcobot200_imitation_learning/depth_cam/install/openni2_camera/share/openni2_camera/cmake/ament_cmake_export_targets-extras.cmake
[7.150s] -- Symlinking: /home/robo/jdcobot200_imitation_learning/depth_cam/install/openni2_camera/share/openni2_camera/cmake/rosidl_cmake_export_typesupport_targets-extras.cmake
[7.154s] -- Symlinking: /home/robo/jdcobot200_imitation_learning/depth_cam/install/openni2_camera/share/openni2_camera/cmake/rosidl_cmake_export_typesupport_libraries-extras.cmake
[7.159s] -- Symlinking: /home/robo/jdcobot200_imitation_learning/depth_cam/install/openni2_camera/share/openni2_camera/cmake/openni2_cameraConfig.cmake
[7.165s] -- Symlinking: /home/robo/jdcobot200_imitation_learning/depth_cam/install/openni2_camera/share/openni2_camera/cmake/openni2_cameraConfig-version.cmake
[7.172s] -- Symlinking: /home/robo/jdcobot200_imitation_learning/depth_cam/install/openni2_camera/share/openni2_camera/package.xml
[7.177s] -- Installing: /home/robo/jdcobot200_imitation_learning/depth_cam/install/openni2_camera/lib/libopenni2_camera__rosidl_generator_c.so
[7.177s] -- Set runtime path of "/home/robo/jdcobot200_imitation_learning/depth_cam/install/openni2_camera/lib/libopenni2_camera__rosidl_generator_c.so" to ""
[7.177s] -- Installing: /home/robo/jdcobot200_imitation_learning/depth_cam/install/openni2_camera/lib/libopenni2_camera__rosidl_typesupport_fastrtps_c.so
[7.177s] -- Set runtime path of "/home/robo/jdcobot200_imitation_learning/depth_cam/install/openni2_camera/lib/libopenni2_camera__rosidl_typesupport_fastrtps_c.so" to ""
[7.177s] -- Installing: /home/robo/jdcobot200_imitation_learning/depth_cam/install/openni2_camera/lib/libopenni2_camera__rosidl_typesupport_fastrtps_cpp.so
[7.178s] -- Set runtime path of "/home/robo/jdcobot200_imitation_learning/depth_cam/install/openni2_camera/lib/libopenni2_camera__rosidl_typesupport_fastrtps_cpp.so" to ""
[7.178s] -- Installing: /home/robo/jdcobot200_imitation_learning/depth_cam/install/openni2_camera/lib/libopenni2_camera__rosidl_typesupport_introspection_c.so
[7.178s] -- Set runtime path of "/home/robo/jdcobot200_imitation_learning/depth_cam/install/openni2_camera/lib/libopenni2_camera__rosidl_typesupport_introspection_c.so" to ""
[7.178s] -- Installing: /home/robo/jdcobot200_imitation_learning/depth_cam/install/openni2_camera/lib/libopenni2_camera__rosidl_typesupport_c.so
[7.178s] -- Set runtime path of "/home/robo/jdcobot200_imitation_learning/depth_cam/install/openni2_camera/lib/libopenni2_camera__rosidl_typesupport_c.so" to ""
[7.178s] -- Installing: /home/robo/jdcobot200_imitation_learning/depth_cam/install/openni2_camera/lib/libopenni2_camera__rosidl_typesupport_introspection_cpp.so
[7.178s] -- Set runtime path of "/home/robo/jdcobot200_imitation_learning/depth_cam/install/openni2_camera/lib/libopenni2_camera__rosidl_typesupport_introspection_cpp.so" to ""
[7.178s] -- Installing: /home/robo/jdcobot200_imitation_learning/depth_cam/install/openni2_camera/lib/libopenni2_camera__rosidl_typesupport_cpp.so
[7.178s] -- Set runtime path of "/home/robo/jdcobot200_imitation_learning/depth_cam/install/openni2_camera/lib/libopenni2_camera__rosidl_typesupport_cpp.so" to ""
[7.200s] Listing '/home/robo/jdcobot200_imitation_learning/depth_cam/install/openni2_camera/local/lib/python3.10/dist-packages/openni2_camera'...
[7.200s] Compiling '/home/robo/jdcobot200_imitation_learning/depth_cam/install/openni2_camera/local/lib/python3.10/dist-packages/openni2_camera/__init__.py'...
[7.200s] Listing '/home/robo/jdcobot200_imitation_learning/depth_cam/install/openni2_camera/local/lib/python3.10/dist-packages/openni2_camera/srv'...
[7.200s] Compiling '/home/robo/jdcobot200_imitation_learning/depth_cam/install/openni2_camera/local/lib/python3.10/dist-packages/openni2_camera/srv/__init__.py'...
[7.200s] Compiling '/home/robo/jdcobot200_imitation_learning/depth_cam/install/openni2_camera/local/lib/python3.10/dist-packages/openni2_camera/srv/_get_serial.py'...
[7.202s] -- Installing: /home/robo/jdcobot200_imitation_learning/depth_cam/install/openni2_camera/lib/libopenni2_camera__rosidl_generator_py.so
[7.202s] -- Set runtime path of "/home/robo/jdcobot200_imitation_learning/depth_cam/install/openni2_camera/lib/libopenni2_camera__rosidl_generator_py.so" to ""
[7.203s] -- Installing: /home/robo/jdcobot200_imitation_learning/depth_cam/install/openni2_camera/share/openni2_camera/cmake/export_openni2_camera__rosidl_generator_cExport.cmake
[7.203s] -- Installing: /home/robo/jdcobot200_imitation_learning/depth_cam/install/openni2_camera/share/openni2_camera/cmake/export_openni2_camera__rosidl_generator_cExport-noconfig.cmake
[7.203s] -- Installing: /home/robo/jdcobot200_imitation_learning/depth_cam/install/openni2_camera/share/openni2_camera/cmake/export_openni2_camera__rosidl_typesupport_fastrtps_cExport.cmake
[7.203s] -- Installing: /home/robo/jdcobot200_imitation_learning/depth_cam/install/openni2_camera/share/openni2_camera/cmake/export_openni2_camera__rosidl_typesupport_fastrtps_cExport-noconfig.cmake
[7.203s] -- Installing: /home/robo/jdcobot200_imitation_learning/depth_cam/install/openni2_camera/share/openni2_camera/cmake/export_openni2_camera__rosidl_generator_cppExport.cmake
[7.203s] -- Installing: /home/robo/jdcobot200_imitation_learning/depth_cam/install/openni2_camera/share/openni2_camera/cmake/export_openni2_camera__rosidl_typesupport_fastrtps_cppExport.cmake
[7.203s] -- Installing: /home/robo/jdcobot200_imitation_learning/depth_cam/install/openni2_camera/share/openni2_camera/cmake/export_openni2_camera__rosidl_typesupport_fastrtps_cppExport-noconfig.cmake
[7.203s] -- Installing: /home/robo/jdcobot200_imitation_learning/depth_cam/install/openni2_camera/share/openni2_camera/cmake/openni2_camera__rosidl_typesupport_introspection_cExport.cmake
[7.203s] -- Installing: /home/robo/jdcobot200_imitation_learning/depth_cam/install/openni2_camera/share/openni2_camera/cmake/openni2_camera__rosidl_typesupport_introspection_cExport-noconfig.cmake
[7.203s] -- Installing: /home/robo/jdcobot200_imitation_learning/depth_cam/install/openni2_camera/share/openni2_camera/cmake/openni2_camera__rosidl_typesupport_cExport.cmake
[7.203s] -- Installing: /home/robo/jdcobot200_imitation_learning/depth_cam/install/openni2_camera/share/openni2_camera/cmake/openni2_camera__rosidl_typesupport_cExport-noconfig.cmake
[7.203s] -- Installing: /home/robo/jdcobot200_imitation_learning/depth_cam/install/openni2_camera/share/openni2_camera/cmake/openni2_camera__rosidl_typesupport_introspection_cppExport.cmake
[7.203s] -- Installing: /home/robo/jdcobot200_imitation_learning/depth_cam/install/openni2_camera/share/openni2_camera/cmake/openni2_camera__rosidl_typesupport_introspection_cppExport-noconfig.cmake
[7.203s] -- Installing: /home/robo/jdcobot200_imitation_learning/depth_cam/install/openni2_camera/share/openni2_camera/cmake/openni2_camera__rosidl_typesupport_cppExport.cmake
[7.203s] -- Installing: /home/robo/jdcobot200_imitation_learning/depth_cam/install/openni2_camera/share/openni2_camera/cmake/openni2_camera__rosidl_typesupport_cppExport-noconfig.cmake
[7.203s] -- Installing: /home/robo/jdcobot200_imitation_learning/depth_cam/install/openni2_camera/share/openni2_camera/cmake/export_openni2_camera__rosidl_generator_pyExport.cmake
[7.203s] -- Installing: /home/robo/jdcobot200_imitation_learning/depth_cam/install/openni2_camera/share/openni2_camera/cmake/export_openni2_camera__rosidl_generator_pyExport-noconfig.cmake
[30.006s] Invoked command in '/home/robo/jdcobot200_imitation_learning/depth_cam/build/openni2_camera' returned '0': CMAKE_PREFIX_PATH=/opt/ros/humble /usr/bin/cmake --install /home/robo/jdcobot200_imitation_learning/depth_cam/build/openni2_camera
