[0.003s] Invoking command in '/home/robo/jdcobot200_imitation_learning/depth_cam/build/image_publisher': CMAKE_PREFIX_PATH=${CMAKE_PREFIX_PATH}:/opt/ros/humble /usr/bin/cmake /home/robo/jdcobot200_imitation_learning/depth_cam/src/image_pipeline/image_publisher -DCMAKE_BUILD_TYPE=Release -DAMENT_CMAKE_SYMLINK_INSTALL=1 -DCMAKE_INSTALL_PREFIX=/home/robo/jdcobot200_imitation_learning/depth_cam/install/image_publisher
[0.039s] -- The C compiler identification is GNU 11.4.0
[0.088s] -- The CXX compiler identification is GNU 11.4.0
[0.094s] -- Detecting C compiler ABI info
[0.173s] -- Detecting C compiler ABI info - done
[0.180s] -- Check for working C compiler: /usr/bin/cc - skipped
[0.180s] -- Detecting C compile features
[0.180s] -- Detecting C compile features - done
[0.183s] -- Detecting CXX compiler ABI info
[0.239s] -- Detecting CXX compiler ABI info - done
[0.247s] -- Check for working CXX compiler: /usr/bin/c++ - skipped
[0.247s] -- Detecting CXX compile features
[0.247s] -- Detecting CXX compile features - done
[0.249s] -- Found ament_cmake_auto: 1.3.12 (/opt/ros/humble/share/ament_cmake_auto/cmake)
[0.337s] -- Found Python3: /usr/bin/python3 (found version "3.10.12") found components: Interpreter 
[0.369s] -- Override CMake install command with custom implementation using symlinks instead of copying resources
[0.388s] -- Found camera_info_manager: 3.1.13 (/opt/ros/humble/share/camera_info_manager/cmake)
[0.415s] -- Found rosidl_generator_c: 3.1.8 (/opt/ros/humble/share/rosidl_generator_c/cmake)
[0.417s] -- Found rosidl_adapter: 3.1.8 (/opt/ros/humble/share/rosidl_adapter/cmake)
[0.421s] -- Found rosidl_generator_cpp: 3.1.8 (/opt/ros/humble/share/rosidl_generator_cpp/cmake)
[0.427s] -- Using all available rosidl_typesupport_c: rosidl_typesupport_fastrtps_c;rosidl_typesupport_introspection_c
[0.435s] -- Using all available rosidl_typesupport_cpp: rosidl_typesupport_fastrtps_cpp;rosidl_typesupport_introspection_cpp
[0.457s] -- Found rmw_implementation_cmake: 6.1.2 (/opt/ros/humble/share/rmw_implementation_cmake/cmake)
[0.458s] -- Found rmw_fastrtps_cpp: 6.2.9 (/opt/ros/humble/share/rmw_fastrtps_cpp/cmake)
[0.510s] -- Found OpenSSL: /usr/lib/x86_64-linux-gnu/libcrypto.so (found version "3.0.2")  
[0.528s] -- Found FastRTPS: /opt/ros/humble/include  
[0.555s] -- Using RMW implementation 'rmw_fastrtps_cpp' as default
[0.562s] -- Looking for pthread.h
[0.615s] -- Looking for pthread.h - found
[0.615s] -- Performing Test CMAKE_HAVE_LIBC_PTHREAD
[0.667s] -- Performing Test CMAKE_HAVE_LIBC_PTHREAD - Success
[0.668s] -- Found Threads: TRUE  
[0.788s] -- Found OpenCV: /usr (found version "4.5.4") found components: core imgcodecs videoio 
[0.788s] -- opencv version 4.5.4
[0.791s] -- Found ament_lint_auto: 0.12.14 (/opt/ros/humble/share/ament_lint_auto/cmake)
[0.802s] In this package, headers install destination is set to `include` by ament_auto_package. It is recommended to install `include/image_publisher` instead and will be the default behavior of ament_auto_package from ROS 2 Kilted Kaiju. On distributions before Kilted, ament_auto_package behaves the same way when you use USE_SCOPED_HEADER_INSTALL_DIR option.
[0.804s] -- Added test 'copyright' to check source files copyright and LICENSE
[0.805s] -- Added test 'cppcheck' to perform static code analysis on C / C++ code
[0.805s] -- Configured cppcheck include dirs: /home/robo/jdcobot200_imitation_learning/depth_cam/src/image_pipeline/image_publisher/include
[0.805s] -- Configured cppcheck exclude dirs and/or files: 
[0.805s] -- Added test 'cpplint' to check C / C++ code against the Google style
[0.805s] -- Configured cpplint exclude dirs and/or files: 
[0.806s] -- Added test 'flake8' to check Python code syntax and style conventions
[0.806s] -- Added test 'lint_cmake' to check CMake code style
[0.806s] -- Added test 'pep257' to check Python code against some of the docstring style conventions in PEP 257
[0.807s] -- Added test 'uncrustify' to check C / C++ code style
[0.807s] -- Configured uncrustify additional arguments: 
[0.807s] -- Added test 'xmllint' to check XML markup files
[0.808s] -- Configuring done
[0.818s] -- Generating done
[0.821s] -- Build files have been written to: /home/robo/jdcobot200_imitation_learning/depth_cam/build/image_publisher
[1.011s] Invoked command in '/home/robo/jdcobot200_imitation_learning/depth_cam/build/image_publisher' returned '0': CMAKE_PREFIX_PATH=${CMAKE_PREFIX_PATH}:/opt/ros/humble /usr/bin/cmake /home/robo/jdcobot200_imitation_learning/depth_cam/src/image_pipeline/image_publisher -DCMAKE_BUILD_TYPE=Release -DAMENT_CMAKE_SYMLINK_INSTALL=1 -DCMAKE_INSTALL_PREFIX=/home/robo/jdcobot200_imitation_learning/depth_cam/install/image_publisher
[1.012s] Invoking command in '/home/robo/jdcobot200_imitation_learning/depth_cam/build/image_publisher': CMAKE_PREFIX_PATH=${CMAKE_PREFIX_PATH}:/opt/ros/humble /usr/bin/cmake --build /home/robo/jdcobot200_imitation_learning/depth_cam/build/image_publisher -- -j24 -l24
[1.060s] [ 25%] Building CXX object CMakeFiles/image_publisher.dir/src/image_publisher.cpp.o
[3.318s] [ 50%] Linking CXX shared library libimage_publisher.so
[3.445s] [ 50%] Built target image_publisher
[3.461s] [ 75%] Building CXX object CMakeFiles/image_publisher_node.dir/src/image_publisher_node.cpp.o
[5.425s] [100%] Linking CXX executable image_publisher_node
[5.729s] [100%] Built target image_publisher_node
[5.736s] Invoked command in '/home/robo/jdcobot200_imitation_learning/depth_cam/build/image_publisher' returned '0': CMAKE_PREFIX_PATH=${CMAKE_PREFIX_PATH}:/opt/ros/humble /usr/bin/cmake --build /home/robo/jdcobot200_imitation_learning/depth_cam/build/image_publisher -- -j24 -l24
[5.743s] Invoking command in '/home/robo/jdcobot200_imitation_learning/depth_cam/build/image_publisher': CMAKE_PREFIX_PATH=${CMAKE_PREFIX_PATH}:/opt/ros/humble /usr/bin/cmake --install /home/robo/jdcobot200_imitation_learning/depth_cam/build/image_publisher
[5.747s] -- Install configuration: "Release"
[5.748s] -- Execute custom install script
[5.748s] -- Symlinking: /home/robo/jdcobot200_imitation_learning/depth_cam/install/image_publisher/include/image_publisher/image_publisher.hpp
[5.755s] -- Symlinking: /home/robo/jdcobot200_imitation_learning/depth_cam/install/image_publisher/include/image_publisher/visibility.h
[5.759s] -- Symlinking: /home/robo/jdcobot200_imitation_learning/depth_cam/install/image_publisher/share/image_publisher/environment/library_path.sh
[5.766s] -- Symlinking: /home/robo/jdcobot200_imitation_learning/depth_cam/install/image_publisher/share/image_publisher/environment/library_path.dsv
[5.772s] -- Symlinking: /home/robo/jdcobot200_imitation_learning/depth_cam/install/image_publisher/lib/libimage_publisher.so
[5.778s] -- Symlinking: /home/robo/jdcobot200_imitation_learning/depth_cam/install/image_publisher/lib/image_publisher/image_publisher_node
[5.783s] -- Symlinking: /home/robo/jdcobot200_imitation_learning/depth_cam/install/image_publisher/share/image_publisher/launch/image_publisher_file.launch.py
[5.790s] -- Symlinking: /home/robo/jdcobot200_imitation_learning/depth_cam/install/image_publisher/share/image_publisher/launch/image_publisher_mono.launch.py
[5.796s] -- Symlinking: /home/robo/jdcobot200_imitation_learning/depth_cam/install/image_publisher/share/image_publisher/launch/image_publisher_stereo.launch.py
[5.802s] -- Symlinking: /home/robo/jdcobot200_imitation_learning/depth_cam/install/image_publisher/share/image_publisher/launch/splash.png
[5.807s] -- Symlinking: /home/robo/jdcobot200_imitation_learning/depth_cam/install/image_publisher/share/ament_index/resource_index/package_run_dependencies/image_publisher
[5.815s] -- Symlinking: /home/robo/jdcobot200_imitation_learning/depth_cam/install/image_publisher/share/ament_index/resource_index/parent_prefix_path/image_publisher
[5.821s] -- Symlinking: /home/robo/jdcobot200_imitation_learning/depth_cam/install/image_publisher/share/image_publisher/environment/ament_prefix_path.sh
[5.827s] -- Symlinking: /home/robo/jdcobot200_imitation_learning/depth_cam/install/image_publisher/share/image_publisher/environment/ament_prefix_path.dsv
[5.832s] -- Symlinking: /home/robo/jdcobot200_imitation_learning/depth_cam/install/image_publisher/share/image_publisher/environment/path.sh
[5.839s] -- Symlinking: /home/robo/jdcobot200_imitation_learning/depth_cam/install/image_publisher/share/image_publisher/environment/path.dsv
[5.845s] -- Symlinking: /home/robo/jdcobot200_imitation_learning/depth_cam/install/image_publisher/share/image_publisher/local_setup.bash
[5.851s] -- Symlinking: /home/robo/jdcobot200_imitation_learning/depth_cam/install/image_publisher/share/image_publisher/local_setup.sh
[5.855s] -- Symlinking: /home/robo/jdcobot200_imitation_learning/depth_cam/install/image_publisher/share/image_publisher/local_setup.zsh
[5.861s] -- Symlinking: /home/robo/jdcobot200_imitation_learning/depth_cam/install/image_publisher/share/image_publisher/local_setup.dsv
[5.868s] -- Symlinking: /home/robo/jdcobot200_imitation_learning/depth_cam/install/image_publisher/share/image_publisher/package.dsv
[5.874s] -- Symlinking: /home/robo/jdcobot200_imitation_learning/depth_cam/install/image_publisher/share/ament_index/resource_index/packages/image_publisher
[5.879s] -- Symlinking: /home/robo/jdcobot200_imitation_learning/depth_cam/install/image_publisher/share/ament_index/resource_index/rclcpp_components/image_publisher
[5.886s] -- Symlinking: /home/robo/jdcobot200_imitation_learning/depth_cam/install/image_publisher/share/image_publisher/cmake/ament_cmake_export_dependencies-extras.cmake
[5.892s] -- Symlinking: /home/robo/jdcobot200_imitation_learning/depth_cam/install/image_publisher/share/image_publisher/cmake/ament_cmake_export_include_directories-extras.cmake
[5.899s] -- Symlinking: /home/robo/jdcobot200_imitation_learning/depth_cam/install/image_publisher/share/image_publisher/cmake/ament_cmake_export_libraries-extras.cmake
[5.905s] -- Symlinking: /home/robo/jdcobot200_imitation_learning/depth_cam/install/image_publisher/share/image_publisher/cmake/image_publisherConfig.cmake
[5.911s] -- Symlinking: /home/robo/jdcobot200_imitation_learning/depth_cam/install/image_publisher/share/image_publisher/cmake/image_publisherConfig-version.cmake
[5.916s] -- Symlinking: /home/robo/jdcobot200_imitation_learning/depth_cam/install/image_publisher/share/image_publisher/package.xml
[5.923s] Invoked command in '/home/robo/jdcobot200_imitation_learning/depth_cam/build/image_publisher' returned '0': CMAKE_PREFIX_PATH=${CMAKE_PREFIX_PATH}:/opt/ros/humble /usr/bin/cmake --install /home/robo/jdcobot200_imitation_learning/depth_cam/build/image_publisher
