/home/robo/jdcobot200_imitation_learning/depth_cam/src/openni2_camera/openni2_camera/src/openni2_driver.cpp: In member function ‘void openni2_wrapper::OpenNI2Driver::advertiseROSTopics()’:
/home/robo/jdcobot200_imitation_learning/depth_cam/src/openni2_camera/openni2_camera/src/openni2_driver.cpp:162:33: error: ‘struct rclcpp::PublisherEventCallbacks’ has no member named ‘matched_callback’
  162 |     pub_options.event_callbacks.matched_callback =
      |                                 ^~~~~~~~~~~~~~~~
/home/robo/jdcobot200_imitation_learning/depth_cam/src/openni2_camera/openni2_camera/src/openni2_driver.cpp:163:14: error: ‘rclcpp::MatchedInfo’ has not been declared
  163 |       [this](rclcpp::MatchedInfo&)
      |              ^~~~~~
/home/robo/jdcobot200_imitation_learning/depth_cam/src/openni2_camera/openni2_camera/src/openni2_driver.cpp:169:58: error: too many arguments to function ‘image_transport::CameraPublisher image_transport::create_camera_publisher(rclcpp::Node*, const string&, rmw_qos_profile_t)’
  169 |     pub_color_ = image_transport::create_camera_publisher(this, "rgb/image_raw", custom_qos, pub_options);
      |                  ~~~~~~~~~~~~~~~~~~~~~~~~~~~~~~~~~~~~~~~~^~~~~~~~~~~~~~~~~~~~~~~~~~~~~~~~~~~~~~~~~~~~~~~~
In file included from /home/robo/jdcobot200_imitation_learning/depth_cam/src/openni2_camera/openni2_camera/include/openni2_camera/openni2_driver.h:39,
                 from /home/robo/jdcobot200_imitation_learning/depth_cam/src/openni2_camera/openni2_camera/src/openni2_driver.cpp:32:
/opt/ros/humble/include/image_transport/image_transport/image_transport.hpp:74:17: note: declared here
   74 | CameraPublisher create_camera_publisher(
      |                 ^~~~~~~~~~~~~~~~~~~~~~~
/home/robo/jdcobot200_imitation_learning/depth_cam/src/openni2_camera/openni2_camera/src/openni2_driver.cpp:176:33: error: ‘struct rclcpp::PublisherEventCallbacks’ has no member named ‘matched_callback’
  176 |     pub_options.event_callbacks.matched_callback =
      |                                 ^~~~~~~~~~~~~~~~
/home/robo/jdcobot200_imitation_learning/depth_cam/src/openni2_camera/openni2_camera/src/openni2_driver.cpp:177:14: error: ‘rclcpp::MatchedInfo’ has not been declared
  177 |       [this](rclcpp::MatchedInfo&)
      |              ^~~~~~
/home/robo/jdcobot200_imitation_learning/depth_cam/src/openni2_camera/openni2_camera/src/openni2_driver.cpp:183:55: error: too many arguments to function ‘image_transport::CameraPublisher image_transport::create_camera_publisher(rclcpp::Node*, const string&, rmw_qos_profile_t)’
  183 |     pub_ir_ = image_transport::create_camera_publisher(this, "ir/image_raw", custom_qos, pub_options);
      |               ~~~~~~~~~~~~~~~~~~~~~~~~~~~~~~~~~~~~~~~~^~~~~~~~~~~~~~~~~~~~~~~~~~~~~~~~~~~~~~~~~~~~~~~
In file included from /home/robo/jdcobot200_imitation_learning/depth_cam/src/openni2_camera/openni2_camera/include/openni2_camera/openni2_driver.h:39,
                 from /home/robo/jdcobot200_imitation_learning/depth_cam/src/openni2_camera/openni2_camera/src/openni2_driver.cpp:32:
/opt/ros/humble/include/image_transport/image_transport/image_transport.hpp:74:17: note: declared here
   74 | CameraPublisher create_camera_publisher(
      |                 ^~~~~~~~~~~~~~~~~~~~~~~
/home/robo/jdcobot200_imitation_learning/depth_cam/src/openni2_camera/openni2_camera/src/openni2_driver.cpp:190:33: error: ‘struct rclcpp::PublisherEventCallbacks’ has no member named ‘matched_callback’
  190 |     pub_options.event_callbacks.matched_callback =
      |                                 ^~~~~~~~~~~~~~~~
/home/robo/jdcobot200_imitation_learning/depth_cam/src/openni2_camera/openni2_camera/src/openni2_driver.cpp:191:14: error: ‘rclcpp::MatchedInfo’ has not been declared
  191 |       [this](rclcpp::MatchedInfo&)
      |              ^~~~~~
/home/robo/jdcobot200_imitation_learning/depth_cam/src/openni2_camera/openni2_camera/src/openni2_driver.cpp:197:62: error: too many arguments to function ‘image_transport::CameraPublisher image_transport::create_camera_publisher(rclcpp::Node*, const string&, rmw_qos_profile_t)’
  197 |     pub_depth_raw_ = image_transport::create_camera_publisher(this, "depth_raw/image", custom_qos, pub_options);
      |                      ~~~~~~~~~~~~~~~~~~~~~~~~~~~~~~~~~~~~~~~~^~~~~~~~~~~~~~~~~~~~~~~~~~~~~~~~~~~~~~~~~~~~~~~~~~
In file included from /home/robo/jdcobot200_imitation_learning/depth_cam/src/openni2_camera/openni2_camera/include/openni2_camera/openni2_driver.h:39,
                 from /home/robo/jdcobot200_imitation_learning/depth_cam/src/openni2_camera/openni2_camera/src/openni2_driver.cpp:32:
/opt/ros/humble/include/image_transport/image_transport/image_transport.hpp:74:17: note: declared here
   74 | CameraPublisher create_camera_publisher(
      |                 ^~~~~~~~~~~~~~~~~~~~~~~
/home/robo/jdcobot200_imitation_learning/depth_cam/src/openni2_camera/openni2_camera/src/openni2_driver.cpp:198:58: error: too many arguments to function ‘image_transport::CameraPublisher image_transport::create_camera_publisher(rclcpp::Node*, const string&, rmw_qos_profile_t)’
  198 |     pub_depth_ = image_transport::create_camera_publisher(this, "depth/image", custom_qos, pub_options);
      |                  ~~~~~~~~~~~~~~~~~~~~~~~~~~~~~~~~~~~~~~~~^~~~~~~~~~~~~~~~~~~~~~~~~~~~~~~~~~~~~~~~~~~~~~
In file included from /home/robo/jdcobot200_imitation_learning/depth_cam/src/openni2_camera/openni2_camera/include/openni2_camera/openni2_driver.h:39,
                 from /home/robo/jdcobot200_imitation_learning/depth_cam/src/openni2_camera/openni2_camera/src/openni2_driver.cpp:32:
/opt/ros/humble/include/image_transport/image_transport/image_transport.hpp:74:17: note: declared here
   74 | CameraPublisher create_camera_publisher(
      |                 ^~~~~~~~~~~~~~~~~~~~~~~
gmake[2]: *** [CMakeFiles/openni2_camera_lib.dir/build.make:76: CMakeFiles/openni2_camera_lib.dir/src/openni2_driver.cpp.o] Error 1
gmake[1]: *** [CMakeFiles/Makefile2:656: CMakeFiles/openni2_camera_lib.dir/all] Error 2
gmake: *** [Makefile:146: all] Error 2
