-- The C compiler identification is GNU 11.4.0
-- The CXX compiler identification is GNU 11.4.0
-- Detecting C compiler ABI info
-- Detecting C compiler ABI info - done
-- Check for working C compiler: /usr/bin/cc - skipped
-- Detecting C compile features
-- Detecting C compile features - done
-- Detecting CXX compiler ABI info
-- Detecting CXX compiler ABI info - done
-- Check for working CXX compiler: /usr/bin/c++ - skipped
-- Detecting CXX compile features
-- Detecting CXX compile features - done
-- Found ament_cmake: 1.3.12 (/opt/ros/humble/share/ament_cmake/cmake)
-- Found Python3: /usr/bin/python3 (found version "3.10.12") found components: Interpreter 
-- Override CMake install command with custom implementation using symlinks instead of copying resources
-- Found builtin_interfaces: 1.2.2 (/opt/ros/humble/share/builtin_interfaces/cmake)
-- Found rosidl_generator_c: 3.1.8 (/opt/ros/humble/share/rosidl_generator_c/cmake)
-- Found rosidl_adapter: 3.1.8 (/opt/ros/humble/share/rosidl_adapter/cmake)
-- Found rosidl_generator_cpp: 3.1.8 (/opt/ros/humble/share/rosidl_generator_cpp/cmake)
-- Using all available rosidl_typesupport_c: rosidl_typesupport_fastrtps_c;rosidl_typesupport_introspection_c
-- Using all available rosidl_typesupport_cpp: rosidl_typesupport_fastrtps_cpp;rosidl_typesupport_introspection_cpp
-- Found camera_info_manager: 3.1.13 (/opt/ros/humble/share/camera_info_manager/cmake)
-- Found rmw_implementation_cmake: 6.1.2 (/opt/ros/humble/share/rmw_implementation_cmake/cmake)
-- Found rmw_fastrtps_cpp: 6.2.9 (/opt/ros/humble/share/rmw_fastrtps_cpp/cmake)
-- Found OpenSSL: /usr/lib/x86_64-linux-gnu/libcrypto.so (found version "3.0.2")  
-- Found FastRTPS: /opt/ros/humble/include  
-- Using RMW implementation 'rmw_fastrtps_cpp' as default
-- Looking for pthread.h
-- Looking for pthread.h - found
-- Performing Test CMAKE_HAVE_LIBC_PTHREAD
-- Performing Test CMAKE_HAVE_LIBC_PTHREAD - Success
-- Found Threads: TRUE  
-- Found image_transport: 3.1.12 (/opt/ros/humble/share/image_transport/cmake)
-- Found rclcpp_components: 16.0.17 (/opt/ros/humble/share/rclcpp_components/cmake)
-- Found rosidl_default_generators: 1.2.0 (/opt/ros/humble/share/rosidl_default_generators/cmake)
-- Found PkgConfig: /usr/bin/pkg-config (found version "0.29.2") 
-- Checking for module 'libopenni2'
--   Found libopenni2, version 2.2.0.3
-- Found ament_cmake_ros: 0.10.0 (/opt/ros/humble/share/ament_cmake_ros/cmake)
-- Using all available rosidl_typesupport_c: rosidl_typesupport_fastrtps_c;rosidl_typesupport_introspection_c
-- Using all available rosidl_typesupport_cpp: rosidl_typesupport_fastrtps_cpp;rosidl_typesupport_introspection_cpp
-- Found PythonInterp: /usr/bin/python3 (found suitable version "3.10.12", minimum required is "3.6") 
-- Found python_cmake_module: 0.10.0 (/opt/ros/humble/share/python_cmake_module/cmake)
-- Found PythonLibs: /usr/lib/x86_64-linux-gnu/libpython3.10.so (found suitable version "3.10.12", minimum required is "3.5") 
-- Using PYTHON_EXECUTABLE: /usr/bin/python3
-- Using PYTHON_INCLUDE_DIRS: /usr/include/python3.10
-- Using PYTHON_LIBRARIES: /usr/lib/x86_64-linux-gnu/libpython3.10.so
-- Found PythonExtra: .so  
-- Configuring done
-- Generating done
-- Build files have been written to: /home/robo/jdcobot200_imitation_learning/depth_cam/build/openni2_camera
[  2%] Generating C code for ROS interfaces
[  4%] Building C object CMakeFiles/usb_reset.dir/src/usb_reset.c.o
[  6%] Building CXX object CMakeFiles/openni2_camera_driver.dir/rclcpp_components/node_main_openni2_camera_driver.cpp.o
[  8%] Building CXX object CMakeFiles/openni2_wrapper.dir/src/openni2_convert.cpp.o
[ 10%] Building CXX object CMakeFiles/openni2_wrapper.dir/src/openni2_device.cpp.o
[ 12%] Building CXX object CMakeFiles/openni2_wrapper.dir/src/openni2_device_info.cpp.o
[ 14%] Building CXX object CMakeFiles/openni2_wrapper.dir/src/openni2_timer_filter.cpp.o
[ 16%] Building CXX object CMakeFiles/openni2_wrapper.dir/src/openni2_device_manager.cpp.o
[ 18%] Building CXX object CMakeFiles/openni2_wrapper.dir/src/openni2_exception.cpp.o
[ 20%] Building CXX object CMakeFiles/openni2_wrapper.dir/src/openni2_frame_listener.cpp.o
[ 22%] Generating C++ code for ROS interfaces
[ 22%] Built target ament_cmake_python_symlink_openni2_camera
[ 24%] Building CXX object CMakeFiles/openni2_wrapper.dir/src/openni2_video_mode.cpp.o
[ 26%] Linking C executable usb_reset
[ 26%] Built target usb_reset
[ 26%] Built target openni2_camera__cpp
[ 28%] Generating C++ type support for eProsima Fast-RTPS
[ 32%] Generating C++ introspection for ROS interfaces
[ 32%] Generating C++ type support dispatch for ROS interfaces
running egg_info
creating openni2_camera.egg-info
writing openni2_camera.egg-info/PKG-INFO
writing dependency_links to openni2_camera.egg-info/dependency_links.txt
writing top-level names to openni2_camera.egg-info/top_level.txt
writing manifest file 'openni2_camera.egg-info/SOURCES.txt'
reading manifest file 'openni2_camera.egg-info/SOURCES.txt'
writing manifest file 'openni2_camera.egg-info/SOURCES.txt'
[ 34%] Building C object CMakeFiles/openni2_camera__rosidl_generator_c.dir/rosidl_generator_c/openni2_camera/srv/detail/get_serial__functions.c.o
[ 34%] Built target ament_cmake_python_build_openni2_camera_egg
[ 36%] Linking C shared library libopenni2_camera__rosidl_generator_c.so
[ 36%] Built target openni2_camera__rosidl_generator_c
[ 38%] Generating C type support dispatch for ROS interfaces
[ 42%] Generating C type support for eProsima Fast-RTPS
[ 42%] Generating C introspection for ROS interfaces
[ 44%] Building CXX object CMakeFiles/openni2_camera__rosidl_typesupport_cpp.dir/rosidl_typesupport_cpp/openni2_camera/srv/get_serial__type_support.cpp.o
[ 46%] Building CXX object CMakeFiles/openni2_camera__rosidl_typesupport_fastrtps_cpp.dir/rosidl_typesupport_fastrtps_cpp/openni2_camera/srv/detail/dds_fastrtps/get_serial__type_support.cpp.o
[ 48%] Building CXX object CMakeFiles/openni2_camera__rosidl_typesupport_introspection_cpp.dir/rosidl_typesupport_introspection_cpp/openni2_camera/srv/detail/get_serial__type_support.cpp.o
[ 50%] Building CXX object CMakeFiles/openni2_camera__rosidl_typesupport_c.dir/rosidl_typesupport_c/openni2_camera/srv/get_serial__type_support.cpp.o
[ 52%] Building C object CMakeFiles/openni2_camera__rosidl_typesupport_introspection_c.dir/rosidl_typesupport_introspection_c/openni2_camera/srv/detail/get_serial__type_support.c.o
[ 54%] Linking CXX shared library libopenni2_camera__rosidl_typesupport_cpp.so
[ 56%] Building CXX object CMakeFiles/openni2_camera__rosidl_typesupport_fastrtps_c.dir/rosidl_typesupport_fastrtps_c/openni2_camera/srv/detail/get_serial__type_support_c.cpp.o
[ 58%] Linking C shared library libopenni2_camera__rosidl_typesupport_introspection_c.so
[ 60%] Linking CXX shared library libopenni2_camera__rosidl_typesupport_c.so
[ 60%] Built target openni2_camera__rosidl_typesupport_cpp
[ 60%] Built target openni2_camera__rosidl_typesupport_introspection_c
[ 60%] Built target openni2_camera__rosidl_typesupport_c
[ 62%] Linking CXX shared library libopenni2_camera__rosidl_typesupport_introspection_cpp.so
[ 62%] Built target openni2_camera__rosidl_typesupport_introspection_cpp
[ 64%] Linking CXX shared library libopenni2_camera__rosidl_typesupport_fastrtps_cpp.so
[ 66%] Linking CXX shared library libopenni2_camera__rosidl_typesupport_fastrtps_c.so
[ 66%] Built target openni2_camera__rosidl_typesupport_fastrtps_c
[ 66%] Built target openni2_camera__rosidl_typesupport_fastrtps_cpp
[ 66%] Built target openni2_camera
[ 68%] Generating Python code for ROS interfaces
[ 68%] Built target openni2_camera__py
[ 70%] Building C object CMakeFiles/openni2_camera__rosidl_generator_py.dir/rosidl_generator_py/openni2_camera/srv/_get_serial_s.c.o
[ 72%] Linking C shared library rosidl_generator_py/openni2_camera/libopenni2_camera__rosidl_generator_py.so
[ 72%] Built target openni2_camera__rosidl_generator_py
[ 74%] Building C object CMakeFiles/openni2_camera__rosidl_typesupport_introspection_c__pyext.dir/rosidl_generator_py/openni2_camera/_openni2_camera_s.ep.rosidl_typesupport_introspection_c.c.o
[ 76%] Building C object CMakeFiles/openni2_camera__rosidl_typesupport_fastrtps_c__pyext.dir/rosidl_generator_py/openni2_camera/_openni2_camera_s.ep.rosidl_typesupport_fastrtps_c.c.o
[ 78%] Building C object CMakeFiles/openni2_camera__rosidl_typesupport_c__pyext.dir/rosidl_generator_py/openni2_camera/_openni2_camera_s.ep.rosidl_typesupport_c.c.o
[ 82%] Linking C shared library rosidl_generator_py/openni2_camera/openni2_camera_s__rosidl_typesupport_fastrtps_c.cpython-310-x86_64-linux-gnu.so
[ 82%] Linking C shared library rosidl_generator_py/openni2_camera/openni2_camera_s__rosidl_typesupport_c.cpython-310-x86_64-linux-gnu.so
[ 84%] Linking C shared library rosidl_generator_py/openni2_camera/openni2_camera_s__rosidl_typesupport_introspection_c.cpython-310-x86_64-linux-gnu.so
[ 84%] Built target openni2_camera__rosidl_typesupport_c__pyext
[ 84%] Built target openni2_camera__rosidl_typesupport_fastrtps_c__pyext
[ 84%] Built target openni2_camera__rosidl_typesupport_introspection_c__pyext
[ 86%] Linking CXX shared library libopenni2_wrapper.so
[ 88%] Linking CXX executable openni2_camera_driver
[ 88%] Built target openni2_wrapper
[ 90%] Building CXX object CMakeFiles/test_wrapper.dir/test/test_wrapper.cpp.o
[ 94%] Building CXX object CMakeFiles/list_devices.dir/src/list_devices.cpp.o
[ 92%] Building CXX object CMakeFiles/openni2_camera_lib.dir/src/openni2_driver.cpp.o
[ 94%] Built target openni2_camera_driver
[ 96%] Linking CXX executable list_devices
[ 96%] Built target list_devices
[ 98%] Linking CXX executable test_wrapper
[ 98%] Built target test_wrapper
