[0.006s] Invoking command in '/home/robo/jdcobot200_imitation_learning/depth_cam/build/openni2_camera': CMAKE_PREFIX_PATH=/opt/ros/humble /usr/bin/cmake /home/robo/jdcobot200_imitation_learning/depth_cam/src/openni2_camera/openni2_camera -DAMENT_CMAKE_SYMLINK_INSTALL=1 -DCMAKE_INSTALL_PREFIX=/home/robo/jdcobot200_imitation_learning/depth_cam/install/openni2_camera
[0.135s] -- The C compiler identification is GNU 11.4.0
[0.245s] -- The CXX compiler identification is GNU 11.4.0
[0.254s] -- Detecting C compiler ABI info
[0.367s] -- Detecting C compiler ABI info - done
[0.377s] -- Check for working C compiler: /usr/bin/cc - skipped
[0.378s] -- Detecting C compile features
[0.378s] -- Detecting C compile features - done
[0.381s] -- Detecting CXX compiler ABI info
[0.473s] -- Detecting CXX compiler ABI info - done
[0.477s] -- Check for working CXX compiler: /usr/bin/c++ - skipped
[0.477s] -- Detecting CXX compile features
[0.477s] -- Detecting CXX compile features - done
[0.480s] -- Found ament_cmake: 1.3.12 (/opt/ros/humble/share/ament_cmake/cmake)
[0.611s] -- Found Python3: /usr/bin/python3 (found version "3.10.12") found components: Interpreter 
[0.658s] -- Override CMake install command with custom implementation using symlinks instead of copying resources
[0.689s] -- Found builtin_interfaces: 1.2.2 (/opt/ros/humble/share/builtin_interfaces/cmake)
[0.732s] -- Found rosidl_generator_c: 3.1.8 (/opt/ros/humble/share/rosidl_generator_c/cmake)
[0.735s] -- Found rosidl_adapter: 3.1.8 (/opt/ros/humble/share/rosidl_adapter/cmake)
[0.741s] -- Found rosidl_generator_cpp: 3.1.8 (/opt/ros/humble/share/rosidl_generator_cpp/cmake)
[0.749s] -- Using all available rosidl_typesupport_c: rosidl_typesupport_fastrtps_c;rosidl_typesupport_introspection_c
[0.761s] -- Using all available rosidl_typesupport_cpp: rosidl_typesupport_fastrtps_cpp;rosidl_typesupport_introspection_cpp
[0.770s] -- Found camera_info_manager: 3.1.13 (/opt/ros/humble/share/camera_info_manager/cmake)
[0.797s] -- Found rmw_implementation_cmake: 6.1.2 (/opt/ros/humble/share/rmw_implementation_cmake/cmake)
[0.799s] -- Found rmw_fastrtps_cpp: 6.2.9 (/opt/ros/humble/share/rmw_fastrtps_cpp/cmake)
[0.865s] -- Found OpenSSL: /usr/lib/x86_64-linux-gnu/libcrypto.so (found version "3.0.2")  
[0.893s] -- Found FastRTPS: /opt/ros/humble/include  
[0.920s] -- Using RMW implementation 'rmw_fastrtps_cpp' as default
[0.926s] -- Looking for pthread.h
[1.007s] -- Looking for pthread.h - found
[1.007s] -- Performing Test CMAKE_HAVE_LIBC_PTHREAD
[1.106s] -- Performing Test CMAKE_HAVE_LIBC_PTHREAD - Success
[1.107s] -- Found Threads: TRUE  
[1.167s] -- Found image_transport: 3.1.12 (/opt/ros/humble/share/image_transport/cmake)
[1.187s] -- Found rclcpp_components: 16.0.17 (/opt/ros/humble/share/rclcpp_components/cmake)
[1.199s] -- Found rosidl_default_generators: 1.2.0 (/opt/ros/humble/share/rosidl_default_generators/cmake)
[1.207s] -- Found PkgConfig: /usr/bin/pkg-config (found version "0.29.2") 
[1.208s] -- Checking for module 'libopenni2'
[1.218s] --   Found libopenni2, version 2.2.0.3
[1.420s] -- Found ament_cmake_ros: 0.10.0 (/opt/ros/humble/share/ament_cmake_ros/cmake)
[1.627s] -- Using all available rosidl_typesupport_c: rosidl_typesupport_fastrtps_c;rosidl_typesupport_introspection_c
[1.709s] -- Using all available rosidl_typesupport_cpp: rosidl_typesupport_fastrtps_cpp;rosidl_typesupport_introspection_cpp
[1.738s] -- Found PythonInterp: /usr/bin/python3 (found suitable version "3.10.12", minimum required is "3.6") 
[1.741s] -- Found python_cmake_module: 0.10.0 (/opt/ros/humble/share/python_cmake_module/cmake)
[1.766s] -- Found PythonLibs: /usr/lib/x86_64-linux-gnu/libpython3.10.so (found suitable version "3.10.12", minimum required is "3.5") 
[1.766s] -- Using PYTHON_EXECUTABLE: /usr/bin/python3
[1.766s] -- Using PYTHON_INCLUDE_DIRS: /usr/include/python3.10
[1.766s] -- Using PYTHON_LIBRARIES: /usr/lib/x86_64-linux-gnu/libpython3.10.so
[1.780s] -- Found PythonExtra: .so  
[1.810s] -- Configuring done
[1.833s] -- Generating done
[1.842s] -- Build files have been written to: /home/robo/jdcobot200_imitation_learning/depth_cam/build/openni2_camera
[30.030s] Invoked command in '/home/robo/jdcobot200_imitation_learning/depth_cam/build/openni2_camera' returned '0': CMAKE_PREFIX_PATH=/opt/ros/humble /usr/bin/cmake /home/robo/jdcobot200_imitation_learning/depth_cam/src/openni2_camera/openni2_camera -DAMENT_CMAKE_SYMLINK_INSTALL=1 -DCMAKE_INSTALL_PREFIX=/home/robo/jdcobot200_imitation_learning/depth_cam/install/openni2_camera
[30.034s] Invoking command in '/home/robo/jdcobot200_imitation_learning/depth_cam/build/openni2_camera': CMAKE_PREFIX_PATH=/opt/ros/humble /usr/bin/cmake --build /home/robo/jdcobot200_imitation_learning/depth_cam/build/openni2_camera -- -j24 -l24
[30.090s] [  2%] Generating C code for ROS interfaces
[30.092s] [  4%] Building C object CMakeFiles/usb_reset.dir/src/usb_reset.c.o
[30.100s] [  6%] Building CXX object CMakeFiles/openni2_camera_driver.dir/rclcpp_components/node_main_openni2_camera_driver.cpp.o
[30.101s] [  8%] Building CXX object CMakeFiles/openni2_wrapper.dir/src/openni2_convert.cpp.o
[30.102s] [ 10%] Building CXX object CMakeFiles/openni2_wrapper.dir/src/openni2_device.cpp.o
[30.102s] [ 12%] Building CXX object CMakeFiles/openni2_wrapper.dir/src/openni2_device_info.cpp.o
[30.103s] [ 14%] Building CXX object CMakeFiles/openni2_wrapper.dir/src/openni2_timer_filter.cpp.o
[30.103s] [ 16%] Building CXX object CMakeFiles/openni2_wrapper.dir/src/openni2_device_manager.cpp.o
[30.104s] [ 18%] Building CXX object CMakeFiles/openni2_wrapper.dir/src/openni2_exception.cpp.o
[30.104s] [ 20%] Building CXX object CMakeFiles/openni2_wrapper.dir/src/openni2_frame_listener.cpp.o
[30.111s] [ 22%] Generating C++ code for ROS interfaces
[30.114s] [ 22%] Built target ament_cmake_python_symlink_openni2_camera
[30.115s] [ 24%] Building CXX object CMakeFiles/openni2_wrapper.dir/src/openni2_video_mode.cpp.o
[30.157s] [ 26%] Linking C executable usb_reset
[30.178s] [ 26%] Built target usb_reset
[30.312s] [ 26%] Built target openni2_camera__cpp
[30.318s] [ 28%] Generating C++ type support for eProsima Fast-RTPS
[30.320s] [ 32%] Generating C++ introspection for ROS interfaces
[30.321s] [ 32%] Generating C++ type support dispatch for ROS interfaces
[30.349s] running egg_info
[30.350s] creating openni2_camera.egg-info
[30.350s] writing openni2_camera.egg-info/PKG-INFO
[30.350s] writing dependency_links to openni2_camera.egg-info/dependency_links.txt
[30.350s] writing top-level names to openni2_camera.egg-info/top_level.txt
[30.351s] writing manifest file 'openni2_camera.egg-info/SOURCES.txt'
[30.353s] reading manifest file 'openni2_camera.egg-info/SOURCES.txt'
[30.353s] writing manifest file 'openni2_camera.egg-info/SOURCES.txt'
[30.357s] [ 34%] Building C object CMakeFiles/openni2_camera__rosidl_generator_c.dir/rosidl_generator_c/openni2_camera/srv/detail/get_serial__functions.c.o
[30.378s] [ 34%] Built target ament_cmake_python_build_openni2_camera_egg
[30.396s] [ 36%] Linking C shared library libopenni2_camera__rosidl_generator_c.so
[30.425s] [ 36%] Built target openni2_camera__rosidl_generator_c
[30.435s] [ 38%] Generating C type support dispatch for ROS interfaces
[30.435s] [ 42%] Generating C type support for eProsima Fast-RTPS
[30.435s] [ 42%] Generating C introspection for ROS interfaces
[30.442s] [ 44%] Building CXX object CMakeFiles/openni2_camera__rosidl_typesupport_cpp.dir/rosidl_typesupport_cpp/openni2_camera/srv/get_serial__type_support.cpp.o
[30.453s] [ 46%] Building CXX object CMakeFiles/openni2_camera__rosidl_typesupport_fastrtps_cpp.dir/rosidl_typesupport_fastrtps_cpp/openni2_camera/srv/detail/dds_fastrtps/get_serial__type_support.cpp.o
[30.486s] [ 48%] Building CXX object CMakeFiles/openni2_camera__rosidl_typesupport_introspection_cpp.dir/rosidl_typesupport_introspection_cpp/openni2_camera/srv/detail/get_serial__type_support.cpp.o
[30.568s] [ 50%] Building CXX object CMakeFiles/openni2_camera__rosidl_typesupport_c.dir/rosidl_typesupport_c/openni2_camera/srv/get_serial__type_support.cpp.o
[30.572s] [ 52%] Building C object CMakeFiles/openni2_camera__rosidl_typesupport_introspection_c.dir/rosidl_typesupport_introspection_c/openni2_camera/srv/detail/get_serial__type_support.c.o
[30.579s] [ 54%] Linking CXX shared library libopenni2_camera__rosidl_typesupport_cpp.so
[30.585s] [ 56%] Building CXX object CMakeFiles/openni2_camera__rosidl_typesupport_fastrtps_c.dir/rosidl_typesupport_fastrtps_c/openni2_camera/srv/detail/get_serial__type_support_c.cpp.o
[30.595s] [ 58%] Linking C shared library libopenni2_camera__rosidl_typesupport_introspection_c.so
[30.596s] [ 60%] Linking CXX shared library libopenni2_camera__rosidl_typesupport_c.so
[30.604s] [ 60%] Built target openni2_camera__rosidl_typesupport_cpp
[30.619s] [ 60%] Built target openni2_camera__rosidl_typesupport_introspection_c
[30.632s] [ 60%] Built target openni2_camera__rosidl_typesupport_c
[30.688s] [ 62%] Linking CXX shared library libopenni2_camera__rosidl_typesupport_introspection_cpp.so
[30.729s] [ 62%] Built target openni2_camera__rosidl_typesupport_introspection_cpp
[30.765s] [ 64%] Linking CXX shared library libopenni2_camera__rosidl_typesupport_fastrtps_cpp.so
[30.769s] [ 66%] Linking CXX shared library libopenni2_camera__rosidl_typesupport_fastrtps_c.so
[30.816s] [ 66%] Built target openni2_camera__rosidl_typesupport_fastrtps_c
[30.817s] [ 66%] Built target openni2_camera__rosidl_typesupport_fastrtps_cpp
[30.834s] [ 66%] Built target openni2_camera
[30.847s] [ 68%] Generating Python code for ROS interfaces
[31.010s] [ 68%] Built target openni2_camera__py
[31.025s] [ 70%] Building C object CMakeFiles/openni2_camera__rosidl_generator_py.dir/rosidl_generator_py/openni2_camera/srv/_get_serial_s.c.o
[31.095s] [ 72%] Linking C shared library rosidl_generator_py/openni2_camera/libopenni2_camera__rosidl_generator_py.so
[31.125s] [ 72%] Built target openni2_camera__rosidl_generator_py
[31.141s] [ 74%] Building C object CMakeFiles/openni2_camera__rosidl_typesupport_introspection_c__pyext.dir/rosidl_generator_py/openni2_camera/_openni2_camera_s.ep.rosidl_typesupport_introspection_c.c.o
[31.141s] [ 76%] Building C object CMakeFiles/openni2_camera__rosidl_typesupport_fastrtps_c__pyext.dir/rosidl_generator_py/openni2_camera/_openni2_camera_s.ep.rosidl_typesupport_fastrtps_c.c.o
[31.142s] [ 78%] Building C object CMakeFiles/openni2_camera__rosidl_typesupport_c__pyext.dir/rosidl_generator_py/openni2_camera/_openni2_camera_s.ep.rosidl_typesupport_c.c.o
[31.199s] [ 82%] Linking C shared library rosidl_generator_py/openni2_camera/openni2_camera_s__rosidl_typesupport_fastrtps_c.cpython-310-x86_64-linux-gnu.so
[31.199s] [ 82%] Linking C shared library rosidl_generator_py/openni2_camera/openni2_camera_s__rosidl_typesupport_c.cpython-310-x86_64-linux-gnu.so
[31.199s] [ 84%] Linking C shared library rosidl_generator_py/openni2_camera/openni2_camera_s__rosidl_typesupport_introspection_c.cpython-310-x86_64-linux-gnu.so
[31.225s] [ 84%] Built target openni2_camera__rosidl_typesupport_c__pyext
[31.225s] [ 84%] Built target openni2_camera__rosidl_typesupport_fastrtps_c__pyext
[31.225s] [ 84%] Built target openni2_camera__rosidl_typesupport_introspection_c__pyext
[31.808s] [ 86%] Linking CXX shared library libopenni2_wrapper.so
[31.879s] [ 88%] Linking CXX executable openni2_camera_driver
[31.912s] [ 88%] Built target openni2_wrapper
[31.929s] [ 90%] Building CXX object CMakeFiles/test_wrapper.dir/test/test_wrapper.cpp.o
[31.929s] [ 94%] Building CXX object CMakeFiles/list_devices.dir/src/list_devices.cpp.o
[31.929s] [ 92%] Building CXX object CMakeFiles/openni2_camera_lib.dir/src/openni2_driver.cpp.o
[31.950s] [ 94%] Built target openni2_camera_driver
[33.049s] /home/robo/jdcobot200_imitation_learning/depth_cam/src/openni2_camera/openni2_camera/src/openni2_driver.cpp: In member function ‘void openni2_wrapper::OpenNI2Driver::advertiseROSTopics()’:
[33.049s] /home/robo/jdcobot200_imitation_learning/depth_cam/src/openni2_camera/openni2_camera/src/openni2_driver.cpp:162:33: error: ‘struct rclcpp::PublisherEventCallbacks’ has no member named ‘matched_callback’
[33.049s]   162 |     pub_options.event_callbacks.matched_callback =
[33.049s]       |                                 ^~~~~~~~~~~~~~~~
[33.049s] /home/robo/jdcobot200_imitation_learning/depth_cam/src/openni2_camera/openni2_camera/src/openni2_driver.cpp:163:14: error: ‘rclcpp::MatchedInfo’ has not been declared
[33.050s]   163 |       [this](rclcpp::MatchedInfo&)
[33.050s]       |              ^~~~~~
[33.050s] /home/robo/jdcobot200_imitation_learning/depth_cam/src/openni2_camera/openni2_camera/src/openni2_driver.cpp:169:58: error: too many arguments to function ‘image_transport::CameraPublisher image_transport::create_camera_publisher(rclcpp::Node*, const string&, rmw_qos_profile_t)’
[33.050s]   169 |     pub_color_ = image_transport::create_camera_publisher(this, "rgb/image_raw", custom_qos, pub_options);
[33.050s]       |                  ~~~~~~~~~~~~~~~~~~~~~~~~~~~~~~~~~~~~~~~~^~~~~~~~~~~~~~~~~~~~~~~~~~~~~~~~~~~~~~~~~~~~~~~~
[33.050s] In file included from /home/robo/jdcobot200_imitation_learning/depth_cam/src/openni2_camera/openni2_camera/include/openni2_camera/openni2_driver.h:39,
[33.050s]                  from /home/robo/jdcobot200_imitation_learning/depth_cam/src/openni2_camera/openni2_camera/src/openni2_driver.cpp:32:
[33.050s] /opt/ros/humble/include/image_transport/image_transport/image_transport.hpp:74:17: note: declared here
[33.050s]    74 | CameraPublisher create_camera_publisher(
[33.050s]       |                 ^~~~~~~~~~~~~~~~~~~~~~~
[33.050s] /home/robo/jdcobot200_imitation_learning/depth_cam/src/openni2_camera/openni2_camera/src/openni2_driver.cpp:176:33: error: ‘struct rclcpp::PublisherEventCallbacks’ has no member named ‘matched_callback’
[33.050s]   176 |     pub_options.event_callbacks.matched_callback =
[33.050s]       |                                 ^~~~~~~~~~~~~~~~
[33.050s] /home/robo/jdcobot200_imitation_learning/depth_cam/src/openni2_camera/openni2_camera/src/openni2_driver.cpp:177:14: error: ‘rclcpp::MatchedInfo’ has not been declared
[33.050s]   177 |       [this](rclcpp::MatchedInfo&)
[33.050s]       |              ^~~~~~
[33.051s] /home/robo/jdcobot200_imitation_learning/depth_cam/src/openni2_camera/openni2_camera/src/openni2_driver.cpp:183:55: error: too many arguments to function ‘image_transport::CameraPublisher image_transport::create_camera_publisher(rclcpp::Node*, const string&, rmw_qos_profile_t)’
[33.051s]   183 |     pub_ir_ = image_transport::create_camera_publisher(this, "ir/image_raw", custom_qos, pub_options);
[33.051s]       |               ~~~~~~~~~~~~~~~~~~~~~~~~~~~~~~~~~~~~~~~~^~~~~~~~~~~~~~~~~~~~~~~~~~~~~~~~~~~~~~~~~~~~~~~
[33.051s] In file included from /home/robo/jdcobot200_imitation_learning/depth_cam/src/openni2_camera/openni2_camera/include/openni2_camera/openni2_driver.h:39,
[33.051s]                  from /home/robo/jdcobot200_imitation_learning/depth_cam/src/openni2_camera/openni2_camera/src/openni2_driver.cpp:32:
[33.051s] /opt/ros/humble/include/image_transport/image_transport/image_transport.hpp:74:17: note: declared here
[33.051s]    74 | CameraPublisher create_camera_publisher(
[33.051s]       |                 ^~~~~~~~~~~~~~~~~~~~~~~
[33.051s] /home/robo/jdcobot200_imitation_learning/depth_cam/src/openni2_camera/openni2_camera/src/openni2_driver.cpp:190:33: error: ‘struct rclcpp::PublisherEventCallbacks’ has no member named ‘matched_callback’
[33.051s]   190 |     pub_options.event_callbacks.matched_callback =
[33.051s]       |                                 ^~~~~~~~~~~~~~~~
[33.051s] /home/robo/jdcobot200_imitation_learning/depth_cam/src/openni2_camera/openni2_camera/src/openni2_driver.cpp:191:14: error: ‘rclcpp::MatchedInfo’ has not been declared
[33.051s]   191 |       [this](rclcpp::MatchedInfo&)
[33.051s]       |              ^~~~~~
[33.051s] /home/robo/jdcobot200_imitation_learning/depth_cam/src/openni2_camera/openni2_camera/src/openni2_driver.cpp:197:62: error: too many arguments to function ‘image_transport::CameraPublisher image_transport::create_camera_publisher(rclcpp::Node*, const string&, rmw_qos_profile_t)’
[33.051s]   197 |     pub_depth_raw_ = image_transport::create_camera_publisher(this, "depth_raw/image", custom_qos, pub_options);
[33.051s]       |                      ~~~~~~~~~~~~~~~~~~~~~~~~~~~~~~~~~~~~~~~~^~~~~~~~~~~~~~~~~~~~~~~~~~~~~~~~~~~~~~~~~~~~~~~~~~
[33.052s] In file included from /home/robo/jdcobot200_imitation_learning/depth_cam/src/openni2_camera/openni2_camera/include/openni2_camera/openni2_driver.h:39,
[33.052s]                  from /home/robo/jdcobot200_imitation_learning/depth_cam/src/openni2_camera/openni2_camera/src/openni2_driver.cpp:32:
[33.052s] /opt/ros/humble/include/image_transport/image_transport/image_transport.hpp:74:17: note: declared here
[33.052s]    74 | CameraPublisher create_camera_publisher(
[33.052s]       |                 ^~~~~~~~~~~~~~~~~~~~~~~
[33.052s] /home/robo/jdcobot200_imitation_learning/depth_cam/src/openni2_camera/openni2_camera/src/openni2_driver.cpp:198:58: error: too many arguments to function ‘image_transport::CameraPublisher image_transport::create_camera_publisher(rclcpp::Node*, const string&, rmw_qos_profile_t)’
[33.052s]   198 |     pub_depth_ = image_transport::create_camera_publisher(this, "depth/image", custom_qos, pub_options);
[33.052s]       |                  ~~~~~~~~~~~~~~~~~~~~~~~~~~~~~~~~~~~~~~~~^~~~~~~~~~~~~~~~~~~~~~~~~~~~~~~~~~~~~~~~~~~~~~
[33.052s] In file included from /home/robo/jdcobot200_imitation_learning/depth_cam/src/openni2_camera/openni2_camera/include/openni2_camera/openni2_driver.h:39,
[33.052s]                  from /home/robo/jdcobot200_imitation_learning/depth_cam/src/openni2_camera/openni2_camera/src/openni2_driver.cpp:32:
[33.052s] /opt/ros/humble/include/image_transport/image_transport/image_transport.hpp:74:17: note: declared here
[33.052s]    74 | CameraPublisher create_camera_publisher(
[33.052s]       |                 ^~~~~~~~~~~~~~~~~~~~~~~
[33.180s] [ 96%] Linking CXX executable list_devices
[33.248s] [ 96%] Built target list_devices
[33.287s] [ 98%] Linking CXX executable test_wrapper
[33.356s] [ 98%] Built target test_wrapper
[33.671s] gmake[2]: *** [CMakeFiles/openni2_camera_lib.dir/build.make:76: CMakeFiles/openni2_camera_lib.dir/src/openni2_driver.cpp.o] Error 1
[33.671s] gmake[1]: *** [CMakeFiles/Makefile2:656: CMakeFiles/openni2_camera_lib.dir/all] Error 2
[33.671s] gmake: *** [Makefile:146: all] Error 2
[60.051s] Invoked command in '/home/robo/jdcobot200_imitation_learning/depth_cam/build/openni2_camera' returned '2': CMAKE_PREFIX_PATH=/opt/ros/humble /usr/bin/cmake --build /home/robo/jdcobot200_imitation_learning/depth_cam/build/openni2_camera -- -j24 -l24
